******************************************************************************
                  TI ARM Linker PC v18.1.3                     
******************************************************************************
>> Linked Sun Oct 28 17:25:44 2018

OUTPUT FILE NAME:   <IoT_Project.out>
ENTRY POINT SYMBOL: "_c_int00_noargs"  address: 000038f1


MEMORY CONFIGURATION

         name            origin    length      used     unused   attr    fill
----------------------  --------  ---------  --------  --------  ----  --------
  MAIN                  00000000   00040000  00003e21  0003c1df  R  X
  INFO                  00200000   00004000  00000000  00004000  R  X
  SRAM_CODE             01000000   00010000  000009bc  0000f644  RW X
  SRAM_DATA             20000000   00010000  000009bc  0000f644  RW  


SEGMENT ALLOCATION MAP

run origin  load origin   length   init length attrs members
----------  ----------- ---------- ----------- ----- -------
00000000    00000000    00003e28   00003e28    r-x
  00000000    00000000    000000e4   000000e4    r-- .intvecs
  000000e4    000000e4    00003b74   00003b74    r-x .text
  00003c58    00003c58    00000131   00000131    r-- .const
  00003d90    00003d90    00000098   00000098    r-- .cinit
20000000    20000000    000007bc   00000000    rw-
  20000000    20000000    00000400   00000000    rw- .sysmem
  20000400    20000400    000001f4   00000000    rw- .data
  200005f4    200005f4    000001c8   00000000    rw- .bss
2000fe00    2000fe00    00000200   00000000    rw-
  2000fe00    2000fe00    00000200   00000000    rw- .stack


SECTION ALLOCATION MAP

 output                                  attributes/
section   page    origin      length       input sections
--------  ----  ----------  ----------   ----------------
.intvecs   0    00000000    000000e4     
                  00000000    000000e4     startup_msp432p401r_ccs.obj (.intvecs:retain)

.text      0    000000e4    00003b74     
                  000000e4    00000a5e     rtsv7M4_T_le_v4SPD16_eabi.lib : _printfi.c.obj (.text:__TI_printfi)
                  00000b42    00000002                                   : _lock.c.obj (.text:_nop)
                  00000b44    000005f0     LCD.obj (.text)
                  00001134    00000334     system_msp432p401r.obj (.text)
                  00001468    000002e8     keypad.obj (.text)
                  00001750    00000270     rtsv7M4_T_le_v4SPD16_eabi.lib : _printfi.c.obj (.text:_pconv_a)
                  000019c0    0000024c     main.obj (.text)
                  00001c0c    000001d0     rtsv7M4_T_le_v4SPD16_eabi.lib : _printfi.c.obj (.text:_pconv_g)
                  00001ddc    000001b6                                   : fd_add_t2.asm.obj (.text)
                  00001f92    00000002                                   : div0.asm.obj (.text)
                  00001f94    0000013c                                   : _printfi.c.obj (.text:_pconv_e)
                  000020d0    00000136                                   : fd_div_t2.asm.obj (.text)
                  00002206    00000002     --HOLE-- [fill = 0]
                  00002208    00000120                                   : _printfi.c.obj (.text:fcvt)
                  00002328    00000114                                   : fputs.c.obj (.text:fputs)
                  0000243c    00000110                                   : s_scalbn.c.obj (.text:scalbn)
                  0000254c    0000010c     lights.obj (.text)
                  00002658    000000fc     rtsv7M4_T_le_v4SPD16_eabi.lib : fd_mul_t2.asm.obj (.text)
                  00002754    000000e4     fan.obj (.text)
                  00002838    000000dc     rtsv7M4_T_le_v4SPD16_eabi.lib : setvbuf.c.obj (.text:setvbuf)
                  00002914    000000d8                                   : memory.c.obj (.text:free)
                  000029ec    000000b1                                   : _printfi.c.obj (.text:_ltostr)
                  00002a9d    00000003     --HOLE-- [fill = 0]
                  00002aa0    000000b0     door.obj (.text)
                  00002b50    0000009c     rtsv7M4_T_le_v4SPD16_eabi.lib : memcpy_t2.asm.obj (.text)
                  00002bec    0000009c     timers.obj (.text)
                  00002c88    00000096     rtsv7M4_T_le_v4SPD16_eabi.lib : ull_div_t2.asm.obj (.text)
                  00002d1e    00000002     --HOLE-- [fill = 0]
                  00002d20    0000008c                                   : fputc.c.obj (.text:fputc)
                  00002dac    00000086                                   : fd_cmp_t2.asm.obj (.text:__aeabi_cdcmple)
                  00002e32    00000086                                   : fd_cmp_t2.asm.obj (.text:__aeabi_cdrcmple)
                  00002eb8    0000007a                                   : memset_t2.asm.obj (.text)
                  00002f32    00000002     --HOLE-- [fill = 0]
                  00002f34    00000078                                   : memory.c.obj (.text:malloc)
                  00002fac    00000074                                   : fclose.c.obj (.text:__TI_closefile)
                  00003020    0000006e                                   : _printfi.c.obj (.text:_mcpy)
                  0000308e    00000002     --HOLE-- [fill = 0]
                  00003090    00000068                                   : hostlseek.c.obj (.text:HOSTlseek)
                  000030f8    00000068                                   : hostrename.c.obj (.text:HOSTrename)
                  00003160    00000068                                   : copy_decompress_lzss.c.obj (.text:decompress:lzss:__TI_decompress_lzss)
                  000031c8    00000068                                   : printf.c.obj (.text:printf)
                  00003230    00000064                                   : s_frexp.c.obj (.text:frexp)
                  00003294    00000064                                   : fseek.c.obj (.text:fseek)
                  000032f8    00000062                                   : _io_perm.c.obj (.text:__TI_wrt_ok)
                  0000335a    00000002     --HOLE-- [fill = 0]
                  0000335c    00000060                                   : hostopen.c.obj (.text:HOSTopen)
                  000033bc    0000005c                                   : close.c.obj (.text:close)
                  00003418    00000058                                   : hostread.c.obj (.text:HOSTread)
                  00003470    00000058                                   : hostwrite.c.obj (.text:HOSTwrite)
                  000034c8    00000056                                   : _printfi.c.obj (.text:_pconv_f)
                  0000351e    00000054                                   : ltoa.c.obj (.text:ltoa)
                  00003572    00000052                                   : _printfi.c.obj (.text:_ecpy)
                  000035c4    0000004c                                   : fflush.c.obj (.text:__TI_doflush)
                  00003610    0000004c                                   : atoi.c.obj (.text:atoi)
                  0000365c    00000048                                   : exit.c.obj (.text:exit)
                  000036a4    00000048                                   : fd_toi_t2.asm.obj (.text)
                  000036ec    00000044                                   : hostclose.c.obj (.text:HOSTclose)
                  00003730    00000044                                   : hostunlink.c.obj (.text:HOSTunlink)
                  00003774    00000044                                   : autoinit.c.obj (.text:__TI_auto_init_nobinit_nopinit:__TI_auto_init_nobinit_nopinit)
                  000037b8    00000044                                   : getdevice.c.obj (.text:getdevice)
                  000037fc    00000040                                   : sprintf.c.obj (.text:sprintf)
                  0000383c    0000003e                                   : _printfi.c.obj (.text:_fcpy)
                  0000387a    00000002     --HOLE-- [fill = 0]
                  0000387c    0000003c                                   : memory.c.obj (.text:minsert)
                  000038b8    00000038                                   : trgmsg.c.obj (.text:__TI_writemsg)
                  000038f0    00000038                                   : boot_cortex_m.c.obj (.text:_c_int00_noargs:_c_int00_noargs)
                  00003928    00000038                                   : memory.c.obj (.text:minit)
                  00003960    00000036                                   : strncpy.c.obj (.text:strncpy)
                  00003996    00000002     --HOLE-- [fill = 0]
                  00003998    00000034                                   : fopen.c.obj (.text:__TI_cleanup)
                  000039cc    00000034                                   : trgmsg.c.obj (.text:__TI_readmsg)
                  00003a00    00000034                                   : rand.c.obj (.text:rand)
                  00003a34    00000030                                   : getdevice.c.obj (.text:finddevice)
                  00003a64    0000002e                                   : i_tofd_t2.asm.obj (.text)
                  00003a92    00000002     --HOLE-- [fill = 0]
                  00003a94    0000002c                                   : unlink.c.obj (.text:unlink)
                  00003ac0    00000028                                   : lseek.c.obj (.text:lseek)
                  00003ae8    00000028                                   : memory.c.obj (.text:mremove)
                  00003b10    00000028                                   : write.c.obj (.text:write)
                  00003b38    00000020                                   : memchr.c.obj (.text:memchr)
                  00003b58    0000001c                                   : memccpy.c.obj (.text:memccpy)
                  00003b74    00000018                                   : sprintf.c.obj (.text:_outs)
                  00003b8c    00000018                                   : strcmp.c.obj (.text:strcmp)
                  00003ba4    00000016                                   : strchr.c.obj (.text:strchr)
                  00003bba    00000014                                   : s_copysign.c.obj (.text:copysign)
                  00003bce    00000014                                   : strcpy.c.obj (.text:strcpy)
                  00003be2    00000014                                   : strlen.c.obj (.text:strlen)
                  00003bf6    00000012                                   : copy_zero_init.c.obj (.text:decompress:ZI:__TI_zero_init_nomemset:__TI_zero_init_nomemset)
                  00003c08    00000012                                   : wcslen.c.obj (.text:wcslen)
                  00003c1a    0000000e                                   : copy_decompress_none.c.obj (.text:decompress:none:__TI_decompress_none)
                  00003c28    0000000e     startup_msp432p401r_ccs.obj (.text)
                  00003c36    0000000a     rtsv7M4_T_le_v4SPD16_eabi.lib : sprintf.c.obj (.text:_outc)
                  00003c40    00000008                                   : errno.c.obj (.text:__aeabi_errno_addr)
                  00003c48    00000004                                   : printf.c.obj (.text:_outc)
                  00003c4c    00000004                                   : printf.c.obj (.text:_outs)
                  00003c50    00000004                                   : pre_init.c.obj (.text:_system_pre_init)
                  00003c54    00000004                                   : exit.c.obj (.text:abort:abort)

.const     0    00003c58    00000131     
                  00003c58    00000101     rtsv7M4_T_le_v4SPD16_eabi.lib : ctype.c.obj (.const:.string:_ctypes_)
                  00003d59    00000010     LCD.obj (.const:.string:$P$T0$1)
                  00003d69    00000010     LCD.obj (.const:.string:$P$T1$2)
                  00003d79    00000010     LCD.obj (.const:.string:$P$T2$3)

.cinit     0    00003d90    00000098     
                  00003d90    00000073     (.cinit..data.load) [load image, compression = lzss]
                  00003e03    00000001     --HOLE-- [fill = 0]
                  00003e04    0000000c     (__TI_handler_table)
                  00003e10    00000008     (.cinit..bss.load) [load image, compression = zero_init]
                  00003e18    00000010     (__TI_cinit_table)

.init_array 
*          0    00000000    00000000     UNINITIALIZED

.binit     0    00000000    00000000     

.sysmem    0    20000000    00000400     UNINITIALIZED
                  20000000    00000008     rtsv7M4_T_le_v4SPD16_eabi.lib : memory.c.obj (.sysmem)
                  20000008    000003f8     --HOLE--

.data      0    20000400    000001f4     UNINITIALIZED
                  20000400    000000f0     rtsv7M4_T_le_v4SPD16_eabi.lib : defs.c.obj (.data:_ftable)
                  200004f0    00000078                                   : write.c.obj (.data:_device)
                  20000568    00000050                                   : write.c.obj (.data:_stream)
                  200005b8    00000010                                   : defs.c.obj (.data)
                  200005c8    0000000c                                   : exit.c.obj (.data:$O1$$)
                  200005d4    0000000c                                   : memory.c.obj (.data:$O1$$)
                  200005e0    00000008                                   : _lock.c.obj (.data:$O1$$)
                  200005e8    00000004                                   : errno.c.obj (.data)
                  200005ec    00000004                                   : rand.c.obj (.data)
                  200005f0    00000004     system_msp432p401r.obj (.data)

.bss       0    200005f4    000001c8     UNINITIALIZED
                  200005f4    00000120     rtsv7M4_T_le_v4SPD16_eabi.lib : trgmsg.c.obj (.bss:_CIOBUF_)
                  20000714    000000a0     (.common:__TI_tmpnams)
                  200007b4    00000008     (.common:parmbuf)

.stack     0    2000fe00    00000200     UNINITIALIZED
                  2000fe00    00000004     rtsv7M4_T_le_v4SPD16_eabi.lib : boot_cortex_m.c.obj (.stack)
                  2000fe04    000001fc     --HOLE--

MODULE SUMMARY

       Module                        code    ro data   rw data
       ------                        ----    -------   -------
    .\
       LCD.obj                       1520    48        0      
       system_msp432p401r.obj        820     0         8      
       keypad.obj                    744     0         0      
       main.obj                      588     0         0      
       lights.obj                    268     0         0      
       startup_msp432p401r_ccs.obj   14      228       0      
       fan.obj                       228     0         0      
       door.obj                      176     0         0      
       timers.obj                    156     0         0      
    +--+-----------------------------+-------+---------+---------+
       Total:                        4514    276       8      
                                                              
    C:\ti\ccsv8\tools\compiler\ti-cgt-arm_18.1.3.LTS\lib\rtsv7M4_T_le_v4SPD16_eabi.lib
       _printfi.c.obj                4863    0         0      
       defs.c.obj                    0       0         832    
       trgmsg.c.obj                  108     0         576    
       memory.c.obj                  492     0         24     
       write.c.obj                   40      0         400    
       fd_add_t2.asm.obj             438     0         0      
       fd_div_t2.asm.obj             310     0         0      
       fputs.c.obj                   276     0         0      
       s_scalbn.c.obj                272     0         0      
       fd_cmp_t2.asm.obj             268     0         0      
       ctype.c.obj                   0       257       0      
       fd_mul_t2.asm.obj             252     0         0      
       setvbuf.c.obj                 220     0         0      
       memcpy_t2.asm.obj             156     0         0      
       ull_div_t2.asm.obj            150     0         0      
       fputc.c.obj                   140     0         0      
       memset_t2.asm.obj             122     0         0      
       fclose.c.obj                  116     0         0      
       getdevice.c.obj               116     0         0      
       hostopen.c.obj                96      0         16     
       printf.c.obj                  112     0         0      
       copy_decompress_lzss.c.obj    104     0         0      
       hostlseek.c.obj               104     0         0      
       hostrename.c.obj              104     0         0      
       exit.c.obj                    76      0         24     
       fseek.c.obj                   100     0         0      
       s_frexp.c.obj                 100     0         0      
       _io_perm.c.obj                98      0         0      
       sprintf.c.obj                 98      0         0      
       close.c.obj                   92      0         0      
       hostread.c.obj                88      0         0      
       hostwrite.c.obj               88      0         0      
       ltoa.c.obj                    84      0         0      
       atoi.c.obj                    76      0         0      
       fflush.c.obj                  76      0         0      
       fd_toi_t2.asm.obj             72      0         0      
       autoinit.c.obj                68      0         0      
       hostclose.c.obj               68      0         0      
       hostunlink.c.obj              68      0         0      
       rand.c.obj                    52      0         8      
       boot_cortex_m.c.obj           56      0         0      
       strncpy.c.obj                 54      0         0      
       fopen.c.obj                   52      0         0      
       i_tofd_t2.asm.obj             46      0         0      
       unlink.c.obj                  44      0         0      
       lseek.c.obj                   40      0         0      
       memchr.c.obj                  32      0         0      
       memccpy.c.obj                 28      0         0      
       strcmp.c.obj                  24      0         0      
       strchr.c.obj                  22      0         0      
       s_copysign.c.obj              20      0         0      
       strcpy.c.obj                  20      0         0      
       strlen.c.obj                  20      0         0      
       _lock.c.obj                   2       0         16     
       copy_zero_init.c.obj          18      0         0      
       wcslen.c.obj                  18      0         0      
       errno.c.obj                   8       0         8      
       copy_decompress_none.c.obj    14      0         0      
       pre_init.c.obj                4       0         0      
       div0.asm.obj                  2       0         0      
    +--+-----------------------------+-------+---------+---------+
       Total:                        10687   257       1904   
                                                              
       Heap:                         0       0         2048   
       Stack:                        0       0         1024   
       Linker Generated:             0       151       0      
    +--+-----------------------------+-------+---------+---------+
       Grand Total:                  15201   684       4984   


LINKER GENERATED COPY TABLES

__TI_cinit_table @ 00003e18 records: 2, size/record: 8, table size: 16
	.data: load addr=00003d90, load size=00000073 bytes, run addr=20000400, run size=000001f4 bytes, compression=lzss
	.bss: load addr=00003e10, load size=00000008 bytes, run addr=200005f4, run size=000001c8 bytes, compression=zero_init


LINKER GENERATED HANDLER TABLE

__TI_handler_table @ 00003e04 records: 3, size/record: 4, table size: 12
	index: 0, handler: __TI_decompress_lzss
	index: 1, handler: __TI_decompress_none
	index: 2, handler: __TI_zero_init


GLOBAL SYMBOLS: SORTED ALPHABETICALLY BY Name 

address   name                           
-------   ----                           
00003c35  ADC14_IRQHandler               
00003c35  AES256_IRQHandler              
00003c35  BusFault_Handler               
00003c55  C$$EXIT                        
000038e7  C$$IO$$                        
00003c35  COMP_E0_IRQHandler             
00003c35  COMP_E1_IRQHandler             
00003c35  CS_IRQHandler                  
00003c35  DMA_ERR_IRQHandler             
00003c35  DMA_INT0_IRQHandler            
00003c35  DMA_INT1_IRQHandler            
00003c35  DMA_INT2_IRQHandler            
00003c35  DMA_INT3_IRQHandler            
00003c35  DebugMon_Handler               
00003c35  Default_Handler                
00003c35  EUSCIA0_IRQHandler             
00003c35  EUSCIA1_IRQHandler             
00003c35  EUSCIA2_IRQHandler             
00003c35  EUSCIA3_IRQHandler             
00003c35  EUSCIB0_IRQHandler             
00003c35  EUSCIB1_IRQHandler             
00003c35  EUSCIB2_IRQHandler             
00003c35  EUSCIB3_IRQHandler             
00003c35  FLCTL_IRQHandler               
00003c35  FPU_IRQHandler                 
000036ed  HOSTclose                      
00003091  HOSTlseek                      
0000335d  HOSTopen                       
00003419  HOSTread                       
000030f9  HOSTrename                     
00003731  HOSTunlink                     
00003471  HOSTwrite                      
00003c35  HardFault_Handler              
00003c35  MemManage_Handler              
00003c35  NMI_Handler                    
00003c35  PCM_IRQHandler                 
00003c35  PORT1_IRQHandler               
00003c35  PORT2_IRQHandler               
00001b9b  PORT3_IRQHandler               
00001b9b  PORT3_IRQHandler               
00003c35  PORT4_IRQHandler               
00003c35  PORT5_IRQHandler               
00003c35  PORT6_IRQHandler               
00003c35  PSS_IRQHandler                 
00003c35  PendSV_Handler                 
00003c35  RTC_C_IRQHandler               
00003c29  Reset_Handler                  
00003c35  SVC_Handler                    
00003c35  SysTick_Handler                
200005f0  SystemCoreClock                
00001135  SystemCoreClockUpdate          
000013ad  SystemInit                     
00003c35  T32_INT1_IRQHandler            
00003c35  T32_INT2_IRQHandler            
00003c35  T32_INTC_IRQHandler            
00003c35  TA0_0_IRQHandler               
00003c35  TA0_N_IRQHandler               
00003c35  TA1_0_IRQHandler               
00003c35  TA1_N_IRQHandler               
00003c35  TA2_0_IRQHandler               
00003c35  TA2_N_IRQHandler               
00003c35  TA3_0_IRQHandler               
00003c35  TA3_N_IRQHandler               
00003c35  UsageFault_Handler             
4000480c  WDTCTL_SYM                     
00003c35  WDT_A_IRQHandler               
200005f4  __CIOBUF_                      
20010000  __STACK_END                    
00000200  __STACK_SIZE                   
00000400  __SYSMEM_SIZE                  
00003e18  __TI_CINIT_Base                
00003e28  __TI_CINIT_Limit               
00003e04  __TI_Handler_Table_Base        
00003e10  __TI_Handler_Table_Limit       
00003775  __TI_auto_init_nobinit_nopinit 
00003999  __TI_cleanup                   
200005c8  __TI_cleanup_ptr               
00002fad  __TI_closefile                 
00003161  __TI_decompress_lzss           
00003c1b  __TI_decompress_none           
000035c5  __TI_doflush                   
200005cc  __TI_dtors_ptr                 
200005d0  __TI_enable_exit_profile_output
200005b8  __TI_ft_end                    
ffffffff  __TI_pprof_out_hndl            
000000e5  __TI_printfi                   
ffffffff  __TI_prof_data_size            
ffffffff  __TI_prof_data_start           
000039cd  __TI_readmsg                   
00000000  __TI_static_base__             
20000714  __TI_tmpnams                   
000038b9  __TI_writemsg                  
000032f9  __TI_wrt_ok                    
00003bf7  __TI_zero_init_nomemset        
00002dad  __aeabi_cdcmpeq                
00002dad  __aeabi_cdcmple                
00002e33  __aeabi_cdrcmple               
000036a5  __aeabi_d2iz                   
00001de7  __aeabi_dadd                   
000020d1  __aeabi_ddiv                   
00002659  __aeabi_dmul                   
00001ddd  __aeabi_dsub                   
00003c41  __aeabi_errno_addr             
00003a65  __aeabi_i2d                    
00001f93  __aeabi_idiv0                  
00001f93  __aeabi_ldiv0                  
00002eb9  __aeabi_memclr                 
00002eb9  __aeabi_memclr4                
00002eb9  __aeabi_memclr8                
00002b51  __aeabi_memcpy                 
00002b51  __aeabi_memcpy4                
00002b51  __aeabi_memcpy8                
00002ebb  __aeabi_memset                 
00002ebb  __aeabi_memset4                
00002ebb  __aeabi_memset8                
200005c4  __aeabi_stderr                 
200005bc  __aeabi_stdin                  
200005c0  __aeabi_stdout                 
00002c89  __aeabi_uldivmod               
ffffffff  __binit__                      
ffffffff  __c_args__                     
UNDEFED   __mpu_init                     
2000fe00  __stack                        
000038f1  _c_int00_noargs                
00003c58  _ctypes_                       
200004f0  _device                        
20000400  _ftable                        
200005e0  _lock                          
00000b43  _nop                           
20000568  _stream                        
20000000  _sys_memory                    
UNDEFED   _system_post_cinit             
00003c51  _system_pre_init               
200005e4  _unlock                        
00003c55  abort                          
00003611  atoi                           
ffffffff  binit                          
000033bd  close                          
00002b19  closeDoor                      
00001609  collectPulse                   
00003bbb  copysign                       
00003bbb  copysignl                      
00002c09  delay_mS                       
00002c33  delay_uS                       
00000daf  display                        
00000e27  displayDC                      
00000e5d  displayPulse                   
00001a61  door                           
00000ed9  doorMenu                       
200005e8  errno                          
0000365d  exit                           
00003a35  finddevice                     
00002d21  fputc                          
00002329  fputs                          
00002915  free                           
00003231  frexp                          
00003231  frexpl                         
00003295  fseek                          
000037b9  getdevice                      
00002aa1  initDoor                       
00002755  initFan                        
00001469  initKeypad                     
00000b45  initLCD                        
0000254d  initLights                     
00002bed  initSystick                    
00002c5b  initTimerA2_50Hz               
00000000  interruptVectors               
00000f6d  invalidKey                     
0000243d  ldexp                          
0000243d  ldexpl                         
00001aa5  lights                         
00000f25  lightsMenu                     
00000f49  lightsPulseMenu                
00003ac1  lseek                          
0000351f  ltoa                           
000019ed  main                           
00000ead  mainMenu                       
00002f35  malloc                         
00003b59  memccpy                        
00003b39  memchr                         
00002b51  memcpy                         
00002ec1  memset                         
00003929  minit                          
00001b65  motor                          
00000efd  motorPulseMenu                 
00002afb  openDoor                       
200007b4  parmbuf                        
000015b7  printKeypad                    
000031c9  printf                         
00000bf7  pulseEnable                    
00000c53  pushByte                       
00000c2b  pushNibble                     
00002d21  putc                           
000025ab  pwmBlue                        
00002603  pwmGreen                       
000025d7  pwmRed                         
00003a01  rand                           
00001491  readKeypad                     
00003a95  remove                         
000027d1  runFan                         
0000243d  scalbn                         
0000243d  scalbnl                        
00000cc7  screenSaver                    
00002839  setvbuf                        
000037fd  sprintf                        
000027fd  stopFan                        
00003ba5  strchr                         
00003b8d  strcmp                         
00003bcf  strcpy                         
00003be3  strlen                         
00003961  strncpy                        
00003a95  unlink                         
00003c09  wcslen                         
00003b11  write                          
00000ca1  writeCommand                   
00000c7b  writeData                      


GLOBAL SYMBOLS: SORTED BY Symbol Address 

address   name                           
-------   ----                           
00000000  __TI_static_base__             
00000000  interruptVectors               
000000e5  __TI_printfi                   
00000200  __STACK_SIZE                   
00000400  __SYSMEM_SIZE                  
00000b43  _nop                           
00000b45  initLCD                        
00000bf7  pulseEnable                    
00000c2b  pushNibble                     
00000c53  pushByte                       
00000c7b  writeData                      
00000ca1  writeCommand                   
00000cc7  screenSaver                    
00000daf  display                        
00000e27  displayDC                      
00000e5d  displayPulse                   
00000ead  mainMenu                       
00000ed9  doorMenu                       
00000efd  motorPulseMenu                 
00000f25  lightsMenu                     
00000f49  lightsPulseMenu                
00000f6d  invalidKey                     
00001135  SystemCoreClockUpdate          
000013ad  SystemInit                     
00001469  initKeypad                     
00001491  readKeypad                     
000015b7  printKeypad                    
00001609  collectPulse                   
000019ed  main                           
00001a61  door                           
00001aa5  lights                         
00001b65  motor                          
00001b9b  PORT3_IRQHandler               
00001b9b  PORT3_IRQHandler               
00001ddd  __aeabi_dsub                   
00001de7  __aeabi_dadd                   
00001f93  __aeabi_idiv0                  
00001f93  __aeabi_ldiv0                  
000020d1  __aeabi_ddiv                   
00002329  fputs                          
0000243d  ldexp                          
0000243d  ldexpl                         
0000243d  scalbn                         
0000243d  scalbnl                        
0000254d  initLights                     
000025ab  pwmBlue                        
000025d7  pwmRed                         
00002603  pwmGreen                       
00002659  __aeabi_dmul                   
00002755  initFan                        
000027d1  runFan                         
000027fd  stopFan                        
00002839  setvbuf                        
00002915  free                           
00002aa1  initDoor                       
00002afb  openDoor                       
00002b19  closeDoor                      
00002b51  __aeabi_memcpy                 
00002b51  __aeabi_memcpy4                
00002b51  __aeabi_memcpy8                
00002b51  memcpy                         
00002bed  initSystick                    
00002c09  delay_mS                       
00002c33  delay_uS                       
00002c5b  initTimerA2_50Hz               
00002c89  __aeabi_uldivmod               
00002d21  fputc                          
00002d21  putc                           
00002dad  __aeabi_cdcmpeq                
00002dad  __aeabi_cdcmple                
00002e33  __aeabi_cdrcmple               
00002eb9  __aeabi_memclr                 
00002eb9  __aeabi_memclr4                
00002eb9  __aeabi_memclr8                
00002ebb  __aeabi_memset                 
00002ebb  __aeabi_memset4                
00002ebb  __aeabi_memset8                
00002ec1  memset                         
00002f35  malloc                         
00002fad  __TI_closefile                 
00003091  HOSTlseek                      
000030f9  HOSTrename                     
00003161  __TI_decompress_lzss           
000031c9  printf                         
00003231  frexp                          
00003231  frexpl                         
00003295  fseek                          
000032f9  __TI_wrt_ok                    
0000335d  HOSTopen                       
000033bd  close                          
00003419  HOSTread                       
00003471  HOSTwrite                      
0000351f  ltoa                           
000035c5  __TI_doflush                   
00003611  atoi                           
0000365d  exit                           
000036a5  __aeabi_d2iz                   
000036ed  HOSTclose                      
00003731  HOSTunlink                     
00003775  __TI_auto_init_nobinit_nopinit 
000037b9  getdevice                      
000037fd  sprintf                        
000038b9  __TI_writemsg                  
000038e7  C$$IO$$                        
000038f1  _c_int00_noargs                
00003929  minit                          
00003961  strncpy                        
00003999  __TI_cleanup                   
000039cd  __TI_readmsg                   
00003a01  rand                           
00003a35  finddevice                     
00003a65  __aeabi_i2d                    
00003a95  remove                         
00003a95  unlink                         
00003ac1  lseek                          
00003b11  write                          
00003b39  memchr                         
00003b59  memccpy                        
00003b8d  strcmp                         
00003ba5  strchr                         
00003bbb  copysign                       
00003bbb  copysignl                      
00003bcf  strcpy                         
00003be3  strlen                         
00003bf7  __TI_zero_init_nomemset        
00003c09  wcslen                         
00003c1b  __TI_decompress_none           
00003c29  Reset_Handler                  
00003c35  ADC14_IRQHandler               
00003c35  AES256_IRQHandler              
00003c35  BusFault_Handler               
00003c35  COMP_E0_IRQHandler             
00003c35  COMP_E1_IRQHandler             
00003c35  CS_IRQHandler                  
00003c35  DMA_ERR_IRQHandler             
00003c35  DMA_INT0_IRQHandler            
00003c35  DMA_INT1_IRQHandler            
00003c35  DMA_INT2_IRQHandler            
00003c35  DMA_INT3_IRQHandler            
00003c35  DebugMon_Handler               
00003c35  Default_Handler                
00003c35  EUSCIA0_IRQHandler             
00003c35  EUSCIA1_IRQHandler             
00003c35  EUSCIA2_IRQHandler             
00003c35  EUSCIA3_IRQHandler             
00003c35  EUSCIB0_IRQHandler             
00003c35  EUSCIB1_IRQHandler             
00003c35  EUSCIB2_IRQHandler             
00003c35  EUSCIB3_IRQHandler             
00003c35  FLCTL_IRQHandler               
00003c35  FPU_IRQHandler                 
00003c35  HardFault_Handler              
00003c35  MemManage_Handler              
00003c35  NMI_Handler                    
00003c35  PCM_IRQHandler                 
00003c35  PORT1_IRQHandler               
00003c35  PORT2_IRQHandler               
00003c35  PORT4_IRQHandler               
00003c35  PORT5_IRQHandler               
00003c35  PORT6_IRQHandler               
00003c35  PSS_IRQHandler                 
00003c35  PendSV_Handler                 
00003c35  RTC_C_IRQHandler               
00003c35  SVC_Handler                    
00003c35  SysTick_Handler                
00003c35  T32_INT1_IRQHandler            
00003c35  T32_INT2_IRQHandler            
00003c35  T32_INTC_IRQHandler            
00003c35  TA0_0_IRQHandler               
00003c35  TA0_N_IRQHandler               
00003c35  TA1_0_IRQHandler               
00003c35  TA1_N_IRQHandler               
00003c35  TA2_0_IRQHandler               
00003c35  TA2_N_IRQHandler               
00003c35  TA3_0_IRQHandler               
00003c35  TA3_N_IRQHandler               
00003c35  UsageFault_Handler             
00003c35  WDT_A_IRQHandler               
00003c41  __aeabi_errno_addr             
00003c51  _system_pre_init               
00003c55  C$$EXIT                        
00003c55  abort                          
00003c58  _ctypes_                       
00003e04  __TI_Handler_Table_Base        
00003e10  __TI_Handler_Table_Limit       
00003e18  __TI_CINIT_Base                
00003e28  __TI_CINIT_Limit               
20000000  _sys_memory                    
20000400  _ftable                        
200004f0  _device                        
20000568  _stream                        
200005b8  __TI_ft_end                    
200005bc  __aeabi_stdin                  
200005c0  __aeabi_stdout                 
200005c4  __aeabi_stderr                 
200005c8  __TI_cleanup_ptr               
200005cc  __TI_dtors_ptr                 
200005d0  __TI_enable_exit_profile_output
200005e0  _lock                          
200005e4  _unlock                        
200005e8  errno                          
200005f0  SystemCoreClock                
200005f4  __CIOBUF_                      
20000714  __TI_tmpnams                   
200007b4  parmbuf                        
2000fe00  __stack                        
20010000  __STACK_END                    
4000480c  WDTCTL_SYM                     
ffffffff  __TI_pprof_out_hndl            
ffffffff  __TI_prof_data_size            
ffffffff  __TI_prof_data_start           
ffffffff  __binit__                      
ffffffff  __c_args__                     
ffffffff  binit                          
UNDEFED   __mpu_init                     
UNDEFED   _system_post_cinit             

[216 symbols]
