******************************************************************************
                  TI ARM Linker PC v18.1.3                     
******************************************************************************
>> Linked Mon Oct 22 14:53:36 2018

OUTPUT FILE NAME:   <IoT_Project.out>
ENTRY POINT SYMBOL: "_c_int00_noargs"  address: 000034a9


MEMORY CONFIGURATION

         name            origin    length      used     unused   attr    fill
----------------------  --------  ---------  --------  --------  ----  --------
  MAIN                  00000000   00040000  00003955  0003c6ab  R  X
  INFO                  00200000   00004000  00000000  00004000  R  X
  SRAM_CODE             01000000   00010000  000009b8  0000f648  RW X
  SRAM_DATA             20000000   00010000  000009b8  0000f648  RW  


SEGMENT ALLOCATION MAP

run origin  load origin   length   init length attrs members
----------  ----------- ---------- ----------- ----- -------
00000000    00000000    00003958   00003958    r-x
  00000000    00000000    000000e4   000000e4    r-- .intvecs
  000000e4    000000e4    000036d8   000036d8    r-x .text
  000037bc    000037bc    00000101   00000101    r-- .const
  000038c0    000038c0    00000098   00000098    r-- .cinit
20000000    20000000    000007b8   00000000    rw-
  20000000    20000000    00000400   00000000    rw- .sysmem
  20000400    20000400    000001f0   00000000    rw- .data
  200005f0    200005f0    000001c8   00000000    rw- .bss
2000fe00    2000fe00    00000200   00000000    rw-
  2000fe00    2000fe00    00000200   00000000    rw- .stack


SECTION ALLOCATION MAP

 output                                  attributes/
section   page    origin      length       input sections
--------  ----  ----------  ----------   ----------------
.intvecs   0    00000000    000000e4     
                  00000000    000000e4     startup_msp432p401r_ccs.obj (.intvecs:retain)

.text      0    000000e4    000036d8     
                  000000e4    00000a5e     rtsv7M4_T_le_v4SPD16_eabi.lib : _printfi.c.obj (.text:__TI_printfi)
                  00000b42    00000002                                   : _lock.c.obj (.text:_nop)
                  00000b44    00000370     LCD.obj (.text)
                  00000eb4    00000334     system_msp432p401r.obj (.text)
                  000011e8    00000310     keypad.obj (.text)
                  000014f8    00000270     rtsv7M4_T_le_v4SPD16_eabi.lib : _printfi.c.obj (.text:_pconv_a)
                  00001768    000001d0                                   : _printfi.c.obj (.text:_pconv_g)
                  00001938    000001b6                                   : fd_add_t2.asm.obj (.text)
                  00001aee    00000002                                   : div0.asm.obj (.text)
                  00001af0    00000198     timers.obj (.text)
                  00001c88    0000016c     myIoT_devices.obj (.text)
                  00001df4    0000013c     rtsv7M4_T_le_v4SPD16_eabi.lib : _printfi.c.obj (.text:_pconv_e)
                  00001f30    00000136                                   : fd_div_t2.asm.obj (.text)
                  00002066    00000002     --HOLE-- [fill = 0]
                  00002068    00000120                                   : _printfi.c.obj (.text:fcvt)
                  00002188    00000114                                   : fputs.c.obj (.text:fputs)
                  0000229c    00000110                                   : s_scalbn.c.obj (.text:scalbn)
                  000023ac    000000fc                                   : fd_mul_t2.asm.obj (.text)
                  000024a8    000000dc                                   : setvbuf.c.obj (.text:setvbuf)
                  00002584    000000d8                                   : memory.c.obj (.text:free)
                  0000265c    000000d8     main.obj (.text)
                  00002734    000000b1     rtsv7M4_T_le_v4SPD16_eabi.lib : _printfi.c.obj (.text:_ltostr)
                  000027e5    00000001     --HOLE-- [fill = 0]
                  000027e6    0000009c                                   : memcpy_t2.asm.obj (.text)
                  00002882    00000096                                   : ull_div_t2.asm.obj (.text)
                  00002918    0000008c                                   : fputc.c.obj (.text:fputc)
                  000029a4    00000086                                   : fd_cmp_t2.asm.obj (.text:__aeabi_cdcmple)
                  00002a2a    00000086                                   : fd_cmp_t2.asm.obj (.text:__aeabi_cdrcmple)
                  00002ab0    0000007a                                   : memset_t2.asm.obj (.text)
                  00002b2a    00000002     --HOLE-- [fill = 0]
                  00002b2c    00000078                                   : memory.c.obj (.text:malloc)
                  00002ba4    00000074                                   : fclose.c.obj (.text:__TI_closefile)
                  00002c18    0000006e                                   : _printfi.c.obj (.text:_mcpy)
                  00002c86    00000002     --HOLE-- [fill = 0]
                  00002c88    00000068                                   : hostlseek.c.obj (.text:HOSTlseek)
                  00002cf0    00000068                                   : hostrename.c.obj (.text:HOSTrename)
                  00002d58    00000068                                   : copy_decompress_lzss.c.obj (.text:decompress:lzss:__TI_decompress_lzss)
                  00002dc0    00000068                                   : printf.c.obj (.text:printf)
                  00002e28    00000064                                   : s_frexp.c.obj (.text:frexp)
                  00002e8c    00000064                                   : fseek.c.obj (.text:fseek)
                  00002ef0    00000062                                   : _io_perm.c.obj (.text:__TI_wrt_ok)
                  00002f52    00000002     --HOLE-- [fill = 0]
                  00002f54    00000060                                   : hostopen.c.obj (.text:HOSTopen)
                  00002fb4    0000005c                                   : close.c.obj (.text:close)
                  00003010    00000058                                   : hostread.c.obj (.text:HOSTread)
                  00003068    00000058                                   : hostwrite.c.obj (.text:HOSTwrite)
                  000030c0    00000056                                   : _printfi.c.obj (.text:_pconv_f)
                  00003116    00000054                                   : ltoa.c.obj (.text:ltoa)
                  0000316a    00000052                                   : _printfi.c.obj (.text:_ecpy)
                  000031bc    0000004c                                   : fflush.c.obj (.text:__TI_doflush)
                  00003208    0000004c                                   : atoi.c.obj (.text:atoi)
                  00003254    00000048                                   : exit.c.obj (.text:exit)
                  0000329c    00000048                                   : fd_toi_t2.asm.obj (.text)
                  000032e4    00000044                                   : hostclose.c.obj (.text:HOSTclose)
                  00003328    00000044                                   : hostunlink.c.obj (.text:HOSTunlink)
                  0000336c    00000044                                   : autoinit.c.obj (.text:__TI_auto_init_nobinit_nopinit:__TI_auto_init_nobinit_nopinit)
                  000033b0    00000044                                   : getdevice.c.obj (.text:getdevice)
                  000033f4    0000003e                                   : _printfi.c.obj (.text:_fcpy)
                  00003432    00000002     --HOLE-- [fill = 0]
                  00003434    0000003c                                   : memory.c.obj (.text:minsert)
                  00003470    00000038                                   : trgmsg.c.obj (.text:__TI_writemsg)
                  000034a8    00000038                                   : boot_cortex_m.c.obj (.text:_c_int00_noargs:_c_int00_noargs)
                  000034e0    00000038                                   : memory.c.obj (.text:minit)
                  00003518    00000036                                   : strncpy.c.obj (.text:strncpy)
                  0000354e    00000002     --HOLE-- [fill = 0]
                  00003550    00000034                                   : fopen.c.obj (.text:__TI_cleanup)
                  00003584    00000034                                   : trgmsg.c.obj (.text:__TI_readmsg)
                  000035b8    00000030                                   : getdevice.c.obj (.text:finddevice)
                  000035e8    0000002e                                   : i_tofd_t2.asm.obj (.text)
                  00003616    00000002     --HOLE-- [fill = 0]
                  00003618    0000002c                                   : unlink.c.obj (.text:unlink)
                  00003644    00000028                                   : lseek.c.obj (.text:lseek)
                  0000366c    00000028                                   : memory.c.obj (.text:mremove)
                  00003694    00000028                                   : write.c.obj (.text:write)
                  000036bc    00000020                                   : memchr.c.obj (.text:memchr)
                  000036dc    0000001c                                   : memccpy.c.obj (.text:memccpy)
                  000036f8    00000018                                   : strcmp.c.obj (.text:strcmp)
                  00003710    00000016                                   : strchr.c.obj (.text:strchr)
                  00003726    00000014                                   : s_copysign.c.obj (.text:copysign)
                  0000373a    00000014                                   : strcpy.c.obj (.text:strcpy)
                  0000374e    00000014                                   : strlen.c.obj (.text:strlen)
                  00003762    00000012                                   : copy_zero_init.c.obj (.text:decompress:ZI:__TI_zero_init_nomemset:__TI_zero_init_nomemset)
                  00003774    00000012                                   : wcslen.c.obj (.text:wcslen)
                  00003786    0000000e                                   : copy_decompress_none.c.obj (.text:decompress:none:__TI_decompress_none)
                  00003794    0000000e     startup_msp432p401r_ccs.obj (.text)
                  000037a2    00000002     --HOLE-- [fill = 0]
                  000037a4    00000008     rtsv7M4_T_le_v4SPD16_eabi.lib : errno.c.obj (.text:__aeabi_errno_addr)
                  000037ac    00000004                                   : printf.c.obj (.text:_outc)
                  000037b0    00000004                                   : printf.c.obj (.text:_outs)
                  000037b4    00000004                                   : pre_init.c.obj (.text:_system_pre_init)
                  000037b8    00000004                                   : exit.c.obj (.text:abort:abort)

.const     0    000037bc    00000101     
                  000037bc    00000101     rtsv7M4_T_le_v4SPD16_eabi.lib : ctype.c.obj (.const:.string:_ctypes_)

.cinit     0    000038c0    00000098     
                  000038c0    00000073     (.cinit..data.load) [load image, compression = lzss]
                  00003933    00000001     --HOLE-- [fill = 0]
                  00003934    0000000c     (__TI_handler_table)
                  00003940    00000008     (.cinit..bss.load) [load image, compression = zero_init]
                  00003948    00000010     (__TI_cinit_table)

.init_array 
*          0    00000000    00000000     UNINITIALIZED

.binit     0    00000000    00000000     

.sysmem    0    20000000    00000400     UNINITIALIZED
                  20000000    00000008     rtsv7M4_T_le_v4SPD16_eabi.lib : memory.c.obj (.sysmem)
                  20000008    000003f8     --HOLE--

.data      0    20000400    000001f0     UNINITIALIZED
                  20000400    000000f0     rtsv7M4_T_le_v4SPD16_eabi.lib : defs.c.obj (.data:_ftable)
                  200004f0    00000078                                   : write.c.obj (.data:_device)
                  20000568    00000050                                   : write.c.obj (.data:_stream)
                  200005b8    00000010                                   : defs.c.obj (.data)
                  200005c8    0000000c                                   : exit.c.obj (.data:$O1$$)
                  200005d4    0000000c                                   : memory.c.obj (.data:$O1$$)
                  200005e0    00000008                                   : _lock.c.obj (.data:$O1$$)
                  200005e8    00000004                                   : errno.c.obj (.data)
                  200005ec    00000004     system_msp432p401r.obj (.data)

.bss       0    200005f0    000001c8     UNINITIALIZED
                  200005f0    00000120     rtsv7M4_T_le_v4SPD16_eabi.lib : trgmsg.c.obj (.bss:_CIOBUF_)
                  20000710    000000a0     (.common:__TI_tmpnams)
                  200007b0    00000008     (.common:parmbuf)

.stack     0    2000fe00    00000200     UNINITIALIZED
                  2000fe00    00000004     rtsv7M4_T_le_v4SPD16_eabi.lib : boot_cortex_m.c.obj (.stack)
                  2000fe04    000001fc     --HOLE--

MODULE SUMMARY

       Module                        code    ro data   rw data
       ------                        ----    -------   -------
    .\
       LCD.obj                       880     0         0      
       system_msp432p401r.obj        820     0         8      
       keypad.obj                    784     0         0      
       timers.obj                    408     0         0      
       myIoT_devices.obj             364     0         0      
       startup_msp432p401r_ccs.obj   14      228       0      
       main.obj                      216     0         0      
    +--+-----------------------------+-------+---------+---------+
       Total:                        3486    228       8      
                                                              
    C:\ti\ccsv8\tools\compiler\ti-cgt-arm_18.1.3.LTS\lib\rtsv7M4_T_le_v4SPD16_eabi.lib
       _printfi.c.obj                4863    0         0      
       defs.c.obj                    0       0         832    
       trgmsg.c.obj                  108     0         576    
       memory.c.obj                  492     0         24     
       write.c.obj                   40      0         400    
       fd_add_t2.asm.obj             438     0         0      
       fd_div_t2.asm.obj             310     0         0      
       fputs.c.obj                   276     0         0      
       s_scalbn.c.obj                272     0         0      
       fd_cmp_t2.asm.obj             268     0         0      
       ctype.c.obj                   0       257       0      
       fd_mul_t2.asm.obj             252     0         0      
       setvbuf.c.obj                 220     0         0      
       memcpy_t2.asm.obj             156     0         0      
       ull_div_t2.asm.obj            150     0         0      
       fputc.c.obj                   140     0         0      
       memset_t2.asm.obj             122     0         0      
       fclose.c.obj                  116     0         0      
       getdevice.c.obj               116     0         0      
       hostopen.c.obj                96      0         16     
       printf.c.obj                  112     0         0      
       copy_decompress_lzss.c.obj    104     0         0      
       hostlseek.c.obj               104     0         0      
       hostrename.c.obj              104     0         0      
       exit.c.obj                    76      0         24     
       fseek.c.obj                   100     0         0      
       s_frexp.c.obj                 100     0         0      
       _io_perm.c.obj                98      0         0      
       close.c.obj                   92      0         0      
       hostread.c.obj                88      0         0      
       hostwrite.c.obj               88      0         0      
       ltoa.c.obj                    84      0         0      
       atoi.c.obj                    76      0         0      
       fflush.c.obj                  76      0         0      
       fd_toi_t2.asm.obj             72      0         0      
       autoinit.c.obj                68      0         0      
       hostclose.c.obj               68      0         0      
       hostunlink.c.obj              68      0         0      
       boot_cortex_m.c.obj           56      0         0      
       strncpy.c.obj                 54      0         0      
       fopen.c.obj                   52      0         0      
       i_tofd_t2.asm.obj             46      0         0      
       unlink.c.obj                  44      0         0      
       lseek.c.obj                   40      0         0      
       memchr.c.obj                  32      0         0      
       memccpy.c.obj                 28      0         0      
       strcmp.c.obj                  24      0         0      
       strchr.c.obj                  22      0         0      
       s_copysign.c.obj              20      0         0      
       strcpy.c.obj                  20      0         0      
       strlen.c.obj                  20      0         0      
       _lock.c.obj                   2       0         16     
       copy_zero_init.c.obj          18      0         0      
       wcslen.c.obj                  18      0         0      
       errno.c.obj                   8       0         8      
       copy_decompress_none.c.obj    14      0         0      
       pre_init.c.obj                4       0         0      
       div0.asm.obj                  2       0         0      
    +--+-----------------------------+-------+---------+---------+
       Total:                        10537   257       1896   
                                                              
       Heap:                         0       0         2048   
       Stack:                        0       0         1024   
       Linker Generated:             0       151       0      
    +--+-----------------------------+-------+---------+---------+
       Grand Total:                  14023   636       4976   


LINKER GENERATED COPY TABLES

__TI_cinit_table @ 00003948 records: 2, size/record: 8, table size: 16
	.data: load addr=000038c0, load size=00000073 bytes, run addr=20000400, run size=000001f0 bytes, compression=lzss
	.bss: load addr=00003940, load size=00000008 bytes, run addr=200005f0, run size=000001c8 bytes, compression=zero_init


LINKER GENERATED HANDLER TABLE

__TI_handler_table @ 00003934 records: 3, size/record: 4, table size: 12
	index: 0, handler: __TI_decompress_lzss
	index: 1, handler: __TI_decompress_none
	index: 2, handler: __TI_zero_init


GLOBAL SYMBOLS: SORTED ALPHABETICALLY BY Name 

address   name                           
-------   ----                           
000037a1  ADC14_IRQHandler               
000037a1  AES256_IRQHandler              
000037a1  BusFault_Handler               
000037b9  C$$EXIT                        
0000349f  C$$IO$$                        
000037a1  COMP_E0_IRQHandler             
000037a1  COMP_E1_IRQHandler             
000037a1  CS_IRQHandler                  
000037a1  DMA_ERR_IRQHandler             
000037a1  DMA_INT0_IRQHandler            
000037a1  DMA_INT1_IRQHandler            
000037a1  DMA_INT2_IRQHandler            
000037a1  DMA_INT3_IRQHandler            
000037a1  DebugMon_Handler               
000037a1  Default_Handler                
000037a1  EUSCIA0_IRQHandler             
000037a1  EUSCIA1_IRQHandler             
000037a1  EUSCIA2_IRQHandler             
000037a1  EUSCIA3_IRQHandler             
000037a1  EUSCIB0_IRQHandler             
000037a1  EUSCIB1_IRQHandler             
000037a1  EUSCIB2_IRQHandler             
000037a1  EUSCIB3_IRQHandler             
000037a1  FLCTL_IRQHandler               
000037a1  FPU_IRQHandler                 
000032e5  HOSTclose                      
00002c89  HOSTlseek                      
00002f55  HOSTopen                       
00003011  HOSTread                       
00002cf1  HOSTrename                     
00003329  HOSTunlink                     
00003069  HOSTwrite                      
000037a1  HardFault_Handler              
000037a1  MemManage_Handler              
000037a1  NMI_Handler                    
000037a1  PCM_IRQHandler                 
000037a1  PORT1_IRQHandler               
000037a1  PORT2_IRQHandler               
000026d5  PORT3_IRQHandler               
000026d5  PORT3_IRQHandler               
000037a1  PORT4_IRQHandler               
000037a1  PORT5_IRQHandler               
000037a1  PORT6_IRQHandler               
000037a1  PSS_IRQHandler                 
000037a1  PendSV_Handler                 
000037a1  RTC_C_IRQHandler               
00003795  Reset_Handler                  
000037a1  SVC_Handler                    
000037a1  SysTick_Handler                
200005ec  SystemCoreClock                
00000eb5  SystemCoreClockUpdate          
0000112d  SystemInit                     
000037a1  T32_INT1_IRQHandler            
000037a1  T32_INT2_IRQHandler            
000037a1  T32_INTC_IRQHandler            
000037a1  TA0_0_IRQHandler               
000037a1  TA0_N_IRQHandler               
000037a1  TA1_0_IRQHandler               
000037a1  TA1_N_IRQHandler               
000037a1  TA2_0_IRQHandler               
000037a1  TA2_N_IRQHandler               
000037a1  TA3_0_IRQHandler               
000037a1  TA3_N_IRQHandler               
000037a1  UsageFault_Handler             
4000480c  WDTCTL_SYM                     
000037a1  WDT_A_IRQHandler               
200005f0  __CIOBUF_                      
20010000  __STACK_END                    
00000200  __STACK_SIZE                   
00000400  __SYSMEM_SIZE                  
00003948  __TI_CINIT_Base                
00003958  __TI_CINIT_Limit               
00003934  __TI_Handler_Table_Base        
00003940  __TI_Handler_Table_Limit       
0000336d  __TI_auto_init_nobinit_nopinit 
00003551  __TI_cleanup                   
200005c8  __TI_cleanup_ptr               
00002ba5  __TI_closefile                 
00002d59  __TI_decompress_lzss           
00003787  __TI_decompress_none           
000031bd  __TI_doflush                   
200005cc  __TI_dtors_ptr                 
200005d0  __TI_enable_exit_profile_output
200005b8  __TI_ft_end                    
ffffffff  __TI_pprof_out_hndl            
000000e5  __TI_printfi                   
ffffffff  __TI_prof_data_size            
ffffffff  __TI_prof_data_start           
00003585  __TI_readmsg                   
00000000  __TI_static_base__             
20000710  __TI_tmpnams                   
00003471  __TI_writemsg                  
00002ef1  __TI_wrt_ok                    
00003763  __TI_zero_init_nomemset        
000029a5  __aeabi_cdcmpeq                
000029a5  __aeabi_cdcmple                
00002a2b  __aeabi_cdrcmple               
0000329d  __aeabi_d2iz                   
00001943  __aeabi_dadd                   
00001f31  __aeabi_ddiv                   
000023ad  __aeabi_dmul                   
00001939  __aeabi_dsub                   
000037a5  __aeabi_errno_addr             
000035e9  __aeabi_i2d                    
00001aef  __aeabi_idiv0                  
00001aef  __aeabi_ldiv0                  
00002ab1  __aeabi_memclr                 
00002ab1  __aeabi_memclr4                
00002ab1  __aeabi_memclr8                
000027e7  __aeabi_memcpy                 
000027e7  __aeabi_memcpy4                
000027e7  __aeabi_memcpy8                
00002ab3  __aeabi_memset                 
00002ab3  __aeabi_memset4                
00002ab3  __aeabi_memset8                
200005c4  __aeabi_stderr                 
200005bc  __aeabi_stdin                  
200005c0  __aeabi_stdout                 
00002883  __aeabi_uldivmod               
ffffffff  __binit__                      
ffffffff  __c_args__                     
UNDEFED   __mpu_init                     
2000fe00  __stack                        
000034a9  _c_int00_noargs                
000037bc  _ctypes_                       
200004f0  _device                        
20000400  _ftable                        
200005e0  _lock                          
00000b43  _nop                           
20000568  _stream                        
20000000  _sys_memory                    
UNDEFED   _system_post_cinit             
000037b5  _system_pre_init               
200005e4  _unlock                        
000037b9  abort                          
00003209  atoi                           
ffffffff  binit                          
00001c89  blueLED                        
00002fb5  close                          
00001d93  closeDoor                      
00001385  collectPulse                   
00003727  copysign                       
00003727  copysignl                      
00001b0d  delay_mS                       
00001b37  delay_uS                       
00000da7  display                        
00001333  displayKeypad                  
200005e8  errno                          
00003255  exit                           
000035b9  finddevice                     
00002919  fputc                          
00002189  fputs                          
00002585  free                           
00002e29  frexp                          
00002e29  frexpl                         
00002e8d  fseek                          
000033b1  getdevice                      
00001c9d  greenLED                       
00001d4b  initDoorLEDs                   
00001cc5  initE_Stop                     
000011e9  initKeypad                     
00000b45  initLCD                        
00001af1  initSystick                    
00001b5f  initTimerA_PWM                 
00000000  interruptVectors               
0000229d  ldexp                          
0000229d  ldexpl                         
00003645  lseek                          
00003117  ltoa                           
00002689  main                           
00000e1f  mainMenu                       
00002b2d  malloc                         
000036dd  memccpy                        
000036bd  memchr                         
000027e7  memcpy                         
00002ab9  memset                         
000034e1  minit                          
00001d75  openDoor                       
200007b0  parmbuf                        
00002dc1  printf                         
00000bf7  pulseEnable                    
00000c53  pushByte                       
00000c2b  pushNibble                     
00002919  putc                           
00001211  readKeypad                     
00001cb1  redLED                         
00003619  remove                         
00001d17  runFan                         
0000229d  scalbn                         
0000229d  scalbnl                        
00000cc7  scroll                         
000024a9  setvbuf                        
00001d43  stopFan                        
00003711  strchr                         
000036f9  strcmp                         
0000373b  strcpy                         
0000374f  strlen                         
00003519  strncpy                        
00001c09  timerA_PWM                     
00003619  unlink                         
00003775  wcslen                         
00003695  write                          
00000ca1  writeCommand                   
00000c7b  writeData                      


GLOBAL SYMBOLS: SORTED BY Symbol Address 

address   name                           
-------   ----                           
00000000  __TI_static_base__             
00000000  interruptVectors               
000000e5  __TI_printfi                   
00000200  __STACK_SIZE                   
00000400  __SYSMEM_SIZE                  
00000b43  _nop                           
00000b45  initLCD                        
00000bf7  pulseEnable                    
00000c2b  pushNibble                     
00000c53  pushByte                       
00000c7b  writeData                      
00000ca1  writeCommand                   
00000cc7  scroll                         
00000da7  display                        
00000e1f  mainMenu                       
00000eb5  SystemCoreClockUpdate          
0000112d  SystemInit                     
000011e9  initKeypad                     
00001211  readKeypad                     
00001333  displayKeypad                  
00001385  collectPulse                   
00001939  __aeabi_dsub                   
00001943  __aeabi_dadd                   
00001aef  __aeabi_idiv0                  
00001aef  __aeabi_ldiv0                  
00001af1  initSystick                    
00001b0d  delay_mS                       
00001b37  delay_uS                       
00001b5f  initTimerA_PWM                 
00001c09  timerA_PWM                     
00001c89  blueLED                        
00001c9d  greenLED                       
00001cb1  redLED                         
00001cc5  initE_Stop                     
00001d17  runFan                         
00001d43  stopFan                        
00001d4b  initDoorLEDs                   
00001d75  openDoor                       
00001d93  closeDoor                      
00001f31  __aeabi_ddiv                   
00002189  fputs                          
0000229d  ldexp                          
0000229d  ldexpl                         
0000229d  scalbn                         
0000229d  scalbnl                        
000023ad  __aeabi_dmul                   
000024a9  setvbuf                        
00002585  free                           
00002689  main                           
000026d5  PORT3_IRQHandler               
000026d5  PORT3_IRQHandler               
000027e7  __aeabi_memcpy                 
000027e7  __aeabi_memcpy4                
000027e7  __aeabi_memcpy8                
000027e7  memcpy                         
00002883  __aeabi_uldivmod               
00002919  fputc                          
00002919  putc                           
000029a5  __aeabi_cdcmpeq                
000029a5  __aeabi_cdcmple                
00002a2b  __aeabi_cdrcmple               
00002ab1  __aeabi_memclr                 
00002ab1  __aeabi_memclr4                
00002ab1  __aeabi_memclr8                
00002ab3  __aeabi_memset                 
00002ab3  __aeabi_memset4                
00002ab3  __aeabi_memset8                
00002ab9  memset                         
00002b2d  malloc                         
00002ba5  __TI_closefile                 
00002c89  HOSTlseek                      
00002cf1  HOSTrename                     
00002d59  __TI_decompress_lzss           
00002dc1  printf                         
00002e29  frexp                          
00002e29  frexpl                         
00002e8d  fseek                          
00002ef1  __TI_wrt_ok                    
00002f55  HOSTopen                       
00002fb5  close                          
00003011  HOSTread                       
00003069  HOSTwrite                      
00003117  ltoa                           
000031bd  __TI_doflush                   
00003209  atoi                           
00003255  exit                           
0000329d  __aeabi_d2iz                   
000032e5  HOSTclose                      
00003329  HOSTunlink                     
0000336d  __TI_auto_init_nobinit_nopinit 
000033b1  getdevice                      
00003471  __TI_writemsg                  
0000349f  C$$IO$$                        
000034a9  _c_int00_noargs                
000034e1  minit                          
00003519  strncpy                        
00003551  __TI_cleanup                   
00003585  __TI_readmsg                   
000035b9  finddevice                     
000035e9  __aeabi_i2d                    
00003619  remove                         
00003619  unlink                         
00003645  lseek                          
00003695  write                          
000036bd  memchr                         
000036dd  memccpy                        
000036f9  strcmp                         
00003711  strchr                         
00003727  copysign                       
00003727  copysignl                      
0000373b  strcpy                         
0000374f  strlen                         
00003763  __TI_zero_init_nomemset        
00003775  wcslen                         
00003787  __TI_decompress_none           
00003795  Reset_Handler                  
000037a1  ADC14_IRQHandler               
000037a1  AES256_IRQHandler              
000037a1  BusFault_Handler               
000037a1  COMP_E0_IRQHandler             
000037a1  COMP_E1_IRQHandler             
000037a1  CS_IRQHandler                  
000037a1  DMA_ERR_IRQHandler             
000037a1  DMA_INT0_IRQHandler            
000037a1  DMA_INT1_IRQHandler            
000037a1  DMA_INT2_IRQHandler            
000037a1  DMA_INT3_IRQHandler            
000037a1  DebugMon_Handler               
000037a1  Default_Handler                
000037a1  EUSCIA0_IRQHandler             
000037a1  EUSCIA1_IRQHandler             
000037a1  EUSCIA2_IRQHandler             
000037a1  EUSCIA3_IRQHandler             
000037a1  EUSCIB0_IRQHandler             
000037a1  EUSCIB1_IRQHandler             
000037a1  EUSCIB2_IRQHandler             
000037a1  EUSCIB3_IRQHandler             
000037a1  FLCTL_IRQHandler               
000037a1  FPU_IRQHandler                 
000037a1  HardFault_Handler              
000037a1  MemManage_Handler              
000037a1  NMI_Handler                    
000037a1  PCM_IRQHandler                 
000037a1  PORT1_IRQHandler               
000037a1  PORT2_IRQHandler               
000037a1  PORT4_IRQHandler               
000037a1  PORT5_IRQHandler               
000037a1  PORT6_IRQHandler               
000037a1  PSS_IRQHandler                 
000037a1  PendSV_Handler                 
000037a1  RTC_C_IRQHandler               
000037a1  SVC_Handler                    
000037a1  SysTick_Handler                
000037a1  T32_INT1_IRQHandler            
000037a1  T32_INT2_IRQHandler            
000037a1  T32_INTC_IRQHandler            
000037a1  TA0_0_IRQHandler               
000037a1  TA0_N_IRQHandler               
000037a1  TA1_0_IRQHandler               
000037a1  TA1_N_IRQHandler               
000037a1  TA2_0_IRQHandler               
000037a1  TA2_N_IRQHandler               
000037a1  TA3_0_IRQHandler               
000037a1  TA3_N_IRQHandler               
000037a1  UsageFault_Handler             
000037a1  WDT_A_IRQHandler               
000037a5  __aeabi_errno_addr             
000037b5  _system_pre_init               
000037b9  C$$EXIT                        
000037b9  abort                          
000037bc  _ctypes_                       
00003934  __TI_Handler_Table_Base        
00003940  __TI_Handler_Table_Limit       
00003948  __TI_CINIT_Base                
00003958  __TI_CINIT_Limit               
20000000  _sys_memory                    
20000400  _ftable                        
200004f0  _device                        
20000568  _stream                        
200005b8  __TI_ft_end                    
200005bc  __aeabi_stdin                  
200005c0  __aeabi_stdout                 
200005c4  __aeabi_stderr                 
200005c8  __TI_cleanup_ptr               
200005cc  __TI_dtors_ptr                 
200005d0  __TI_enable_exit_profile_output
200005e0  _lock                          
200005e4  _unlock                        
200005e8  errno                          
200005ec  SystemCoreClock                
200005f0  __CIOBUF_                      
20000710  __TI_tmpnams                   
200007b0  parmbuf                        
2000fe00  __stack                        
20010000  __STACK_END                    
4000480c  WDTCTL_SYM                     
ffffffff  __TI_pprof_out_hndl            
ffffffff  __TI_prof_data_size            
ffffffff  __TI_prof_data_start           
ffffffff  __binit__                      
ffffffff  __c_args__                     
ffffffff  binit                          
UNDEFED   __mpu_init                     
UNDEFED   _system_post_cinit             

[204 symbols]
