<?xml version="1.0" encoding="ISO-8859-1" ?>
<link_info>
   <banner>TI ARM Linker PC v18.1.3.LTS</banner>
   <copyright>Copyright (c) 1996-2017 Texas Instruments Incorporated</copyright>
   <link_time>0x5bcbb1c3</link_time>
   <link_errors>0x0</link_errors>
   <output_file>IoT_Project.out</output_file>
   <entry_point>
      <name>_c_int00_noargs</name>
      <address>0x2e8d</address>
   </entry_point>
   <input_file_list>
      <input_file id="fl-2">
         <path>.\</path>
         <kind>object</kind>
         <file>LCD.obj</file>
         <name>LCD.obj</name>
      </input_file>
      <input_file id="fl-3">
         <path>.\</path>
         <kind>object</kind>
         <file>keypad.obj</file>
         <name>keypad.obj</name>
      </input_file>
      <input_file id="fl-4">
         <path>.\</path>
         <kind>object</kind>
         <file>main.obj</file>
         <name>main.obj</name>
      </input_file>
      <input_file id="fl-5">
         <path>.\</path>
         <kind>object</kind>
         <file>myIoT_devices.obj</file>
         <name>myIoT_devices.obj</name>
      </input_file>
      <input_file id="fl-6">
         <path>.\</path>
         <kind>object</kind>
         <file>startup_msp432p401r_ccs.obj</file>
         <name>startup_msp432p401r_ccs.obj</name>
      </input_file>
      <input_file id="fl-7">
         <path>.\</path>
         <kind>object</kind>
         <file>system_msp432p401r.obj</file>
         <name>system_msp432p401r.obj</name>
      </input_file>
      <input_file id="fl-8">
         <path>.\</path>
         <kind>object</kind>
         <file>timers.obj</file>
         <name>timers.obj</name>
      </input_file>
      <input_file id="fl-c">
         <kind>object</kind>
         <file>&lt;internal&gt;</file>
         <name>&lt;internal&gt;</name>
      </input_file>
      <input_file id="fl-c2">
         <path>C:\ti\ccsv8\tools\compiler\ti-cgt-arm_18.1.3.LTS\lib\</path>
         <kind>archive</kind>
         <file>rtsv7M4_T_le_v4SPD16_eabi.lib</file>
         <name>copy_zero_init.c.obj</name>
      </input_file>
      <input_file id="fl-c3">
         <path>C:\ti\ccsv8\tools\compiler\ti-cgt-arm_18.1.3.LTS\lib\</path>
         <kind>archive</kind>
         <file>rtsv7M4_T_le_v4SPD16_eabi.lib</file>
         <name>copy_decompress_none.c.obj</name>
      </input_file>
      <input_file id="fl-c4">
         <path>C:\ti\ccsv8\tools\compiler\ti-cgt-arm_18.1.3.LTS\lib\</path>
         <kind>archive</kind>
         <file>rtsv7M4_T_le_v4SPD16_eabi.lib</file>
         <name>copy_decompress_lzss.c.obj</name>
      </input_file>
      <input_file id="fl-c5">
         <path>C:\ti\ccsv8\tools\compiler\ti-cgt-arm_18.1.3.LTS\lib\</path>
         <kind>archive</kind>
         <file>rtsv7M4_T_le_v4SPD16_eabi.lib</file>
         <name>printf.c.obj</name>
      </input_file>
      <input_file id="fl-c6">
         <path>C:\ti\ccsv8\tools\compiler\ti-cgt-arm_18.1.3.LTS\lib\</path>
         <kind>archive</kind>
         <file>rtsv7M4_T_le_v4SPD16_eabi.lib</file>
         <name>boot_cortex_m.c.obj</name>
      </input_file>
      <input_file id="fl-c7">
         <path>C:\ti\ccsv8\tools\compiler\ti-cgt-arm_18.1.3.LTS\lib\</path>
         <kind>archive</kind>
         <file>rtsv7M4_T_le_v4SPD16_eabi.lib</file>
         <name>memset_t2.asm.obj</name>
      </input_file>
      <input_file id="fl-c8">
         <path>C:\ti\ccsv8\tools\compiler\ti-cgt-arm_18.1.3.LTS\lib\</path>
         <kind>archive</kind>
         <file>rtsv7M4_T_le_v4SPD16_eabi.lib</file>
         <name>memcpy_t2.asm.obj</name>
      </input_file>
      <input_file id="fl-c9">
         <path>C:\ti\ccsv8\tools\compiler\ti-cgt-arm_18.1.3.LTS\lib\</path>
         <kind>archive</kind>
         <file>rtsv7M4_T_le_v4SPD16_eabi.lib</file>
         <name>autoinit.c.obj</name>
      </input_file>
      <input_file id="fl-ca">
         <path>C:\ti\ccsv8\tools\compiler\ti-cgt-arm_18.1.3.LTS\lib\</path>
         <kind>archive</kind>
         <file>rtsv7M4_T_le_v4SPD16_eabi.lib</file>
         <name>pre_init.c.obj</name>
      </input_file>
      <input_file id="fl-cb">
         <path>C:\ti\ccsv8\tools\compiler\ti-cgt-arm_18.1.3.LTS\lib\</path>
         <kind>archive</kind>
         <file>rtsv7M4_T_le_v4SPD16_eabi.lib</file>
         <name>cpy_tbl.c.obj</name>
      </input_file>
      <input_file id="fl-cc">
         <path>C:\ti\ccsv8\tools\compiler\ti-cgt-arm_18.1.3.LTS\lib\</path>
         <kind>archive</kind>
         <file>rtsv7M4_T_le_v4SPD16_eabi.lib</file>
         <name>exit.c.obj</name>
      </input_file>
      <input_file id="fl-cd">
         <path>C:\ti\ccsv8\tools\compiler\ti-cgt-arm_18.1.3.LTS\lib\</path>
         <kind>archive</kind>
         <file>rtsv7M4_T_le_v4SPD16_eabi.lib</file>
         <name>_lock.c.obj</name>
      </input_file>
      <input_file id="fl-ce">
         <path>C:\ti\ccsv8\tools\compiler\ti-cgt-arm_18.1.3.LTS\lib\</path>
         <kind>archive</kind>
         <file>rtsv7M4_T_le_v4SPD16_eabi.lib</file>
         <name>_printfi.c.obj</name>
      </input_file>
      <input_file id="fl-cf">
         <path>C:\ti\ccsv8\tools\compiler\ti-cgt-arm_18.1.3.LTS\lib\</path>
         <kind>archive</kind>
         <file>rtsv7M4_T_le_v4SPD16_eabi.lib</file>
         <name>args_main.c.obj</name>
      </input_file>
      <input_file id="fl-d0">
         <path>C:\ti\ccsv8\tools\compiler\ti-cgt-arm_18.1.3.LTS\lib\</path>
         <kind>archive</kind>
         <file>rtsv7M4_T_le_v4SPD16_eabi.lib</file>
         <name>atoi.c.obj</name>
      </input_file>
      <input_file id="fl-d1">
         <path>C:\ti\ccsv8\tools\compiler\ti-cgt-arm_18.1.3.LTS\lib\</path>
         <kind>archive</kind>
         <file>rtsv7M4_T_le_v4SPD16_eabi.lib</file>
         <name>ctype.c.obj</name>
      </input_file>
      <input_file id="fl-d2">
         <path>C:\ti\ccsv8\tools\compiler\ti-cgt-arm_18.1.3.LTS\lib\</path>
         <kind>archive</kind>
         <file>rtsv7M4_T_le_v4SPD16_eabi.lib</file>
         <name>defs.c.obj</name>
      </input_file>
      <input_file id="fl-d3">
         <path>C:\ti\ccsv8\tools\compiler\ti-cgt-arm_18.1.3.LTS\lib\</path>
         <kind>archive</kind>
         <file>rtsv7M4_T_le_v4SPD16_eabi.lib</file>
         <name>fputc.c.obj</name>
      </input_file>
      <input_file id="fl-d4">
         <path>C:\ti\ccsv8\tools\compiler\ti-cgt-arm_18.1.3.LTS\lib\</path>
         <kind>archive</kind>
         <file>rtsv7M4_T_le_v4SPD16_eabi.lib</file>
         <name>fputs.c.obj</name>
      </input_file>
      <input_file id="fl-d5">
         <path>C:\ti\ccsv8\tools\compiler\ti-cgt-arm_18.1.3.LTS\lib\</path>
         <kind>archive</kind>
         <file>rtsv7M4_T_le_v4SPD16_eabi.lib</file>
         <name>ltoa.c.obj</name>
      </input_file>
      <input_file id="fl-d6">
         <path>C:\ti\ccsv8\tools\compiler\ti-cgt-arm_18.1.3.LTS\lib\</path>
         <kind>archive</kind>
         <file>rtsv7M4_T_le_v4SPD16_eabi.lib</file>
         <name>memccpy.c.obj</name>
      </input_file>
      <input_file id="fl-d7">
         <path>C:\ti\ccsv8\tools\compiler\ti-cgt-arm_18.1.3.LTS\lib\</path>
         <kind>archive</kind>
         <file>rtsv7M4_T_le_v4SPD16_eabi.lib</file>
         <name>memchr.c.obj</name>
      </input_file>
      <input_file id="fl-d8">
         <path>C:\ti\ccsv8\tools\compiler\ti-cgt-arm_18.1.3.LTS\lib\</path>
         <kind>archive</kind>
         <file>rtsv7M4_T_le_v4SPD16_eabi.lib</file>
         <name>strchr.c.obj</name>
      </input_file>
      <input_file id="fl-d9">
         <path>C:\ti\ccsv8\tools\compiler\ti-cgt-arm_18.1.3.LTS\lib\</path>
         <kind>archive</kind>
         <file>rtsv7M4_T_le_v4SPD16_eabi.lib</file>
         <name>strlen.c.obj</name>
      </input_file>
      <input_file id="fl-da">
         <path>C:\ti\ccsv8\tools\compiler\ti-cgt-arm_18.1.3.LTS\lib\</path>
         <kind>archive</kind>
         <file>rtsv7M4_T_le_v4SPD16_eabi.lib</file>
         <name>write.c.obj</name>
      </input_file>
      <input_file id="fl-db">
         <path>C:\ti\ccsv8\tools\compiler\ti-cgt-arm_18.1.3.LTS\lib\</path>
         <kind>archive</kind>
         <file>rtsv7M4_T_le_v4SPD16_eabi.lib</file>
         <name>errno.c.obj</name>
      </input_file>
      <input_file id="fl-dc">
         <path>C:\ti\ccsv8\tools\compiler\ti-cgt-arm_18.1.3.LTS\lib\</path>
         <kind>archive</kind>
         <file>rtsv7M4_T_le_v4SPD16_eabi.lib</file>
         <name>s_frexp.c.obj</name>
      </input_file>
      <input_file id="fl-dd">
         <path>C:\ti\ccsv8\tools\compiler\ti-cgt-arm_18.1.3.LTS\lib\</path>
         <kind>archive</kind>
         <file>rtsv7M4_T_le_v4SPD16_eabi.lib</file>
         <name>s_scalbn.c.obj</name>
      </input_file>
      <input_file id="fl-de">
         <path>C:\ti\ccsv8\tools\compiler\ti-cgt-arm_18.1.3.LTS\lib\</path>
         <kind>archive</kind>
         <file>rtsv7M4_T_le_v4SPD16_eabi.lib</file>
         <name>wcslen.c.obj</name>
      </input_file>
      <input_file id="fl-df">
         <path>C:\ti\ccsv8\tools\compiler\ti-cgt-arm_18.1.3.LTS\lib\</path>
         <kind>archive</kind>
         <file>rtsv7M4_T_le_v4SPD16_eabi.lib</file>
         <name>s_copysign.c.obj</name>
      </input_file>
      <input_file id="fl-e0">
         <path>C:\ti\ccsv8\tools\compiler\ti-cgt-arm_18.1.3.LTS\lib\</path>
         <kind>archive</kind>
         <file>rtsv7M4_T_le_v4SPD16_eabi.lib</file>
         <name>ull_div_t2.asm.obj</name>
      </input_file>
      <input_file id="fl-e1">
         <path>C:\ti\ccsv8\tools\compiler\ti-cgt-arm_18.1.3.LTS\lib\</path>
         <kind>archive</kind>
         <file>rtsv7M4_T_le_v4SPD16_eabi.lib</file>
         <name>fd_add_t2.asm.obj</name>
      </input_file>
      <input_file id="fl-e2">
         <path>C:\ti\ccsv8\tools\compiler\ti-cgt-arm_18.1.3.LTS\lib\</path>
         <kind>archive</kind>
         <file>rtsv7M4_T_le_v4SPD16_eabi.lib</file>
         <name>fd_cmp_t2.asm.obj</name>
      </input_file>
      <input_file id="fl-e3">
         <path>C:\ti\ccsv8\tools\compiler\ti-cgt-arm_18.1.3.LTS\lib\</path>
         <kind>archive</kind>
         <file>rtsv7M4_T_le_v4SPD16_eabi.lib</file>
         <name>fd_div_t2.asm.obj</name>
      </input_file>
      <input_file id="fl-e4">
         <path>C:\ti\ccsv8\tools\compiler\ti-cgt-arm_18.1.3.LTS\lib\</path>
         <kind>archive</kind>
         <file>rtsv7M4_T_le_v4SPD16_eabi.lib</file>
         <name>fd_mul_t2.asm.obj</name>
      </input_file>
      <input_file id="fl-e5">
         <path>C:\ti\ccsv8\tools\compiler\ti-cgt-arm_18.1.3.LTS\lib\</path>
         <kind>archive</kind>
         <file>rtsv7M4_T_le_v4SPD16_eabi.lib</file>
         <name>fd_toi_t2.asm.obj</name>
      </input_file>
      <input_file id="fl-e6">
         <path>C:\ti\ccsv8\tools\compiler\ti-cgt-arm_18.1.3.LTS\lib\</path>
         <kind>archive</kind>
         <file>rtsv7M4_T_le_v4SPD16_eabi.lib</file>
         <name>i_tofd_t2.asm.obj</name>
      </input_file>
      <input_file id="fl-e7">
         <path>C:\ti\ccsv8\tools\compiler\ti-cgt-arm_18.1.3.LTS\lib\</path>
         <kind>archive</kind>
         <file>rtsv7M4_T_le_v4SPD16_eabi.lib</file>
         <name>_io_perm.c.obj</name>
      </input_file>
      <input_file id="fl-e8">
         <path>C:\ti\ccsv8\tools\compiler\ti-cgt-arm_18.1.3.LTS\lib\</path>
         <kind>archive</kind>
         <file>rtsv7M4_T_le_v4SPD16_eabi.lib</file>
         <name>fflush.c.obj</name>
      </input_file>
      <input_file id="fl-e9">
         <path>C:\ti\ccsv8\tools\compiler\ti-cgt-arm_18.1.3.LTS\lib\</path>
         <kind>archive</kind>
         <file>rtsv7M4_T_le_v4SPD16_eabi.lib</file>
         <name>fseek.c.obj</name>
      </input_file>
      <input_file id="fl-ea">
         <path>C:\ti\ccsv8\tools\compiler\ti-cgt-arm_18.1.3.LTS\lib\</path>
         <kind>archive</kind>
         <file>rtsv7M4_T_le_v4SPD16_eabi.lib</file>
         <name>lseek.c.obj</name>
      </input_file>
      <input_file id="fl-eb">
         <path>C:\ti\ccsv8\tools\compiler\ti-cgt-arm_18.1.3.LTS\lib\</path>
         <kind>archive</kind>
         <file>rtsv7M4_T_le_v4SPD16_eabi.lib</file>
         <name>setvbuf.c.obj</name>
      </input_file>
      <input_file id="fl-ec">
         <path>C:\ti\ccsv8\tools\compiler\ti-cgt-arm_18.1.3.LTS\lib\</path>
         <kind>archive</kind>
         <file>rtsv7M4_T_le_v4SPD16_eabi.lib</file>
         <name>hostclose.c.obj</name>
      </input_file>
      <input_file id="fl-ed">
         <path>C:\ti\ccsv8\tools\compiler\ti-cgt-arm_18.1.3.LTS\lib\</path>
         <kind>archive</kind>
         <file>rtsv7M4_T_le_v4SPD16_eabi.lib</file>
         <name>hostlseek.c.obj</name>
      </input_file>
      <input_file id="fl-ee">
         <path>C:\ti\ccsv8\tools\compiler\ti-cgt-arm_18.1.3.LTS\lib\</path>
         <kind>archive</kind>
         <file>rtsv7M4_T_le_v4SPD16_eabi.lib</file>
         <name>hostopen.c.obj</name>
      </input_file>
      <input_file id="fl-ef">
         <path>C:\ti\ccsv8\tools\compiler\ti-cgt-arm_18.1.3.LTS\lib\</path>
         <kind>archive</kind>
         <file>rtsv7M4_T_le_v4SPD16_eabi.lib</file>
         <name>hostread.c.obj</name>
      </input_file>
      <input_file id="fl-f0">
         <path>C:\ti\ccsv8\tools\compiler\ti-cgt-arm_18.1.3.LTS\lib\</path>
         <kind>archive</kind>
         <file>rtsv7M4_T_le_v4SPD16_eabi.lib</file>
         <name>hostrename.c.obj</name>
      </input_file>
      <input_file id="fl-f1">
         <path>C:\ti\ccsv8\tools\compiler\ti-cgt-arm_18.1.3.LTS\lib\</path>
         <kind>archive</kind>
         <file>rtsv7M4_T_le_v4SPD16_eabi.lib</file>
         <name>hostunlink.c.obj</name>
      </input_file>
      <input_file id="fl-f2">
         <path>C:\ti\ccsv8\tools\compiler\ti-cgt-arm_18.1.3.LTS\lib\</path>
         <kind>archive</kind>
         <file>rtsv7M4_T_le_v4SPD16_eabi.lib</file>
         <name>hostwrite.c.obj</name>
      </input_file>
      <input_file id="fl-f3">
         <path>C:\ti\ccsv8\tools\compiler\ti-cgt-arm_18.1.3.LTS\lib\</path>
         <kind>archive</kind>
         <file>rtsv7M4_T_le_v4SPD16_eabi.lib</file>
         <name>trgmsg.c.obj</name>
      </input_file>
      <input_file id="fl-f4">
         <path>C:\ti\ccsv8\tools\compiler\ti-cgt-arm_18.1.3.LTS\lib\</path>
         <kind>archive</kind>
         <file>rtsv7M4_T_le_v4SPD16_eabi.lib</file>
         <name>div0.asm.obj</name>
      </input_file>
      <input_file id="fl-f5">
         <path>C:\ti\ccsv8\tools\compiler\ti-cgt-arm_18.1.3.LTS\lib\</path>
         <kind>archive</kind>
         <file>rtsv7M4_T_le_v4SPD16_eabi.lib</file>
         <name>memory.c.obj</name>
      </input_file>
      <input_file id="fl-f6">
         <path>C:\ti\ccsv8\tools\compiler\ti-cgt-arm_18.1.3.LTS\lib\</path>
         <kind>archive</kind>
         <file>rtsv7M4_T_le_v4SPD16_eabi.lib</file>
         <name>fopen.c.obj</name>
      </input_file>
      <input_file id="fl-f7">
         <path>C:\ti\ccsv8\tools\compiler\ti-cgt-arm_18.1.3.LTS\lib\</path>
         <kind>archive</kind>
         <file>rtsv7M4_T_le_v4SPD16_eabi.lib</file>
         <name>open.c.obj</name>
      </input_file>
      <input_file id="fl-f8">
         <path>C:\ti\ccsv8\tools\compiler\ti-cgt-arm_18.1.3.LTS\lib\</path>
         <kind>archive</kind>
         <file>rtsv7M4_T_le_v4SPD16_eabi.lib</file>
         <name>strcpy.c.obj</name>
      </input_file>
      <input_file id="fl-f9">
         <path>C:\ti\ccsv8\tools\compiler\ti-cgt-arm_18.1.3.LTS\lib\</path>
         <kind>archive</kind>
         <file>rtsv7M4_T_le_v4SPD16_eabi.lib</file>
         <name>fclose.c.obj</name>
      </input_file>
      <input_file id="fl-fa">
         <path>C:\ti\ccsv8\tools\compiler\ti-cgt-arm_18.1.3.LTS\lib\</path>
         <kind>archive</kind>
         <file>rtsv7M4_T_le_v4SPD16_eabi.lib</file>
         <name>getdevice.c.obj</name>
      </input_file>
      <input_file id="fl-fb">
         <path>C:\ti\ccsv8\tools\compiler\ti-cgt-arm_18.1.3.LTS\lib\</path>
         <kind>archive</kind>
         <file>rtsv7M4_T_le_v4SPD16_eabi.lib</file>
         <name>remove.c.obj</name>
      </input_file>
      <input_file id="fl-fc">
         <path>C:\ti\ccsv8\tools\compiler\ti-cgt-arm_18.1.3.LTS\lib\</path>
         <kind>archive</kind>
         <file>rtsv7M4_T_le_v4SPD16_eabi.lib</file>
         <name>strcmp.c.obj</name>
      </input_file>
      <input_file id="fl-fd">
         <path>C:\ti\ccsv8\tools\compiler\ti-cgt-arm_18.1.3.LTS\lib\</path>
         <kind>archive</kind>
         <file>rtsv7M4_T_le_v4SPD16_eabi.lib</file>
         <name>strncpy.c.obj</name>
      </input_file>
      <input_file id="fl-fe">
         <path>C:\ti\ccsv8\tools\compiler\ti-cgt-arm_18.1.3.LTS\lib\</path>
         <kind>archive</kind>
         <file>rtsv7M4_T_le_v4SPD16_eabi.lib</file>
         <name>unlink.c.obj</name>
      </input_file>
      <input_file id="fl-ff">
         <path>C:\ti\ccsv8\tools\compiler\ti-cgt-arm_18.1.3.LTS\lib\</path>
         <kind>archive</kind>
         <file>rtsv7M4_T_le_v4SPD16_eabi.lib</file>
         <name>close.c.obj</name>
      </input_file>
   </input_file_list>
   <object_component_list>
      <object_component id="oc-23">
         <name>.intvecs:retain</name>
         <load_address>0x0</load_address>
         <run_address>0x0</run_address>
         <size>0xe4</size>
         <input_file_ref idref="fl-6"/>
      </object_component>
      <object_component id="oc-16a">
         <name>.text:__TI_printfi</name>
         <load_address>0xe4</load_address>
         <run_address>0xe4</run_address>
         <size>0xa5e</size>
         <input_file_ref idref="fl-ce"/>
      </object_component>
      <object_component id="oc-188">
         <name>.text:_nop</name>
         <load_address>0xb42</load_address>
         <run_address>0xb42</run_address>
         <size>0x2</size>
         <input_file_ref idref="fl-cd"/>
      </object_component>
      <object_component id="oc-a9">
         <name>.text</name>
         <load_address>0xb44</load_address>
         <run_address>0xb44</run_address>
         <size>0x334</size>
         <input_file_ref idref="fl-7"/>
      </object_component>
      <object_component id="oc-d3">
         <name>.text</name>
         <load_address>0xe78</load_address>
         <run_address>0xe78</run_address>
         <size>0x2e8</size>
         <input_file_ref idref="fl-3"/>
      </object_component>
      <object_component id="oc-1d0">
         <name>.text:_pconv_a</name>
         <load_address>0x1160</load_address>
         <run_address>0x1160</run_address>
         <size>0x270</size>
         <input_file_ref idref="fl-ce"/>
      </object_component>
      <object_component id="oc-1be">
         <name>.text:_pconv_g</name>
         <load_address>0x13d0</load_address>
         <run_address>0x13d0</run_address>
         <size>0x1d0</size>
         <input_file_ref idref="fl-ce"/>
      </object_component>
      <object_component id="oc-24e">
         <name>.text</name>
         <load_address>0x15a0</load_address>
         <run_address>0x15a0</run_address>
         <size>0x1b6</size>
         <input_file_ref idref="fl-e1"/>
      </object_component>
      <object_component id="oc-2c5">
         <name>.text</name>
         <load_address>0x1756</load_address>
         <run_address>0x1756</run_address>
         <size>0x2</size>
         <input_file_ref idref="fl-f4"/>
      </object_component>
      <object_component id="oc-1ca">
         <name>.text:_pconv_e</name>
         <load_address>0x1758</load_address>
         <run_address>0x1758</run_address>
         <size>0x13c</size>
         <input_file_ref idref="fl-ce"/>
      </object_component>
      <object_component id="oc-234">
         <name>.text</name>
         <load_address>0x1894</load_address>
         <run_address>0x1894</run_address>
         <size>0x136</size>
         <input_file_ref idref="fl-e3"/>
      </object_component>
      <object_component id="oc-260">
         <name>.text:fcvt</name>
         <load_address>0x19cc</load_address>
         <run_address>0x19cc</run_address>
         <size>0x120</size>
         <input_file_ref idref="fl-ce"/>
      </object_component>
      <object_component id="oc-1f8">
         <name>.text:fputs</name>
         <load_address>0x1aec</load_address>
         <run_address>0x1aec</run_address>
         <size>0x114</size>
         <input_file_ref idref="fl-d4"/>
      </object_component>
      <object_component id="oc-d9">
         <name>.text</name>
         <load_address>0x1c00</load_address>
         <run_address>0x1c00</run_address>
         <size>0x114</size>
         <input_file_ref idref="fl-8"/>
      </object_component>
      <object_component id="oc-274">
         <name>.text:scalbn</name>
         <load_address>0x1d14</load_address>
         <run_address>0x1d14</run_address>
         <size>0x110</size>
         <input_file_ref idref="fl-dd"/>
      </object_component>
      <object_component id="oc-22f">
         <name>.text</name>
         <load_address>0x1e24</load_address>
         <run_address>0x1e24</run_address>
         <size>0xfc</size>
         <input_file_ref idref="fl-e4"/>
      </object_component>
      <object_component id="oc-300">
         <name>.text:setvbuf</name>
         <load_address>0x1f20</load_address>
         <run_address>0x1f20</run_address>
         <size>0xdc</size>
         <input_file_ref idref="fl-eb"/>
      </object_component>
      <object_component id="oc-32e">
         <name>.text:free</name>
         <load_address>0x1ffc</load_address>
         <run_address>0x1ffc</run_address>
         <size>0xd8</size>
         <input_file_ref idref="fl-f5"/>
      </object_component>
      <object_component id="oc-1b3">
         <name>.text:_ltostr</name>
         <load_address>0x20d4</load_address>
         <run_address>0x20d4</run_address>
         <size>0xb1</size>
         <input_file_ref idref="fl-ce"/>
      </object_component>
      <object_component id="oc-37">
         <name>.text</name>
         <load_address>0x2186</load_address>
         <run_address>0x2186</run_address>
         <size>0x9c</size>
         <input_file_ref idref="fl-c8"/>
      </object_component>
      <object_component id="oc-228">
         <name>.text</name>
         <load_address>0x2222</load_address>
         <run_address>0x2222</run_address>
         <size>0x96</size>
         <input_file_ref idref="fl-e0"/>
      </object_component>
      <object_component id="oc-1ff">
         <name>.text:fputc</name>
         <load_address>0x22b8</load_address>
         <run_address>0x22b8</run_address>
         <size>0x8c</size>
         <input_file_ref idref="fl-d3"/>
      </object_component>
      <object_component id="oc-1b9">
         <name>.text:__aeabi_cdcmple</name>
         <load_address>0x2344</load_address>
         <run_address>0x2344</run_address>
         <size>0x86</size>
         <input_file_ref idref="fl-e2"/>
      </object_component>
      <object_component id="oc-239">
         <name>.text:__aeabi_cdrcmple</name>
         <load_address>0x23ca</load_address>
         <run_address>0x23ca</run_address>
         <size>0x86</size>
         <input_file_ref idref="fl-e2"/>
      </object_component>
      <object_component id="oc-8b">
         <name>.text</name>
         <load_address>0x2450</load_address>
         <run_address>0x2450</run_address>
         <size>0x7a</size>
         <input_file_ref idref="fl-c7"/>
      </object_component>
      <object_component id="oc-334">
         <name>.text:malloc</name>
         <load_address>0x24cc</load_address>
         <run_address>0x24cc</run_address>
         <size>0x78</size>
         <input_file_ref idref="fl-f5"/>
      </object_component>
      <object_component id="oc-379">
         <name>.text:__TI_closefile</name>
         <load_address>0x2544</load_address>
         <run_address>0x2544</run_address>
         <size>0x74</size>
         <input_file_ref idref="fl-f9"/>
      </object_component>
      <object_component id="oc-259">
         <name>.text:_mcpy</name>
         <load_address>0x25b8</load_address>
         <run_address>0x25b8</run_address>
         <size>0x6e</size>
         <input_file_ref idref="fl-ce"/>
      </object_component>
      <object_component id="oc-39d">
         <name>.text:HOSTlseek</name>
         <load_address>0x2628</load_address>
         <run_address>0x2628</run_address>
         <size>0x68</size>
         <input_file_ref idref="fl-ed"/>
      </object_component>
      <object_component id="oc-3a9">
         <name>.text:HOSTrename</name>
         <load_address>0x2690</load_address>
         <run_address>0x2690</run_address>
         <size>0x68</size>
         <input_file_ref idref="fl-f0"/>
      </object_component>
      <object_component id="oc-14">
         <name>.text:decompress:lzss:__TI_decompress_lzss</name>
         <load_address>0x26f8</load_address>
         <run_address>0x26f8</run_address>
         <size>0x68</size>
         <input_file_ref idref="fl-c4"/>
      </object_component>
      <object_component id="oc-133">
         <name>.text:printf</name>
         <load_address>0x2760</load_address>
         <run_address>0x2760</run_address>
         <size>0x68</size>
         <input_file_ref idref="fl-c5"/>
      </object_component>
      <object_component id="oc-26e">
         <name>.text:frexp</name>
         <load_address>0x27c8</load_address>
         <run_address>0x27c8</run_address>
         <size>0x64</size>
         <input_file_ref idref="fl-dc"/>
      </object_component>
      <object_component id="oc-2fa">
         <name>.text:fseek</name>
         <load_address>0x282c</load_address>
         <run_address>0x282c</run_address>
         <size>0x64</size>
         <input_file_ref idref="fl-e9"/>
      </object_component>
      <object_component id="oc-2a2">
         <name>.text:__TI_wrt_ok</name>
         <load_address>0x2890</load_address>
         <run_address>0x2890</run_address>
         <size>0x62</size>
         <input_file_ref idref="fl-e7"/>
      </object_component>
      <object_component id="oc-385">
         <name>.text:HOSTopen</name>
         <load_address>0x28f4</load_address>
         <run_address>0x28f4</run_address>
         <size>0x60</size>
         <input_file_ref idref="fl-ee"/>
      </object_component>
      <object_component id="oc-3b8">
         <name>.text:close</name>
         <load_address>0x2954</load_address>
         <run_address>0x2954</run_address>
         <size>0x5c</size>
         <input_file_ref idref="fl-ff"/>
      </object_component>
      <object_component id="oc-391">
         <name>.text:HOSTread</name>
         <load_address>0x29b0</load_address>
         <run_address>0x29b0</run_address>
         <size>0x58</size>
         <input_file_ref idref="fl-ef"/>
      </object_component>
      <object_component id="oc-397">
         <name>.text:HOSTwrite</name>
         <load_address>0x2a08</load_address>
         <run_address>0x2a08</run_address>
         <size>0x58</size>
         <input_file_ref idref="fl-f2"/>
      </object_component>
      <object_component id="oc-1c4">
         <name>.text:_pconv_f</name>
         <load_address>0x2a60</load_address>
         <run_address>0x2a60</run_address>
         <size>0x56</size>
         <input_file_ref idref="fl-ce"/>
      </object_component>
      <object_component id="oc-243">
         <name>.text:ltoa</name>
         <load_address>0x2ab6</load_address>
         <run_address>0x2ab6</run_address>
         <size>0x54</size>
         <input_file_ref idref="fl-d5"/>
      </object_component>
      <object_component id="oc-253">
         <name>.text:_ecpy</name>
         <load_address>0x2b0a</load_address>
         <run_address>0x2b0a</run_address>
         <size>0x52</size>
         <input_file_ref idref="fl-ce"/>
      </object_component>
      <object_component id="oc-2ae">
         <name>.text:__TI_doflush</name>
         <load_address>0x2b5c</load_address>
         <run_address>0x2b5c</run_address>
         <size>0x4c</size>
         <input_file_ref idref="fl-e8"/>
      </object_component>
      <object_component id="oc-1ad">
         <name>.text:atoi</name>
         <load_address>0x2ba8</load_address>
         <run_address>0x2ba8</run_address>
         <size>0x4c</size>
         <input_file_ref idref="fl-d0"/>
      </object_component>
      <object_component id="oc-ec">
         <name>.text:exit</name>
         <load_address>0x2bf4</load_address>
         <run_address>0x2bf4</run_address>
         <size>0x48</size>
         <input_file_ref idref="fl-cc"/>
      </object_component>
      <object_component id="oc-23e">
         <name>.text</name>
         <load_address>0x2c3c</load_address>
         <run_address>0x2c3c</run_address>
         <size>0x48</size>
         <input_file_ref idref="fl-e5"/>
      </object_component>
      <object_component id="oc-38b">
         <name>.text:HOSTclose</name>
         <load_address>0x2c84</load_address>
         <run_address>0x2c84</run_address>
         <size>0x44</size>
         <input_file_ref idref="fl-ec"/>
      </object_component>
      <object_component id="oc-3a3">
         <name>.text:HOSTunlink</name>
         <load_address>0x2cc8</load_address>
         <run_address>0x2cc8</run_address>
         <size>0x44</size>
         <input_file_ref idref="fl-f1"/>
      </object_component>
      <object_component id="oc-f2">
         <name>.text:__TI_auto_init_nobinit_nopinit:__TI_auto_init_nobinit_nopinit</name>
         <load_address>0x2d0c</load_address>
         <run_address>0x2d0c</run_address>
         <size>0x44</size>
         <input_file_ref idref="fl-c9"/>
      </object_component>
      <object_component id="oc-3ed">
         <name>.text:getdevice</name>
         <load_address>0x2d50</load_address>
         <run_address>0x2d50</run_address>
         <size>0x44</size>
         <input_file_ref idref="fl-fa"/>
      </object_component>
      <object_component id="oc-97">
         <name>.text</name>
         <load_address>0x2d94</load_address>
         <run_address>0x2d94</run_address>
         <size>0x44</size>
         <input_file_ref idref="fl-4"/>
      </object_component>
      <object_component id="oc-266">
         <name>.text:_fcpy</name>
         <load_address>0x2dd8</load_address>
         <run_address>0x2dd8</run_address>
         <size>0x3e</size>
         <input_file_ref idref="fl-ce"/>
      </object_component>
      <object_component id="oc-36e">
         <name>.text:minsert</name>
         <load_address>0x2e18</load_address>
         <run_address>0x2e18</run_address>
         <size>0x3c</size>
         <input_file_ref idref="fl-f5"/>
      </object_component>
      <object_component id="oc-3c9">
         <name>.text:__TI_writemsg</name>
         <load_address>0x2e54</load_address>
         <run_address>0x2e54</run_address>
         <size>0x38</size>
         <input_file_ref idref="fl-f3"/>
      </object_component>
      <object_component id="oc-55">
         <name>.text:_c_int00_noargs:_c_int00_noargs</name>
         <load_address>0x2e8c</load_address>
         <run_address>0x2e8c</run_address>
         <size>0x38</size>
         <input_file_ref idref="fl-c6"/>
      </object_component>
      <object_component id="oc-362">
         <name>.text:minit</name>
         <load_address>0x2ec4</load_address>
         <run_address>0x2ec4</run_address>
         <size>0x38</size>
         <input_file_ref idref="fl-f5"/>
      </object_component>
      <object_component id="oc-40f">
         <name>.text:strncpy</name>
         <load_address>0x2efc</load_address>
         <run_address>0x2efc</run_address>
         <size>0x36</size>
         <input_file_ref idref="fl-fd"/>
      </object_component>
      <object_component id="oc-33a">
         <name>.text:__TI_cleanup</name>
         <load_address>0x2f34</load_address>
         <run_address>0x2f34</run_address>
         <size>0x34</size>
         <input_file_ref idref="fl-f6"/>
      </object_component>
      <object_component id="oc-3cf">
         <name>.text:__TI_readmsg</name>
         <load_address>0x2f68</load_address>
         <run_address>0x2f68</run_address>
         <size>0x34</size>
         <input_file_ref idref="fl-f3"/>
      </object_component>
      <object_component id="oc-415">
         <name>.text:finddevice</name>
         <load_address>0x2f9c</load_address>
         <run_address>0x2f9c</run_address>
         <size>0x30</size>
         <input_file_ref idref="fl-fa"/>
      </object_component>
      <object_component id="oc-249">
         <name>.text</name>
         <load_address>0x2fcc</load_address>
         <run_address>0x2fcc</run_address>
         <size>0x2e</size>
         <input_file_ref idref="fl-e6"/>
      </object_component>
      <object_component id="oc-3be">
         <name>.text:unlink</name>
         <load_address>0x2ffc</load_address>
         <run_address>0x2ffc</run_address>
         <size>0x2c</size>
         <input_file_ref idref="fl-fe"/>
      </object_component>
      <object_component id="oc-326">
         <name>.text:lseek</name>
         <load_address>0x3028</load_address>
         <run_address>0x3028</run_address>
         <size>0x28</size>
         <input_file_ref idref="fl-ea"/>
      </object_component>
      <object_component id="oc-368">
         <name>.text:mremove</name>
         <load_address>0x3050</load_address>
         <run_address>0x3050</run_address>
         <size>0x28</size>
         <input_file_ref idref="fl-f5"/>
      </object_component>
      <object_component id="oc-2b4">
         <name>.text:write</name>
         <load_address>0x3078</load_address>
         <run_address>0x3078</run_address>
         <size>0x28</size>
         <input_file_ref idref="fl-da"/>
      </object_component>
      <object_component id="oc-2a8">
         <name>.text:memchr</name>
         <load_address>0x30a0</load_address>
         <run_address>0x30a0</run_address>
         <size>0x20</size>
         <input_file_ref idref="fl-d7"/>
      </object_component>
      <object_component id="oc-1d6">
         <name>.text:memccpy</name>
         <load_address>0x30c0</load_address>
         <run_address>0x30c0</run_address>
         <size>0x1c</size>
         <input_file_ref idref="fl-d6"/>
      </object_component>
      <object_component id="oc-df">
         <name>.text</name>
         <load_address>0x30dc</load_address>
         <run_address>0x30dc</run_address>
         <size>0x18</size>
         <input_file_ref idref="fl-5"/>
      </object_component>
      <object_component id="oc-42c">
         <name>.text:strcmp</name>
         <load_address>0x30f4</load_address>
         <run_address>0x30f4</run_address>
         <size>0x18</size>
         <input_file_ref idref="fl-fc"/>
      </object_component>
      <object_component id="oc-27a">
         <name>.text:strchr</name>
         <load_address>0x310c</load_address>
         <run_address>0x310c</run_address>
         <size>0x16</size>
         <input_file_ref idref="fl-d8"/>
      </object_component>
      <object_component id="oc-2de">
         <name>.text:copysign</name>
         <load_address>0x3122</load_address>
         <run_address>0x3122</run_address>
         <size>0x14</size>
         <input_file_ref idref="fl-df"/>
      </object_component>
      <object_component id="oc-3e3">
         <name>.text:strcpy</name>
         <load_address>0x3136</load_address>
         <run_address>0x3136</run_address>
         <size>0x14</size>
         <input_file_ref idref="fl-f8"/>
      </object_component>
      <object_component id="oc-1a7">
         <name>.text:strlen</name>
         <load_address>0x314a</load_address>
         <run_address>0x314a</run_address>
         <size>0x14</size>
         <input_file_ref idref="fl-d9"/>
      </object_component>
      <object_component id="oc-43">
         <name>.text:decompress:ZI:__TI_zero_init_nomemset:__TI_zero_init_nomemset</name>
         <load_address>0x315e</load_address>
         <run_address>0x315e</run_address>
         <size>0x12</size>
         <input_file_ref idref="fl-c2"/>
      </object_component>
      <object_component id="oc-1dc">
         <name>.text:wcslen</name>
         <load_address>0x3170</load_address>
         <run_address>0x3170</run_address>
         <size>0x12</size>
         <input_file_ref idref="fl-de"/>
      </object_component>
      <object_component id="oc-1a">
         <name>.text:decompress:none:__TI_decompress_none</name>
         <load_address>0x3182</load_address>
         <run_address>0x3182</run_address>
         <size>0xe</size>
         <input_file_ref idref="fl-c3"/>
      </object_component>
      <object_component id="oc-67">
         <name>.text</name>
         <load_address>0x3190</load_address>
         <run_address>0x3190</run_address>
         <size>0xe</size>
         <input_file_ref idref="fl-6"/>
      </object_component>
      <object_component id="oc-1e2">
         <name>.text:__aeabi_errno_addr</name>
         <load_address>0x31a0</load_address>
         <run_address>0x31a0</run_address>
         <size>0x8</size>
         <input_file_ref idref="fl-db"/>
      </object_component>
      <object_component id="oc-179">
         <name>.text:_outc</name>
         <load_address>0x31a8</load_address>
         <run_address>0x31a8</run_address>
         <size>0x4</size>
         <input_file_ref idref="fl-c5"/>
      </object_component>
      <object_component id="oc-173">
         <name>.text:_outs</name>
         <load_address>0x31ac</load_address>
         <run_address>0x31ac</run_address>
         <size>0x4</size>
         <input_file_ref idref="fl-c5"/>
      </object_component>
      <object_component id="oc-91">
         <name>.text:_system_pre_init</name>
         <load_address>0x31b0</load_address>
         <run_address>0x31b0</run_address>
         <size>0x4</size>
         <input_file_ref idref="fl-ca"/>
      </object_component>
      <object_component id="oc-e6">
         <name>.text:abort:abort</name>
         <load_address>0x31b4</load_address>
         <run_address>0x31b4</run_address>
         <size>0x4</size>
         <input_file_ref idref="fl-cc"/>
      </object_component>
      <object_component id="oc-223">
         <name>.const:.string:_ctypes_</name>
         <load_address>0x31b8</load_address>
         <run_address>0x31b8</run_address>
         <size>0x101</size>
         <input_file_ref idref="fl-d1"/>
      </object_component>
      <object_component id="oc-46a">
         <name>.cinit..data.load</name>
         <load_address>0x32c0</load_address>
         <run_address>0x32c0</run_address>
         <size>0x73</size>
      </object_component>
      <object_component id="oc-468">
         <name>__TI_handler_table</name>
         <load_address>0x3334</load_address>
         <run_address>0x3334</run_address>
         <size>0xc</size>
      </object_component>
      <object_component id="oc-46b">
         <name>.cinit..bss.load</name>
         <load_address>0x3340</load_address>
         <run_address>0x3340</run_address>
         <size>0x8</size>
      </object_component>
      <object_component id="oc-469">
         <name>__TI_cinit_table</name>
         <load_address>0x3348</load_address>
         <run_address>0x3348</run_address>
         <size>0x10</size>
      </object_component>
      <object_component id="oc-43d">
         <name>.binit</name>
         <load_address>0x0</load_address>
         <run_address>0x0</run_address>
         <size>0x0</size>
      </object_component>
      <object_component id="oc-124">
         <name>.data</name>
         <load_address>0x200005ec</load_address>
         <run_address>0x200005ec</run_address>
         <size>0x4</size>
         <input_file_ref idref="fl-7"/>
      </object_component>
      <object_component id="oc-13d">
         <name>.data:$O1$$</name>
         <load_address>0x200005c8</load_address>
         <run_address>0x200005c8</run_address>
         <size>0xc</size>
         <input_file_ref idref="fl-cc"/>
      </object_component>
      <object_component id="oc-140">
         <name>.data:$O1$$</name>
         <load_address>0x200005e0</load_address>
         <run_address>0x200005e0</run_address>
         <size>0x8</size>
         <input_file_ref idref="fl-cd"/>
      </object_component>
      <object_component id="oc-170">
         <name>.data:_ftable</name>
         <load_address>0x20000400</load_address>
         <run_address>0x20000400</run_address>
         <size>0xf0</size>
         <input_file_ref idref="fl-d2"/>
      </object_component>
      <object_component id="oc-37f">
         <name>.data</name>
         <load_address>0x200005b8</load_address>
         <run_address>0x200005b8</run_address>
         <size>0x10</size>
         <input_file_ref idref="fl-d2"/>
      </object_component>
      <object_component id="oc-34d">
         <name>.data:_device</name>
         <load_address>0x200004f0</load_address>
         <run_address>0x200004f0</run_address>
         <size>0x78</size>
         <input_file_ref idref="fl-da"/>
      </object_component>
      <object_component id="oc-30c">
         <name>.data:_stream</name>
         <load_address>0x20000568</load_address>
         <run_address>0x20000568</run_address>
         <size>0x50</size>
         <input_file_ref idref="fl-da"/>
      </object_component>
      <object_component id="oc-28a">
         <name>.data</name>
         <load_address>0x200005e8</load_address>
         <run_address>0x200005e8</run_address>
         <size>0x4</size>
         <input_file_ref idref="fl-db"/>
      </object_component>
      <object_component id="oc-374">
         <name>.data:$O1$$</name>
         <load_address>0x200005d4</load_address>
         <run_address>0x200005d4</run_address>
         <size>0xc</size>
         <input_file_ref idref="fl-f5"/>
      </object_component>
      <object_component id="oc-3f7">
         <name>.bss:_CIOBUF_</name>
         <uninitialized>true</uninitialized>
         <run_address>0x200005f0</run_address>
         <size>0x120</size>
         <input_file_ref idref="fl-f3"/>
      </object_component>
      <object_component id="oc-3c4">
         <name>.common:__TI_tmpnams</name>
         <uninitialized>true</uninitialized>
         <run_address>0x20000710</run_address>
         <size>0xa0</size>
      </object_component>
      <object_component id="oc-3d5">
         <name>.common:parmbuf</name>
         <uninitialized>true</uninitialized>
         <run_address>0x200007b0</run_address>
         <size>0x8</size>
      </object_component>
      <object_component id="oc-29">
         <name>.sysmem</name>
         <uninitialized>true</uninitialized>
         <run_address>0x20000000</run_address>
         <size>0x8</size>
         <input_file_ref idref="fl-f5"/>
      </object_component>
      <object_component id="oc-46d">
         <name>.sysmem</name>
         <uninitialized>true</uninitialized>
         <run_address>0x20000000</run_address>
         <size>0x0</size>
      </object_component>
      <object_component id="oc-26">
         <name>.stack</name>
         <uninitialized>true</uninitialized>
         <run_address>0x2000fe00</run_address>
         <size>0x4</size>
         <input_file_ref idref="fl-c6"/>
      </object_component>
      <object_component id="oc-46c">
         <name>.stack</name>
         <uninitialized>true</uninitialized>
         <run_address>0x2000fe00</run_address>
         <size>0x0</size>
      </object_component>
      <object_component id="oc-132">
         <name>.debug_info</name>
         <load_address>0x0</load_address>
         <run_address>0x0</run_address>
         <size>0x388</size>
         <input_file_ref idref="fl-2"/>
      </object_component>
      <object_component id="oc-b2">
         <name>.debug_info</name>
         <load_address>0x388</load_address>
         <run_address>0x388</run_address>
         <size>0x26b</size>
         <input_file_ref idref="fl-2"/>
      </object_component>
      <object_component id="oc-165">
         <name>.debug_info</name>
         <load_address>0x5f3</load_address>
         <run_address>0x5f3</run_address>
         <size>0x1055</size>
         <input_file_ref idref="fl-2"/>
      </object_component>
      <object_component id="oc-160">
         <name>.debug_info</name>
         <load_address>0x1648</load_address>
         <run_address>0x1648</run_address>
         <size>0x37e2</size>
         <input_file_ref idref="fl-2"/>
      </object_component>
      <object_component id="oc-32">
         <name>.debug_info</name>
         <load_address>0x4e2a</load_address>
         <run_address>0x4e2a</run_address>
         <size>0x84</size>
         <input_file_ref idref="fl-2"/>
      </object_component>
      <object_component id="oc-12d">
         <name>.debug_info</name>
         <load_address>0x4eae</load_address>
         <run_address>0x4eae</run_address>
         <size>0x297</size>
         <input_file_ref idref="fl-2"/>
      </object_component>
      <object_component id="oc-128">
         <name>.debug_info</name>
         <load_address>0x5145</load_address>
         <run_address>0x5145</run_address>
         <size>0xbb</size>
         <input_file_ref idref="fl-2"/>
      </object_component>
      <object_component id="oc-d4">
         <name>.debug_info</name>
         <load_address>0x5200</load_address>
         <run_address>0x5200</run_address>
         <size>0x30f</size>
         <input_file_ref idref="fl-3"/>
      </object_component>
      <object_component id="oc-98">
         <name>.debug_info</name>
         <load_address>0x550f</load_address>
         <run_address>0x550f</run_address>
         <size>0x19e</size>
         <input_file_ref idref="fl-4"/>
      </object_component>
      <object_component id="oc-e0">
         <name>.debug_info</name>
         <load_address>0x56ad</load_address>
         <run_address>0x56ad</run_address>
         <size>0x168</size>
         <input_file_ref idref="fl-5"/>
      </object_component>
      <object_component id="oc-6f">
         <name>.debug_info</name>
         <load_address>0x5815</load_address>
         <run_address>0x5815</run_address>
         <size>0x2c3</size>
         <input_file_ref idref="fl-6"/>
      </object_component>
      <object_component id="oc-24">
         <name>.debug_info</name>
         <load_address>0x5ad8</load_address>
         <run_address>0x5ad8</run_address>
         <size>0xef</size>
         <input_file_ref idref="fl-6"/>
      </object_component>
      <object_component id="oc-68">
         <name>.debug_info</name>
         <load_address>0x5bc7</load_address>
         <run_address>0x5bc7</run_address>
         <size>0x1b6</size>
         <input_file_ref idref="fl-6"/>
      </object_component>
      <object_component id="oc-125">
         <name>.debug_info</name>
         <load_address>0x5d7d</load_address>
         <run_address>0x5d7d</run_address>
         <size>0xe8</size>
         <input_file_ref idref="fl-7"/>
      </object_component>
      <object_component id="oc-ab">
         <name>.debug_info</name>
         <load_address>0x5e65</load_address>
         <run_address>0x5e65</run_address>
         <size>0x25a</size>
         <input_file_ref idref="fl-7"/>
      </object_component>
      <object_component id="oc-dc">
         <name>.debug_info</name>
         <load_address>0x60bf</load_address>
         <run_address>0x60bf</run_address>
         <size>0x2be</size>
         <input_file_ref idref="fl-8"/>
      </object_component>
      <object_component id="oc-8a">
         <name>.debug_info</name>
         <load_address>0x637d</load_address>
         <run_address>0x637d</run_address>
         <size>0x313</size>
         <input_file_ref idref="fl-c2"/>
      </object_component>
      <object_component id="oc-44">
         <name>.debug_info</name>
         <load_address>0x6690</load_address>
         <run_address>0x6690</run_address>
         <size>0x1b4</size>
         <input_file_ref idref="fl-c2"/>
      </object_component>
      <object_component id="oc-85">
         <name>.debug_info</name>
         <load_address>0x6844</load_address>
         <run_address>0x6844</run_address>
         <size>0x46</size>
         <input_file_ref idref="fl-c2"/>
      </object_component>
      <object_component id="oc-ca">
         <name>.debug_info</name>
         <load_address>0x688a</load_address>
         <run_address>0x688a</run_address>
         <size>0x2c</size>
         <input_file_ref idref="fl-c2"/>
      </object_component>
      <object_component id="oc-42">
         <name>.debug_info</name>
         <load_address>0x68b6</load_address>
         <run_address>0x68b6</run_address>
         <size>0x29d</size>
         <input_file_ref idref="fl-c3"/>
      </object_component>
      <object_component id="oc-1b">
         <name>.debug_info</name>
         <load_address>0x6b53</load_address>
         <run_address>0x6b53</run_address>
         <size>0x1df</size>
         <input_file_ref idref="fl-c3"/>
      </object_component>
      <object_component id="oc-3d">
         <name>.debug_info</name>
         <load_address>0x6d32</load_address>
         <run_address>0x6d32</run_address>
         <size>0x46</size>
         <input_file_ref idref="fl-c3"/>
      </object_component>
      <object_component id="oc-7d">
         <name>.debug_info</name>
         <load_address>0x6d78</load_address>
         <run_address>0x6d78</run_address>
         <size>0x2c</size>
         <input_file_ref idref="fl-c3"/>
      </object_component>
      <object_component id="oc-7b">
         <name>.debug_info</name>
         <load_address>0x6da4</load_address>
         <run_address>0x6da4</run_address>
         <size>0x293</size>
         <input_file_ref idref="fl-c4"/>
      </object_component>
      <object_component id="oc-15">
         <name>.debug_info</name>
         <load_address>0x7037</load_address>
         <run_address>0x7037</run_address>
         <size>0x245</size>
         <input_file_ref idref="fl-c4"/>
      </object_component>
      <object_component id="oc-2d">
         <name>.debug_info</name>
         <load_address>0x727c</load_address>
         <run_address>0x727c</run_address>
         <size>0x60</size>
         <input_file_ref idref="fl-c4"/>
      </object_component>
      <object_component id="oc-c3">
         <name>.debug_info</name>
         <load_address>0x72dc</load_address>
         <run_address>0x72dc</run_address>
         <size>0x46</size>
         <input_file_ref idref="fl-c4"/>
      </object_component>
      <object_component id="oc-76">
         <name>.debug_info</name>
         <load_address>0x7322</load_address>
         <run_address>0x7322</run_address>
         <size>0x39</size>
         <input_file_ref idref="fl-c4"/>
      </object_component>
      <object_component id="oc-180">
         <name>.debug_info</name>
         <load_address>0x735b</load_address>
         <run_address>0x735b</run_address>
         <size>0x3da</size>
         <input_file_ref idref="fl-c5"/>
      </object_component>
      <object_component id="oc-17c">
         <name>.debug_info</name>
         <load_address>0x7735</load_address>
         <run_address>0x7735</run_address>
         <size>0x14c</size>
         <input_file_ref idref="fl-c5"/>
      </object_component>
      <object_component id="oc-175">
         <name>.debug_info</name>
         <load_address>0x7881</load_address>
         <run_address>0x7881</run_address>
         <size>0x15b</size>
         <input_file_ref idref="fl-c5"/>
      </object_component>
      <object_component id="oc-135">
         <name>.debug_info</name>
         <load_address>0x79dc</load_address>
         <run_address>0x79dc</run_address>
         <size>0x1a1</size>
         <input_file_ref idref="fl-c5"/>
      </object_component>
      <object_component id="oc-208">
         <name>.debug_info</name>
         <load_address>0x7b7d</load_address>
         <run_address>0x7b7d</run_address>
         <size>0xb2</size>
         <input_file_ref idref="fl-c5"/>
      </object_component>
      <object_component id="oc-20d">
         <name>.debug_info</name>
         <load_address>0x7c2f</load_address>
         <run_address>0x7c2f</run_address>
         <size>0x4e</size>
         <input_file_ref idref="fl-c5"/>
      </object_component>
      <object_component id="oc-181">
         <name>.debug_info</name>
         <load_address>0x7c7d</load_address>
         <run_address>0x7c7d</run_address>
         <size>0x2c</size>
         <input_file_ref idref="fl-c5"/>
      </object_component>
      <object_component id="oc-27">
         <name>.debug_info</name>
         <load_address>0x7ca9</load_address>
         <run_address>0x7ca9</run_address>
         <size>0x100</size>
         <input_file_ref idref="fl-c6"/>
      </object_component>
      <object_component id="oc-56">
         <name>.debug_info</name>
         <load_address>0x7da9</load_address>
         <run_address>0x7da9</run_address>
         <size>0x1a4</size>
         <input_file_ref idref="fl-c6"/>
      </object_component>
      <object_component id="oc-8d">
         <name>.debug_info</name>
         <load_address>0x7f4d</load_address>
         <run_address>0x7f4d</run_address>
         <size>0x13f</size>
         <input_file_ref idref="fl-c7"/>
      </object_component>
      <object_component id="oc-39">
         <name>.debug_info</name>
         <load_address>0x808c</load_address>
         <run_address>0x808c</run_address>
         <size>0x111</size>
         <input_file_ref idref="fl-c8"/>
      </object_component>
      <object_component id="oc-147">
         <name>.debug_info</name>
         <load_address>0x819d</load_address>
         <run_address>0x819d</run_address>
         <size>0x547</size>
         <input_file_ref idref="fl-c9"/>
      </object_component>
      <object_component id="oc-f5">
         <name>.debug_info</name>
         <load_address>0x86e4</load_address>
         <run_address>0x86e4</run_address>
         <size>0x19b</size>
         <input_file_ref idref="fl-c9"/>
      </object_component>
      <object_component id="oc-196">
         <name>.debug_info</name>
         <load_address>0x887f</load_address>
         <run_address>0x887f</run_address>
         <size>0x39</size>
         <input_file_ref idref="fl-c9"/>
      </object_component>
      <object_component id="oc-215">
         <name>.debug_info</name>
         <load_address>0x88b8</load_address>
         <run_address>0x88b8</run_address>
         <size>0x39</size>
         <input_file_ref idref="fl-c9"/>
      </object_component>
      <object_component id="oc-19b">
         <name>.debug_info</name>
         <load_address>0x88f1</load_address>
         <run_address>0x88f1</run_address>
         <size>0x39</size>
         <input_file_ref idref="fl-c9"/>
      </object_component>
      <object_component id="oc-1a0">
         <name>.debug_info</name>
         <load_address>0x892a</load_address>
         <run_address>0x892a</run_address>
         <size>0xcd</size>
         <input_file_ref idref="fl-c9"/>
      </object_component>
      <object_component id="oc-95">
         <name>.debug_info</name>
         <load_address>0x89f7</load_address>
         <run_address>0x89f7</run_address>
         <size>0x148</size>
         <input_file_ref idref="fl-ca"/>
      </object_component>
      <object_component id="oc-144">
         <name>.debug_info</name>
         <load_address>0x8b3f</load_address>
         <run_address>0x8b3f</run_address>
         <size>0x3a2</size>
         <input_file_ref idref="fl-cc"/>
      </object_component>
      <object_component id="oc-13e">
         <name>.debug_info</name>
         <load_address>0x8ee1</load_address>
         <run_address>0x8ee1</run_address>
         <size>0x185</size>
         <input_file_ref idref="fl-cc"/>
      </object_component>
      <object_component id="oc-e9">
         <name>.debug_info</name>
         <load_address>0x9066</load_address>
         <run_address>0x9066</run_address>
         <size>0x117</size>
         <input_file_ref idref="fl-cc"/>
      </object_component>
      <object_component id="oc-f0">
         <name>.debug_info</name>
         <load_address>0x917d</load_address>
         <run_address>0x917d</run_address>
         <size>0x179</size>
         <input_file_ref idref="fl-cc"/>
      </object_component>
      <object_component id="oc-190">
         <name>.debug_info</name>
         <load_address>0x92f6</load_address>
         <run_address>0x92f6</run_address>
         <size>0x2be</size>
         <input_file_ref idref="fl-cd"/>
      </object_component>
      <object_component id="oc-141">
         <name>.debug_info</name>
         <load_address>0x95b4</load_address>
         <run_address>0x95b4</run_address>
         <size>0x113</size>
         <input_file_ref idref="fl-cd"/>
      </object_component>
      <object_component id="oc-18b">
         <name>.debug_info</name>
         <load_address>0x96c7</load_address>
         <run_address>0x96c7</run_address>
         <size>0x123</size>
         <input_file_ref idref="fl-cd"/>
      </object_component>
      <object_component id="oc-1e9">
         <name>.debug_info</name>
         <load_address>0x97ea</load_address>
         <run_address>0x97ea</run_address>
         <size>0x8a6</size>
         <input_file_ref idref="fl-ce"/>
      </object_component>
      <object_component id="oc-1b4">
         <name>.debug_info</name>
         <load_address>0xa090</load_address>
         <run_address>0xa090</run_address>
         <size>0x213</size>
         <input_file_ref idref="fl-ce"/>
      </object_component>
      <object_component id="oc-254">
         <name>.debug_info</name>
         <load_address>0xa2a3</load_address>
         <run_address>0xa2a3</run_address>
         <size>0x1a8</size>
         <input_file_ref idref="fl-ce"/>
      </object_component>
      <object_component id="oc-25a">
         <name>.debug_info</name>
         <load_address>0xa44b</load_address>
         <run_address>0xa44b</run_address>
         <size>0x210</size>
         <input_file_ref idref="fl-ce"/>
      </object_component>
      <object_component id="oc-1bf">
         <name>.debug_info</name>
         <load_address>0xa65b</load_address>
         <run_address>0xa65b</run_address>
         <size>0x3b0</size>
         <input_file_ref idref="fl-ce"/>
      </object_component>
      <object_component id="oc-261">
         <name>.debug_info</name>
         <load_address>0xaa0b</load_address>
         <run_address>0xaa0b</run_address>
         <size>0x2fa</size>
         <input_file_ref idref="fl-ce"/>
      </object_component>
      <object_component id="oc-267">
         <name>.debug_info</name>
         <load_address>0xad05</load_address>
         <run_address>0xad05</run_address>
         <size>0x20a</size>
         <input_file_ref idref="fl-ce"/>
      </object_component>
      <object_component id="oc-1c5">
         <name>.debug_info</name>
         <load_address>0xaf0f</load_address>
         <run_address>0xaf0f</run_address>
         <size>0x20a</size>
         <input_file_ref idref="fl-ce"/>
      </object_component>
      <object_component id="oc-1cb">
         <name>.debug_info</name>
         <load_address>0xb119</load_address>
         <run_address>0xb119</run_address>
         <size>0x2f9</size>
         <input_file_ref idref="fl-ce"/>
      </object_component>
      <object_component id="oc-1d1">
         <name>.debug_info</name>
         <load_address>0xb412</load_address>
         <run_address>0xb412</run_address>
         <size>0x4a5</size>
         <input_file_ref idref="fl-ce"/>
      </object_component>
      <object_component id="oc-16b">
         <name>.debug_info</name>
         <load_address>0xb8b7</load_address>
         <run_address>0xb8b7</run_address>
         <size>0x5cd</size>
         <input_file_ref idref="fl-ce"/>
      </object_component>
      <object_component id="oc-1ea">
         <name>.debug_info</name>
         <load_address>0xbe84</load_address>
         <run_address>0xbe84</run_address>
         <size>0x86</size>
         <input_file_ref idref="fl-ce"/>
      </object_component>
      <object_component id="oc-296">
         <name>.debug_info</name>
         <load_address>0xbf0a</load_address>
         <run_address>0xbf0a</run_address>
         <size>0x39</size>
         <input_file_ref idref="fl-ce"/>
      </object_component>
      <object_component id="oc-2f5">
         <name>.debug_info</name>
         <load_address>0xbf43</load_address>
         <run_address>0xbf43</run_address>
         <size>0xb6</size>
         <input_file_ref idref="fl-ce"/>
      </object_component>
      <object_component id="oc-29b">
         <name>.debug_info</name>
         <load_address>0xbff9</load_address>
         <run_address>0xbff9</run_address>
         <size>0x46</size>
         <input_file_ref idref="fl-ce"/>
      </object_component>
      <object_component id="oc-1ef">
         <name>.debug_info</name>
         <load_address>0xc03f</load_address>
         <run_address>0xc03f</run_address>
         <size>0x46</size>
         <input_file_ref idref="fl-ce"/>
      </object_component>
      <object_component id="oc-291">
         <name>.debug_info</name>
         <load_address>0xc085</load_address>
         <run_address>0xc085</run_address>
         <size>0x2c</size>
         <input_file_ref idref="fl-ce"/>
      </object_component>
      <object_component id="oc-227">
         <name>.debug_info</name>
         <load_address>0xc0b1</load_address>
         <run_address>0xc0b1</run_address>
         <size>0x2ae</size>
         <input_file_ref idref="fl-d0"/>
      </object_component>
      <object_component id="oc-1b1">
         <name>.debug_info</name>
         <load_address>0xc35f</load_address>
         <run_address>0xc35f</run_address>
         <size>0x171</size>
         <input_file_ref idref="fl-d0"/>
      </object_component>
      <object_component id="oc-2c2">
         <name>.debug_info</name>
         <load_address>0xc4d0</load_address>
         <run_address>0xc4d0</run_address>
         <size>0xee</size>
         <input_file_ref idref="fl-d1"/>
      </object_component>
      <object_component id="oc-224">
         <name>.debug_info</name>
         <load_address>0xc5be</load_address>
         <run_address>0xc5be</run_address>
         <size>0xfa</size>
         <input_file_ref idref="fl-d1"/>
      </object_component>
      <object_component id="oc-1f6">
         <name>.debug_info</name>
         <load_address>0xc6b8</load_address>
         <run_address>0xc6b8</run_address>
         <size>0x139</size>
         <input_file_ref idref="fl-d2"/>
      </object_component>
      <object_component id="oc-171">
         <name>.debug_info</name>
         <load_address>0xc7f1</load_address>
         <run_address>0xc7f1</run_address>
         <size>0xf7</size>
         <input_file_ref idref="fl-d2"/>
      </object_component>
      <object_component id="oc-380">
         <name>.debug_info</name>
         <load_address>0xc8e8</load_address>
         <run_address>0xc8e8</run_address>
         <size>0x184</size>
         <input_file_ref idref="fl-d2"/>
      </object_component>
      <object_component id="oc-2bd">
         <name>.debug_info</name>
         <load_address>0xca6c</load_address>
         <run_address>0xca6c</run_address>
         <size>0x378</size>
         <input_file_ref idref="fl-d3"/>
      </object_component>
      <object_component id="oc-202">
         <name>.debug_info</name>
         <load_address>0xcde4</load_address>
         <run_address>0xcde4</run_address>
         <size>0x1df</size>
         <input_file_ref idref="fl-d3"/>
      </object_component>
      <object_component id="oc-2bb">
         <name>.debug_info</name>
         <load_address>0xcfc3</load_address>
         <run_address>0xcfc3</run_address>
         <size>0x3f1</size>
         <input_file_ref idref="fl-d4"/>
      </object_component>
      <object_component id="oc-1fa">
         <name>.debug_info</name>
         <load_address>0xd3b4</load_address>
         <run_address>0xd3b4</run_address>
         <size>0x2d7</size>
         <input_file_ref idref="fl-d4"/>
      </object_component>
      <object_component id="oc-2d0">
         <name>.debug_info</name>
         <load_address>0xd68b</load_address>
         <run_address>0xd68b</run_address>
         <size>0x290</size>
         <input_file_ref idref="fl-d5"/>
      </object_component>
      <object_component id="oc-245">
         <name>.debug_info</name>
         <load_address>0xd91b</load_address>
         <run_address>0xd91b</run_address>
         <size>0x1c2</size>
         <input_file_ref idref="fl-d5"/>
      </object_component>
      <object_component id="oc-282">
         <name>.debug_info</name>
         <load_address>0xdadd</load_address>
         <run_address>0xdadd</run_address>
         <size>0x28b</size>
         <input_file_ref idref="fl-d6"/>
      </object_component>
      <object_component id="oc-1d7">
         <name>.debug_info</name>
         <load_address>0xdd68</load_address>
         <run_address>0xdd68</run_address>
         <size>0x1ab</size>
         <input_file_ref idref="fl-d6"/>
      </object_component>
      <object_component id="oc-309">
         <name>.debug_info</name>
         <load_address>0xdf13</load_address>
         <run_address>0xdf13</run_address>
         <size>0x29a</size>
         <input_file_ref idref="fl-d7"/>
      </object_component>
      <object_component id="oc-2ab">
         <name>.debug_info</name>
         <load_address>0xe1ad</load_address>
         <run_address>0xe1ad</run_address>
         <size>0x242</size>
         <input_file_ref idref="fl-d7"/>
      </object_component>
      <object_component id="oc-2e7">
         <name>.debug_info</name>
         <load_address>0xe3ef</load_address>
         <run_address>0xe3ef</run_address>
         <size>0x28f</size>
         <input_file_ref idref="fl-d8"/>
      </object_component>
      <object_component id="oc-27c">
         <name>.debug_info</name>
         <load_address>0xe67e</load_address>
         <run_address>0xe67e</run_address>
         <size>0x247</size>
         <input_file_ref idref="fl-d8"/>
      </object_component>
      <object_component id="oc-222">
         <name>.debug_info</name>
         <load_address>0xe8c5</load_address>
         <run_address>0xe8c5</run_address>
         <size>0x284</size>
         <input_file_ref idref="fl-d9"/>
      </object_component>
      <object_component id="oc-1a8">
         <name>.debug_info</name>
         <load_address>0xeb49</load_address>
         <run_address>0xeb49</run_address>
         <size>0x22a</size>
         <input_file_ref idref="fl-d9"/>
      </object_component>
      <object_component id="oc-310">
         <name>.debug_info</name>
         <load_address>0xed73</load_address>
         <run_address>0xed73</run_address>
         <size>0x4c5</size>
         <input_file_ref idref="fl-da"/>
      </object_component>
      <object_component id="oc-34e">
         <name>.debug_info</name>
         <load_address>0xf238</load_address>
         <run_address>0xf238</run_address>
         <size>0xf8</size>
         <input_file_ref idref="fl-da"/>
      </object_component>
      <object_component id="oc-30d">
         <name>.debug_info</name>
         <load_address>0xf330</load_address>
         <run_address>0xf330</run_address>
         <size>0xf8</size>
         <input_file_ref idref="fl-da"/>
      </object_component>
      <object_component id="oc-2b7">
         <name>.debug_info</name>
         <load_address>0xf428</load_address>
         <run_address>0xf428</run_address>
         <size>0x184</size>
         <input_file_ref idref="fl-da"/>
      </object_component>
      <object_component id="oc-354">
         <name>.debug_info</name>
         <load_address>0xf5ac</load_address>
         <run_address>0xf5ac</run_address>
         <size>0x120</size>
         <input_file_ref idref="fl-da"/>
      </object_component>
      <object_component id="oc-359">
         <name>.debug_info</name>
         <load_address>0xf6cc</load_address>
         <run_address>0xf6cc</run_address>
         <size>0x2c</size>
         <input_file_ref idref="fl-da"/>
      </object_component>
      <object_component id="oc-28e">
         <name>.debug_info</name>
         <load_address>0xf6f8</load_address>
         <run_address>0xf6f8</run_address>
         <size>0x27e</size>
         <input_file_ref idref="fl-db"/>
      </object_component>
      <object_component id="oc-28b">
         <name>.debug_info</name>
         <load_address>0xf976</load_address>
         <run_address>0xf976</run_address>
         <size>0x103</size>
         <input_file_ref idref="fl-db"/>
      </object_component>
      <object_component id="oc-1e6">
         <name>.debug_info</name>
         <load_address>0xfa79</load_address>
         <run_address>0xfa79</run_address>
         <size>0x143</size>
         <input_file_ref idref="fl-db"/>
      </object_component>
      <object_component id="oc-2d8">
         <name>.debug_info</name>
         <load_address>0xfbbc</load_address>
         <run_address>0xfbbc</run_address>
         <size>0x28f</size>
         <input_file_ref idref="fl-dc"/>
      </object_component>
      <object_component id="oc-26f">
         <name>.debug_info</name>
         <load_address>0xfe4b</load_address>
         <run_address>0xfe4b</run_address>
         <size>0x18a</size>
         <input_file_ref idref="fl-dc"/>
      </object_component>
      <object_component id="oc-31c">
         <name>.debug_info</name>
         <load_address>0xffd5</load_address>
         <run_address>0xffd5</run_address>
         <size>0x39</size>
         <input_file_ref idref="fl-dc"/>
      </object_component>
      <object_component id="oc-2d9">
         <name>.debug_info</name>
         <load_address>0x1000e</load_address>
         <run_address>0x1000e</run_address>
         <size>0x2c</size>
         <input_file_ref idref="fl-dc"/>
      </object_component>
      <object_component id="oc-2e5">
         <name>.debug_info</name>
         <load_address>0x1003a</load_address>
         <run_address>0x1003a</run_address>
         <size>0x2f2</size>
         <input_file_ref idref="fl-dd"/>
      </object_component>
      <object_component id="oc-276">
         <name>.debug_info</name>
         <load_address>0x1032c</load_address>
         <run_address>0x1032c</run_address>
         <size>0x21a</size>
         <input_file_ref idref="fl-dd"/>
      </object_component>
      <object_component id="oc-289">
         <name>.debug_info</name>
         <load_address>0x10546</load_address>
         <run_address>0x10546</run_address>
         <size>0x284</size>
         <input_file_ref idref="fl-de"/>
      </object_component>
      <object_component id="oc-1e0">
         <name>.debug_info</name>
         <load_address>0x107ca</load_address>
         <run_address>0x107ca</run_address>
         <size>0x14f</size>
         <input_file_ref idref="fl-de"/>
      </object_component>
      <object_component id="oc-2ea">
         <name>.debug_info</name>
         <load_address>0x10919</load_address>
         <run_address>0x10919</run_address>
         <size>0x46</size>
         <input_file_ref idref="fl-de"/>
      </object_component>
      <object_component id="oc-284">
         <name>.debug_info</name>
         <load_address>0x1095f</load_address>
         <run_address>0x1095f</run_address>
         <size>0x39</size>
         <input_file_ref idref="fl-de"/>
      </object_component>
      <object_component id="oc-2df">
         <name>.debug_info</name>
         <load_address>0x10998</load_address>
         <run_address>0x10998</run_address>
         <size>0x156</size>
         <input_file_ref idref="fl-df"/>
      </object_component>
      <object_component id="oc-229">
         <name>.debug_info</name>
         <load_address>0x10aee</load_address>
         <run_address>0x10aee</run_address>
         <size>0x12c</size>
         <input_file_ref idref="fl-e0"/>
      </object_component>
      <object_component id="oc-251">
         <name>.debug_info</name>
         <load_address>0x10c1a</load_address>
         <run_address>0x10c1a</run_address>
         <size>0x144</size>
         <input_file_ref idref="fl-e1"/>
      </object_component>
      <object_component id="oc-1ba">
         <name>.debug_info</name>
         <load_address>0x10d5e</load_address>
         <run_address>0x10d5e</run_address>
         <size>0x120</size>
         <input_file_ref idref="fl-e2"/>
      </object_component>
      <object_component id="oc-23a">
         <name>.debug_info</name>
         <load_address>0x10e7e</load_address>
         <run_address>0x10e7e</run_address>
         <size>0x122</size>
         <input_file_ref idref="fl-e2"/>
      </object_component>
      <object_component id="oc-235">
         <name>.debug_info</name>
         <load_address>0x10fa0</load_address>
         <run_address>0x10fa0</run_address>
         <size>0x132</size>
         <input_file_ref idref="fl-e3"/>
      </object_component>
      <object_component id="oc-231">
         <name>.debug_info</name>
         <load_address>0x110d2</load_address>
         <run_address>0x110d2</run_address>
         <size>0x132</size>
         <input_file_ref idref="fl-e4"/>
      </object_component>
      <object_component id="oc-23f">
         <name>.debug_info</name>
         <load_address>0x11204</load_address>
         <run_address>0x11204</run_address>
         <size>0x126</size>
         <input_file_ref idref="fl-e5"/>
      </object_component>
      <object_component id="oc-24b">
         <name>.debug_info</name>
         <load_address>0x1132a</load_address>
         <run_address>0x1132a</run_address>
         <size>0x124</size>
         <input_file_ref idref="fl-e6"/>
      </object_component>
      <object_component id="oc-307">
         <name>.debug_info</name>
         <load_address>0x1144e</load_address>
         <run_address>0x1144e</run_address>
         <size>0x2f5</size>
         <input_file_ref idref="fl-e7"/>
      </object_component>
      <object_component id="oc-2a5">
         <name>.debug_info</name>
         <load_address>0x11743</load_address>
         <run_address>0x11743</run_address>
         <size>0x191</size>
         <input_file_ref idref="fl-e7"/>
      </object_component>
      <object_component id="oc-342">
         <name>.debug_info</name>
         <load_address>0x118d4</load_address>
         <run_address>0x118d4</run_address>
         <size>0xbf</size>
         <input_file_ref idref="fl-e7"/>
      </object_component>
      <object_component id="oc-30b">
         <name>.debug_info</name>
         <load_address>0x11993</load_address>
         <run_address>0x11993</run_address>
         <size>0x33c</size>
         <input_file_ref idref="fl-e8"/>
      </object_component>
      <object_component id="oc-2b0">
         <name>.debug_info</name>
         <load_address>0x11ccf</load_address>
         <run_address>0x11ccf</run_address>
         <size>0x17f</size>
         <input_file_ref idref="fl-e8"/>
      </object_component>
      <object_component id="oc-32d">
         <name>.debug_info</name>
         <load_address>0x11e4e</load_address>
         <run_address>0x11e4e</run_address>
         <size>0x319</size>
         <input_file_ref idref="fl-e9"/>
      </object_component>
      <object_component id="oc-2fb">
         <name>.debug_info</name>
         <load_address>0x12167</load_address>
         <run_address>0x12167</run_address>
         <size>0x1e1</size>
         <input_file_ref idref="fl-e9"/>
      </object_component>
      <object_component id="oc-35f">
         <name>.debug_info</name>
         <load_address>0x12348</load_address>
         <run_address>0x12348</run_address>
         <size>0x38c</size>
         <input_file_ref idref="fl-ea"/>
      </object_component>
      <object_component id="oc-328">
         <name>.debug_info</name>
         <load_address>0x126d4</load_address>
         <run_address>0x126d4</run_address>
         <size>0x18a</size>
         <input_file_ref idref="fl-ea"/>
      </object_component>
      <object_component id="oc-341">
         <name>.debug_info</name>
         <load_address>0x1285e</load_address>
         <run_address>0x1285e</run_address>
         <size>0x369</size>
         <input_file_ref idref="fl-eb"/>
      </object_component>
      <object_component id="oc-302">
         <name>.debug_info</name>
         <load_address>0x12bc7</load_address>
         <run_address>0x12bc7</run_address>
         <size>0x200</size>
         <input_file_ref idref="fl-eb"/>
      </object_component>
      <object_component id="oc-3da">
         <name>.debug_info</name>
         <load_address>0x12dc7</load_address>
         <run_address>0x12dc7</run_address>
         <size>0x368</size>
         <input_file_ref idref="fl-ec"/>
      </object_component>
      <object_component id="oc-38c">
         <name>.debug_info</name>
         <load_address>0x1312f</load_address>
         <run_address>0x1312f</run_address>
         <size>0x1b1</size>
         <input_file_ref idref="fl-ec"/>
      </object_component>
      <object_component id="oc-3e0">
         <name>.debug_info</name>
         <load_address>0x132e0</load_address>
         <run_address>0x132e0</run_address>
         <size>0x36d</size>
         <input_file_ref idref="fl-ed"/>
      </object_component>
      <object_component id="oc-39f">
         <name>.debug_info</name>
         <load_address>0x1364d</load_address>
         <run_address>0x1364d</run_address>
         <size>0x205</size>
         <input_file_ref idref="fl-ed"/>
      </object_component>
      <object_component id="oc-3d6">
         <name>.debug_info</name>
         <load_address>0x13852</load_address>
         <run_address>0x13852</run_address>
         <size>0x398</size>
         <input_file_ref idref="fl-ee"/>
      </object_component>
      <object_component id="oc-386">
         <name>.debug_info</name>
         <load_address>0x13bea</load_address>
         <run_address>0x13bea</run_address>
         <size>0x201</size>
         <input_file_ref idref="fl-ee"/>
      </object_component>
      <object_component id="oc-3dc">
         <name>.debug_info</name>
         <load_address>0x13deb</load_address>
         <run_address>0x13deb</run_address>
         <size>0x36c</size>
         <input_file_ref idref="fl-ef"/>
      </object_component>
      <object_component id="oc-392">
         <name>.debug_info</name>
         <load_address>0x14157</load_address>
         <run_address>0x14157</run_address>
         <size>0x1f0</size>
         <input_file_ref idref="fl-ef"/>
      </object_component>
      <object_component id="oc-3ea">
         <name>.debug_info</name>
         <load_address>0x14347</load_address>
         <run_address>0x14347</run_address>
         <size>0x3ca</size>
         <input_file_ref idref="fl-f0"/>
      </object_component>
      <object_component id="oc-3aa">
         <name>.debug_info</name>
         <load_address>0x14711</load_address>
         <run_address>0x14711</run_address>
         <size>0x22b</size>
         <input_file_ref idref="fl-f0"/>
      </object_component>
      <object_component id="oc-3e2">
         <name>.debug_info</name>
         <load_address>0x1493c</load_address>
         <run_address>0x1493c</run_address>
         <size>0x38b</size>
         <input_file_ref idref="fl-f1"/>
      </object_component>
      <object_component id="oc-3a6">
         <name>.debug_info</name>
         <load_address>0x14cc7</load_address>
         <run_address>0x14cc7</run_address>
         <size>0x1bb</size>
         <input_file_ref idref="fl-f1"/>
      </object_component>
      <object_component id="oc-3de">
         <name>.debug_info</name>
         <load_address>0x14e82</load_address>
         <run_address>0x14e82</run_address>
         <size>0x36d</size>
         <input_file_ref idref="fl-f2"/>
      </object_component>
      <object_component id="oc-399">
         <name>.debug_info</name>
[...]
         <value>0x2451</value>
         <object_component_ref idref="oc-8b"/>
      </symbol>
      <symbol id="sm-1d4">
         <name>__aeabi_memclr</name>
         <value>0x2451</value>
         <object_component_ref idref="oc-8b"/>
      </symbol>
      <symbol id="sm-1ef">
         <name>memcpy</name>
         <value>0x2187</value>
         <object_component_ref idref="oc-37"/>
      </symbol>
      <symbol id="sm-1f0">
         <name>__aeabi_memcpy</name>
         <value>0x2187</value>
         <object_component_ref idref="oc-37"/>
      </symbol>
      <symbol id="sm-1f1">
         <name>__aeabi_memcpy8</name>
         <value>0x2187</value>
         <object_component_ref idref="oc-37"/>
      </symbol>
      <symbol id="sm-1f2">
         <name>__aeabi_memcpy4</name>
         <value>0x2187</value>
         <object_component_ref idref="oc-37"/>
      </symbol>
      <symbol id="sm-21a">
         <name>__TI_auto_init_nobinit_nopinit</name>
         <value>0x2d0d</value>
         <object_component_ref idref="oc-f2"/>
      </symbol>
      <symbol id="sm-224">
         <name>_system_pre_init</name>
         <value>0x31b1</value>
         <object_component_ref idref="oc-91"/>
      </symbol>
      <symbol id="sm-24b">
         <name>C$$EXIT</name>
         <value>0x31b5</value>
         <object_component_ref idref="oc-e6"/>
      </symbol>
      <symbol id="sm-24c">
         <name>abort</name>
         <value>0x31b5</value>
         <object_component_ref idref="oc-e6"/>
      </symbol>
      <symbol id="sm-24d">
         <name>__TI_dtors_ptr</name>
         <value>0x200005cc</value>
         <object_component_ref idref="oc-13d"/>
      </symbol>
      <symbol id="sm-24e">
         <name>__TI_cleanup_ptr</name>
         <value>0x200005c8</value>
         <object_component_ref idref="oc-13d"/>
      </symbol>
      <symbol id="sm-24f">
         <name>__TI_enable_exit_profile_output</name>
         <value>0x200005d0</value>
         <object_component_ref idref="oc-13d"/>
      </symbol>
      <symbol id="sm-250">
         <name>exit</name>
         <value>0x2bf5</value>
         <object_component_ref idref="oc-ec"/>
      </symbol>
      <symbol id="sm-265">
         <name>_nop</name>
         <value>0xb43</value>
         <object_component_ref idref="oc-188"/>
      </symbol>
      <symbol id="sm-266">
         <name>_lock</name>
         <value>0x200005e0</value>
         <object_component_ref idref="oc-140"/>
      </symbol>
      <symbol id="sm-267">
         <name>_unlock</name>
         <value>0x200005e4</value>
         <object_component_ref idref="oc-140"/>
      </symbol>
      <symbol id="sm-3d1">
         <name>__TI_printfi</name>
         <value>0xe5</value>
         <object_component_ref idref="oc-16a"/>
      </symbol>
      <symbol id="sm-3e8">
         <name>atoi</name>
         <value>0x2ba9</value>
         <object_component_ref idref="oc-1ad"/>
      </symbol>
      <symbol id="sm-3f3">
         <name>_ctypes_</name>
         <value>0x31b8</value>
         <object_component_ref idref="oc-223"/>
      </symbol>
      <symbol id="sm-408">
         <name>__TI_tmpnams</name>
         <value>0x20000710</value>
      </symbol>
      <symbol id="sm-409">
         <name>__aeabi_stdout</name>
         <value>0x200005c0</value>
         <object_component_ref idref="oc-37f"/>
      </symbol>
      <symbol id="sm-40a">
         <name>__aeabi_stderr</name>
         <value>0x200005c4</value>
         <object_component_ref idref="oc-37f"/>
      </symbol>
      <symbol id="sm-40b">
         <name>__aeabi_stdin</name>
         <value>0x200005bc</value>
         <object_component_ref idref="oc-37f"/>
      </symbol>
      <symbol id="sm-40c">
         <name>_ftable</name>
         <value>0x20000400</value>
         <object_component_ref idref="oc-170"/>
      </symbol>
      <symbol id="sm-40d">
         <name>__TI_ft_end</name>
         <value>0x200005b8</value>
         <object_component_ref idref="oc-37f"/>
      </symbol>
      <symbol id="sm-422">
         <name>putc</name>
         <value>0x22b9</value>
         <object_component_ref idref="oc-1ff"/>
      </symbol>
      <symbol id="sm-423">
         <name>fputc</name>
         <value>0x22b9</value>
         <object_component_ref idref="oc-1ff"/>
      </symbol>
      <symbol id="sm-441">
         <name>fputs</name>
         <value>0x1aed</value>
         <object_component_ref idref="oc-1f8"/>
      </symbol>
      <symbol id="sm-450">
         <name>ltoa</name>
         <value>0x2ab7</value>
         <object_component_ref idref="oc-243"/>
      </symbol>
      <symbol id="sm-460">
         <name>memccpy</name>
         <value>0x30c1</value>
         <object_component_ref idref="oc-1d6"/>
      </symbol>
      <symbol id="sm-470">
         <name>memchr</name>
         <value>0x30a1</value>
         <object_component_ref idref="oc-2a8"/>
      </symbol>
      <symbol id="sm-480">
         <name>strchr</name>
         <value>0x310d</value>
         <object_component_ref idref="oc-27a"/>
      </symbol>
      <symbol id="sm-48e">
         <name>strlen</name>
         <value>0x314b</value>
         <object_component_ref idref="oc-1a7"/>
      </symbol>
      <symbol id="sm-4b4">
         <name>_stream</name>
         <value>0x20000568</value>
         <object_component_ref idref="oc-30c"/>
      </symbol>
      <symbol id="sm-4b5">
         <name>_device</name>
         <value>0x200004f0</value>
         <object_component_ref idref="oc-34d"/>
      </symbol>
      <symbol id="sm-4b6">
         <name>write</name>
         <value>0x3079</value>
         <object_component_ref idref="oc-2b4"/>
      </symbol>
      <symbol id="sm-4cc">
         <name>__aeabi_errno_addr</name>
         <value>0x31a1</value>
         <object_component_ref idref="oc-1e2"/>
      </symbol>
      <symbol id="sm-4cd">
         <name>errno</name>
         <value>0x200005e8</value>
         <object_component_ref idref="oc-28a"/>
      </symbol>
      <symbol id="sm-4ed">
         <name>frexpl</name>
         <value>0x27c9</value>
         <object_component_ref idref="oc-26e"/>
      </symbol>
      <symbol id="sm-4ee">
         <name>frexp</name>
         <value>0x27c9</value>
         <object_component_ref idref="oc-26e"/>
      </symbol>
      <symbol id="sm-50b">
         <name>scalbn</name>
         <value>0x1d15</value>
         <object_component_ref idref="oc-274"/>
      </symbol>
      <symbol id="sm-50c">
         <name>scalbnl</name>
         <value>0x1d15</value>
         <object_component_ref idref="oc-274"/>
      </symbol>
      <symbol id="sm-50d">
         <name>ldexpl</name>
         <value>0x1d15</value>
         <object_component_ref idref="oc-274"/>
      </symbol>
      <symbol id="sm-50e">
         <name>ldexp</name>
         <value>0x1d15</value>
         <object_component_ref idref="oc-274"/>
      </symbol>
      <symbol id="sm-527">
         <name>wcslen</name>
         <value>0x3171</value>
         <object_component_ref idref="oc-1dc"/>
      </symbol>
      <symbol id="sm-531">
         <name>copysign</name>
         <value>0x3123</value>
         <object_component_ref idref="oc-2de"/>
      </symbol>
      <symbol id="sm-532">
         <name>copysignl</name>
         <value>0x3123</value>
         <object_component_ref idref="oc-2de"/>
      </symbol>
      <symbol id="sm-53f">
         <name>__aeabi_uldivmod</name>
         <value>0x2223</value>
         <object_component_ref idref="oc-228"/>
      </symbol>
      <symbol id="sm-556">
         <name>__aeabi_dsub</name>
         <value>0x15a1</value>
         <object_component_ref idref="oc-24e"/>
      </symbol>
      <symbol id="sm-557">
         <name>__aeabi_dadd</name>
         <value>0x15ab</value>
         <object_component_ref idref="oc-24e"/>
      </symbol>
      <symbol id="sm-579">
         <name>__aeabi_cdcmpeq</name>
         <value>0x2345</value>
         <object_component_ref idref="oc-1b9"/>
      </symbol>
      <symbol id="sm-57a">
         <name>__aeabi_cdcmple</name>
         <value>0x2345</value>
         <object_component_ref idref="oc-1b9"/>
      </symbol>
      <symbol id="sm-57b">
         <name>__aeabi_cdrcmple</name>
         <value>0x23cb</value>
         <object_component_ref idref="oc-239"/>
      </symbol>
      <symbol id="sm-58f">
         <name>__aeabi_ddiv</name>
         <value>0x1895</value>
         <object_component_ref idref="oc-234"/>
      </symbol>
      <symbol id="sm-59a">
         <name>__aeabi_dmul</name>
         <value>0x1e25</value>
         <object_component_ref idref="oc-22f"/>
      </symbol>
      <symbol id="sm-5a4">
         <name>__aeabi_d2iz</name>
         <value>0x2c3d</value>
         <object_component_ref idref="oc-23e"/>
      </symbol>
      <symbol id="sm-5ae">
         <name>__aeabi_i2d</name>
         <value>0x2fcd</value>
         <object_component_ref idref="oc-249"/>
      </symbol>
      <symbol id="sm-5c6">
         <name>__TI_wrt_ok</name>
         <value>0x2891</value>
         <object_component_ref idref="oc-2a2"/>
      </symbol>
      <symbol id="sm-5d6">
         <name>__TI_doflush</name>
         <value>0x2b5d</value>
         <object_component_ref idref="oc-2ae"/>
      </symbol>
      <symbol id="sm-5e8">
         <name>fseek</name>
         <value>0x282d</value>
         <object_component_ref idref="oc-2fa"/>
      </symbol>
      <symbol id="sm-5f8">
         <name>lseek</name>
         <value>0x3029</value>
         <object_component_ref idref="oc-326"/>
      </symbol>
      <symbol id="sm-614">
         <name>setvbuf</name>
         <value>0x1f21</value>
         <object_component_ref idref="oc-300"/>
      </symbol>
      <symbol id="sm-625">
         <name>HOSTclose</name>
         <value>0x2c85</value>
         <object_component_ref idref="oc-38b"/>
      </symbol>
      <symbol id="sm-636">
         <name>HOSTlseek</name>
         <value>0x2629</value>
         <object_component_ref idref="oc-39d"/>
      </symbol>
      <symbol id="sm-648">
         <name>parmbuf</name>
         <value>0x200007b0</value>
      </symbol>
      <symbol id="sm-649">
         <name>HOSTopen</name>
         <value>0x28f5</value>
         <object_component_ref idref="oc-385"/>
      </symbol>
      <symbol id="sm-65a">
         <name>HOSTread</name>
         <value>0x29b1</value>
         <object_component_ref idref="oc-391"/>
      </symbol>
      <symbol id="sm-66b">
         <name>HOSTrename</name>
         <value>0x2691</value>
         <object_component_ref idref="oc-3a9"/>
      </symbol>
      <symbol id="sm-67c">
         <name>HOSTunlink</name>
         <value>0x2cc9</value>
         <object_component_ref idref="oc-3a3"/>
      </symbol>
      <symbol id="sm-68d">
         <name>HOSTwrite</name>
         <value>0x2a09</value>
         <object_component_ref idref="oc-397"/>
      </symbol>
      <symbol id="sm-6b1">
         <name>__TI_readmsg</name>
         <value>0x2f69</value>
         <object_component_ref idref="oc-3cf"/>
      </symbol>
      <symbol id="sm-6b2">
         <name>C$$IO$$</name>
         <value>0x2e83</value>
         <object_component_ref idref="oc-3c9"/>
      </symbol>
      <symbol id="sm-6b3">
         <name>__CIOBUF_</name>
         <value>0x200005f0</value>
         <object_component_ref idref="oc-3f7"/>
      </symbol>
      <symbol id="sm-6b4">
         <name>__TI_writemsg</name>
         <value>0x2e55</value>
         <object_component_ref idref="oc-3c9"/>
      </symbol>
      <symbol id="sm-6be">
         <name>__aeabi_idiv0</name>
         <value>0x1757</value>
         <object_component_ref idref="oc-2c5"/>
      </symbol>
      <symbol id="sm-6bf">
         <name>__aeabi_ldiv0</name>
         <value>0x1757</value>
         <object_component_ref idref="oc-2c5"/>
      </symbol>
      <symbol id="sm-73a">
         <name>_sys_memory</name>
         <value>0x20000000</value>
         <object_component_ref idref="oc-29"/>
      </symbol>
      <symbol id="sm-73b">
         <name>free</name>
         <value>0x1ffd</value>
         <object_component_ref idref="oc-32e"/>
      </symbol>
      <symbol id="sm-73c">
         <name>malloc</name>
         <value>0x24cd</value>
         <object_component_ref idref="oc-334"/>
      </symbol>
      <symbol id="sm-73d">
         <name>minit</name>
         <value>0x2ec5</value>
         <object_component_ref idref="oc-362"/>
      </symbol>
      <symbol id="sm-74d">
         <name>__TI_cleanup</name>
         <value>0x2f35</value>
         <object_component_ref idref="oc-33a"/>
      </symbol>
      <symbol id="sm-75c">
         <name>strcpy</name>
         <value>0x3137</value>
         <object_component_ref idref="oc-3e3"/>
      </symbol>
      <symbol id="sm-771">
         <name>__TI_closefile</name>
         <value>0x2545</value>
         <object_component_ref idref="oc-379"/>
      </symbol>
      <symbol id="sm-794">
         <name>finddevice</name>
         <value>0x2f9d</value>
         <object_component_ref idref="oc-415"/>
      </symbol>
      <symbol id="sm-795">
         <name>getdevice</name>
         <value>0x2d51</value>
         <object_component_ref idref="oc-3ed"/>
      </symbol>
      <symbol id="sm-7a5">
         <name>strcmp</name>
         <value>0x30f5</value>
         <object_component_ref idref="oc-42c"/>
      </symbol>
      <symbol id="sm-7b5">
         <name>strncpy</name>
         <value>0x2efd</value>
         <object_component_ref idref="oc-40f"/>
      </symbol>
      <symbol id="sm-7c5">
         <name>unlink</name>
         <value>0x2ffd</value>
         <object_component_ref idref="oc-3be"/>
      </symbol>
      <symbol id="sm-7d9">
         <name>close</name>
         <value>0x2955</value>
         <object_component_ref idref="oc-3b8"/>
      </symbol>
      <symbol id="sm-7da">
         <name>__TI_static_base__</name>
         <value>0x0</value>
      </symbol>
      <symbol id="sm-7dd">
         <name>__mpu_init</name>
         <value>0x0</value>
      </symbol>
      <symbol id="sm-7de">
         <name>_system_post_cinit</name>
         <value>0x0</value>
      </symbol>
      <symbol id="sm-7df">
         <name>NMI_Handler</name>
         <value>0x319d</value>
      </symbol>
      <symbol id="sm-7e0">
         <name>HardFault_Handler</name>
         <value>0x319d</value>
      </symbol>
      <symbol id="sm-7e1">
         <name>MemManage_Handler</name>
         <value>0x319d</value>
      </symbol>
      <symbol id="sm-7e2">
         <name>BusFault_Handler</name>
         <value>0x319d</value>
      </symbol>
      <symbol id="sm-7e3">
         <name>UsageFault_Handler</name>
         <value>0x319d</value>
      </symbol>
      <symbol id="sm-7e4">
         <name>SVC_Handler</name>
         <value>0x319d</value>
      </symbol>
      <symbol id="sm-7e5">
         <name>DebugMon_Handler</name>
         <value>0x319d</value>
      </symbol>
      <symbol id="sm-7e6">
         <name>PendSV_Handler</name>
         <value>0x319d</value>
      </symbol>
      <symbol id="sm-7e7">
         <name>SysTick_Handler</name>
         <value>0x319d</value>
      </symbol>
      <symbol id="sm-7e8">
         <name>PSS_IRQHandler</name>
         <value>0x319d</value>
      </symbol>
      <symbol id="sm-7e9">
         <name>CS_IRQHandler</name>
         <value>0x319d</value>
      </symbol>
      <symbol id="sm-7ea">
         <name>PCM_IRQHandler</name>
         <value>0x319d</value>
      </symbol>
      <symbol id="sm-7eb">
         <name>WDT_A_IRQHandler</name>
         <value>0x319d</value>
      </symbol>
      <symbol id="sm-7ec">
         <name>FPU_IRQHandler</name>
         <value>0x319d</value>
      </symbol>
      <symbol id="sm-7ed">
         <name>FLCTL_IRQHandler</name>
         <value>0x319d</value>
      </symbol>
      <symbol id="sm-7ee">
         <name>COMP_E0_IRQHandler</name>
         <value>0x319d</value>
      </symbol>
      <symbol id="sm-7ef">
         <name>COMP_E1_IRQHandler</name>
         <value>0x319d</value>
      </symbol>
      <symbol id="sm-7f0">
         <name>TA0_0_IRQHandler</name>
         <value>0x319d</value>
      </symbol>
      <symbol id="sm-7f1">
         <name>TA0_N_IRQHandler</name>
         <value>0x319d</value>
      </symbol>
      <symbol id="sm-7f2">
         <name>TA1_0_IRQHandler</name>
         <value>0x319d</value>
      </symbol>
      <symbol id="sm-7f3">
         <name>TA1_N_IRQHandler</name>
         <value>0x319d</value>
      </symbol>
      <symbol id="sm-7f4">
         <name>TA2_0_IRQHandler</name>
         <value>0x319d</value>
      </symbol>
      <symbol id="sm-7f5">
         <name>TA2_N_IRQHandler</name>
         <value>0x319d</value>
      </symbol>
      <symbol id="sm-7f6">
         <name>TA3_0_IRQHandler</name>
         <value>0x319d</value>
      </symbol>
      <symbol id="sm-7f7">
         <name>TA3_N_IRQHandler</name>
         <value>0x319d</value>
      </symbol>
      <symbol id="sm-7f8">
         <name>EUSCIA0_IRQHandler</name>
         <value>0x319d</value>
      </symbol>
      <symbol id="sm-7f9">
         <name>EUSCIA1_IRQHandler</name>
         <value>0x319d</value>
      </symbol>
      <symbol id="sm-7fa">
         <name>EUSCIA2_IRQHandler</name>
         <value>0x319d</value>
      </symbol>
      <symbol id="sm-7fb">
         <name>EUSCIA3_IRQHandler</name>
         <value>0x319d</value>
      </symbol>
      <symbol id="sm-7fc">
         <name>EUSCIB0_IRQHandler</name>
         <value>0x319d</value>
      </symbol>
      <symbol id="sm-7fd">
         <name>EUSCIB1_IRQHandler</name>
         <value>0x319d</value>
      </symbol>
      <symbol id="sm-7fe">
         <name>EUSCIB2_IRQHandler</name>
         <value>0x319d</value>
      </symbol>
      <symbol id="sm-7ff">
         <name>EUSCIB3_IRQHandler</name>
         <value>0x319d</value>
      </symbol>
      <symbol id="sm-800">
         <name>ADC14_IRQHandler</name>
         <value>0x319d</value>
      </symbol>
      <symbol id="sm-801">
         <name>T32_INT1_IRQHandler</name>
         <value>0x319d</value>
      </symbol>
      <symbol id="sm-802">
         <name>T32_INT2_IRQHandler</name>
         <value>0x319d</value>
      </symbol>
      <symbol id="sm-803">
         <name>T32_INTC_IRQHandler</name>
         <value>0x319d</value>
      </symbol>
      <symbol id="sm-804">
         <name>AES256_IRQHandler</name>
         <value>0x319d</value>
      </symbol>
      <symbol id="sm-805">
         <name>RTC_C_IRQHandler</name>
         <value>0x319d</value>
      </symbol>
      <symbol id="sm-806">
         <name>DMA_ERR_IRQHandler</name>
         <value>0x319d</value>
      </symbol>
      <symbol id="sm-807">
         <name>DMA_INT3_IRQHandler</name>
         <value>0x319d</value>
      </symbol>
      <symbol id="sm-808">
         <name>DMA_INT2_IRQHandler</name>
         <value>0x319d</value>
      </symbol>
      <symbol id="sm-809">
         <name>DMA_INT1_IRQHandler</name>
         <value>0x319d</value>
      </symbol>
      <symbol id="sm-80a">
         <name>DMA_INT0_IRQHandler</name>
         <value>0x319d</value>
      </symbol>
      <symbol id="sm-80b">
         <name>PORT1_IRQHandler</name>
         <value>0x319d</value>
      </symbol>
      <symbol id="sm-80c">
         <name>PORT2_IRQHandler</name>
         <value>0x319d</value>
      </symbol>
      <symbol id="sm-80d">
         <name>PORT3_IRQHandler</name>
         <value>0x319d</value>
      </symbol>
      <symbol id="sm-80e">
         <name>PORT4_IRQHandler</name>
         <value>0x319d</value>
      </symbol>
      <symbol id="sm-80f">
         <name>PORT5_IRQHandler</name>
         <value>0x319d</value>
      </symbol>
      <symbol id="sm-810">
         <name>PORT6_IRQHandler</name>
         <value>0x319d</value>
      </symbol>
      <symbol id="sm-811">
         <name>remove</name>
         <value>0x2ffd</value>
      </symbol>
   </symbol_table>
   <title>Link successful</title>
</link_info>
