******************************************************************************
                  TI ARM Linker PC v18.1.3                     
******************************************************************************
>> Linked Tue Oct 30 17:35:37 2018

OUTPUT FILE NAME:   <IoT_Project.out>
ENTRY POINT SYMBOL: "_c_int00_noargs"  address: 000039b9


MEMORY CONFIGURATION

         name            origin    length      used     unused   attr    fill
----------------------  --------  ---------  --------  --------  ----  --------
  MAIN                  00000000   00040000  00003ee9  0003c117  R  X
  INFO                  00200000   00004000  00000000  00004000  R  X
  SRAM_CODE             01000000   00010000  000009bc  0000f644  RW X
  SRAM_DATA             20000000   00010000  000009bc  0000f644  RW  


SEGMENT ALLOCATION MAP

run origin  load origin   length   init length attrs members
----------  ----------- ---------- ----------- ----- -------
00000000    00000000    00003ef0   00003ef0    r-x
  00000000    00000000    000000e4   000000e4    r-- .intvecs
  000000e4    000000e4    00003c3c   00003c3c    r-x .text
  00003d20    00003d20    00000131   00000131    r-- .const
  00003e58    00003e58    00000098   00000098    r-- .cinit
20000000    20000000    000007bc   00000000    rw-
  20000000    20000000    00000400   00000000    rw- .sysmem
  20000400    20000400    000001f4   00000000    rw- .data
  200005f4    200005f4    000001c8   00000000    rw- .bss
2000fe00    2000fe00    00000200   00000000    rw-
  2000fe00    2000fe00    00000200   00000000    rw- .stack


SECTION ALLOCATION MAP

 output                                  attributes/
section   page    origin      length       input sections
--------  ----  ----------  ----------   ----------------
.intvecs   0    00000000    000000e4     
                  00000000    000000e4     startup_msp432p401r_ccs.obj (.intvecs:retain)

.text      0    000000e4    00003c3c     
                  000000e4    00000a5e     rtsv7M4_T_le_v4SPD16_eabi.lib : _printfi.c.obj (.text:__TI_printfi)
                  00000b42    00000002                                   : _lock.c.obj (.text:_nop)
                  00000b44    000005e0     LCD.obj (.text)
                  00001124    00000334     system_msp432p401r.obj (.text)
                  00001458    000002e8     keypad.obj (.text)
                  00001740    00000270     rtsv7M4_T_le_v4SPD16_eabi.lib : _printfi.c.obj (.text:_pconv_a)
                  000019b0    0000026c     main.obj (.text)
                  00001c1c    000001d0     rtsv7M4_T_le_v4SPD16_eabi.lib : _printfi.c.obj (.text:_pconv_g)
                  00001dec    000001b6                                   : fd_add_t2.asm.obj (.text)
                  00001fa2    00000002                                   : div0.asm.obj (.text)
                  00001fa4    00000140     door.obj (.text)
                  000020e4    0000013c     rtsv7M4_T_le_v4SPD16_eabi.lib : _printfi.c.obj (.text:_pconv_e)
                  00002220    00000136                                   : fd_div_t2.asm.obj (.text)
                  00002356    00000002     --HOLE-- [fill = 0]
                  00002358    00000120                                   : _printfi.c.obj (.text:fcvt)
                  00002478    00000114                                   : fputs.c.obj (.text:fputs)
                  0000258c    00000110                                   : s_scalbn.c.obj (.text:scalbn)
                  0000269c    0000010c     lights.obj (.text)
                  000027a8    000000fc     rtsv7M4_T_le_v4SPD16_eabi.lib : fd_mul_t2.asm.obj (.text)
                  000028a4    000000e4     fan.obj (.text)
                  00002988    000000dc     rtsv7M4_T_le_v4SPD16_eabi.lib : setvbuf.c.obj (.text:setvbuf)
                  00002a64    000000d8                                   : memory.c.obj (.text:free)
                  00002b3c    000000c8     timers.obj (.text)
                  00002c04    000000b1     rtsv7M4_T_le_v4SPD16_eabi.lib : _printfi.c.obj (.text:_ltostr)
                  00002cb5    00000001     --HOLE-- [fill = 0]
                  00002cb6    0000009c                                   : memcpy_t2.asm.obj (.text)
                  00002d52    00000096                                   : ull_div_t2.asm.obj (.text)
                  00002de8    0000008c                                   : fputc.c.obj (.text:fputc)
                  00002e74    00000086                                   : fd_cmp_t2.asm.obj (.text:__aeabi_cdcmple)
                  00002efa    00000086                                   : fd_cmp_t2.asm.obj (.text:__aeabi_cdrcmple)
                  00002f80    0000007a                                   : memset_t2.asm.obj (.text)
                  00002ffa    00000002     --HOLE-- [fill = 0]
                  00002ffc    00000078                                   : memory.c.obj (.text:malloc)
                  00003074    00000074                                   : fclose.c.obj (.text:__TI_closefile)
                  000030e8    0000006e                                   : _printfi.c.obj (.text:_mcpy)
                  00003156    00000002     --HOLE-- [fill = 0]
                  00003158    00000068                                   : hostlseek.c.obj (.text:HOSTlseek)
                  000031c0    00000068                                   : hostrename.c.obj (.text:HOSTrename)
                  00003228    00000068                                   : copy_decompress_lzss.c.obj (.text:decompress:lzss:__TI_decompress_lzss)
                  00003290    00000068                                   : printf.c.obj (.text:printf)
                  000032f8    00000064                                   : s_frexp.c.obj (.text:frexp)
                  0000335c    00000064                                   : fseek.c.obj (.text:fseek)
                  000033c0    00000062                                   : _io_perm.c.obj (.text:__TI_wrt_ok)
                  00003422    00000002     --HOLE-- [fill = 0]
                  00003424    00000060                                   : hostopen.c.obj (.text:HOSTopen)
                  00003484    0000005c                                   : close.c.obj (.text:close)
                  000034e0    00000058                                   : hostread.c.obj (.text:HOSTread)
                  00003538    00000058                                   : hostwrite.c.obj (.text:HOSTwrite)
                  00003590    00000056                                   : _printfi.c.obj (.text:_pconv_f)
                  000035e6    00000054                                   : ltoa.c.obj (.text:ltoa)
                  0000363a    00000052                                   : _printfi.c.obj (.text:_ecpy)
                  0000368c    0000004c                                   : fflush.c.obj (.text:__TI_doflush)
                  000036d8    0000004c                                   : atoi.c.obj (.text:atoi)
                  00003724    00000048                                   : exit.c.obj (.text:exit)
                  0000376c    00000048                                   : fd_toi_t2.asm.obj (.text)
                  000037b4    00000044                                   : hostclose.c.obj (.text:HOSTclose)
                  000037f8    00000044                                   : hostunlink.c.obj (.text:HOSTunlink)
                  0000383c    00000044                                   : autoinit.c.obj (.text:__TI_auto_init_nobinit_nopinit:__TI_auto_init_nobinit_nopinit)
                  00003880    00000044                                   : getdevice.c.obj (.text:getdevice)
                  000038c4    00000040                                   : sprintf.c.obj (.text:sprintf)
                  00003904    0000003e                                   : _printfi.c.obj (.text:_fcpy)
                  00003942    00000002     --HOLE-- [fill = 0]
                  00003944    0000003c                                   : memory.c.obj (.text:minsert)
                  00003980    00000038                                   : trgmsg.c.obj (.text:__TI_writemsg)
                  000039b8    00000038                                   : boot_cortex_m.c.obj (.text:_c_int00_noargs:_c_int00_noargs)
                  000039f0    00000038                                   : memory.c.obj (.text:minit)
                  00003a28    00000036                                   : strncpy.c.obj (.text:strncpy)
                  00003a5e    00000002     --HOLE-- [fill = 0]
                  00003a60    00000034                                   : fopen.c.obj (.text:__TI_cleanup)
                  00003a94    00000034                                   : trgmsg.c.obj (.text:__TI_readmsg)
                  00003ac8    00000034                                   : rand.c.obj (.text:rand)
                  00003afc    00000030                                   : getdevice.c.obj (.text:finddevice)
                  00003b2c    0000002e                                   : i_tofd_t2.asm.obj (.text)
                  00003b5a    00000002     --HOLE-- [fill = 0]
                  00003b5c    0000002c                                   : unlink.c.obj (.text:unlink)
                  00003b88    00000028                                   : lseek.c.obj (.text:lseek)
                  00003bb0    00000028                                   : memory.c.obj (.text:mremove)
                  00003bd8    00000028                                   : write.c.obj (.text:write)
                  00003c00    00000020                                   : memchr.c.obj (.text:memchr)
                  00003c20    0000001c                                   : memccpy.c.obj (.text:memccpy)
                  00003c3c    00000018                                   : sprintf.c.obj (.text:_outs)
                  00003c54    00000018                                   : strcmp.c.obj (.text:strcmp)
                  00003c6c    00000016                                   : strchr.c.obj (.text:strchr)
                  00003c82    00000014                                   : s_copysign.c.obj (.text:copysign)
                  00003c96    00000014                                   : strcpy.c.obj (.text:strcpy)
                  00003caa    00000014                                   : strlen.c.obj (.text:strlen)
                  00003cbe    00000012                                   : copy_zero_init.c.obj (.text:decompress:ZI:__TI_zero_init_nomemset:__TI_zero_init_nomemset)
                  00003cd0    00000012                                   : wcslen.c.obj (.text:wcslen)
                  00003ce2    0000000e                                   : copy_decompress_none.c.obj (.text:decompress:none:__TI_decompress_none)
                  00003cf0    0000000e     startup_msp432p401r_ccs.obj (.text)
                  00003cfe    0000000a     rtsv7M4_T_le_v4SPD16_eabi.lib : sprintf.c.obj (.text:_outc)
                  00003d08    00000008                                   : errno.c.obj (.text:__aeabi_errno_addr)
                  00003d10    00000004                                   : printf.c.obj (.text:_outc)
                  00003d14    00000004                                   : printf.c.obj (.text:_outs)
                  00003d18    00000004                                   : pre_init.c.obj (.text:_system_pre_init)
                  00003d1c    00000004                                   : exit.c.obj (.text:abort:abort)

.const     0    00003d20    00000131     
                  00003d20    00000101     rtsv7M4_T_le_v4SPD16_eabi.lib : ctype.c.obj (.const:.string:_ctypes_)
                  00003e21    00000010     LCD.obj (.const:.string:$P$T0$1)
                  00003e31    00000010     LCD.obj (.const:.string:$P$T1$2)
                  00003e41    00000010     LCD.obj (.const:.string:$P$T2$3)

.cinit     0    00003e58    00000098     
                  00003e58    00000072     (.cinit..data.load) [load image, compression = lzss]
                  00003eca    00000002     --HOLE-- [fill = 0]
                  00003ecc    0000000c     (__TI_handler_table)
                  00003ed8    00000008     (.cinit..bss.load) [load image, compression = zero_init]
                  00003ee0    00000010     (__TI_cinit_table)

.init_array 
*          0    00000000    00000000     UNINITIALIZED

.binit     0    00000000    00000000     

.sysmem    0    20000000    00000400     UNINITIALIZED
                  20000000    00000008     rtsv7M4_T_le_v4SPD16_eabi.lib : memory.c.obj (.sysmem)
                  20000008    000003f8     --HOLE--

.data      0    20000400    000001f4     UNINITIALIZED
                  20000400    000000f0     rtsv7M4_T_le_v4SPD16_eabi.lib : defs.c.obj (.data:_ftable)
                  200004f0    00000078                                   : write.c.obj (.data:_device)
                  20000568    00000050                                   : write.c.obj (.data:_stream)
                  200005b8    00000010                                   : defs.c.obj (.data)
                  200005c8    0000000c                                   : exit.c.obj (.data:$O1$$)
                  200005d4    0000000c                                   : memory.c.obj (.data:$O1$$)
                  200005e0    00000008                                   : _lock.c.obj (.data:$O1$$)
                  200005e8    00000004                                   : errno.c.obj (.data)
                  200005ec    00000004                                   : rand.c.obj (.data)
                  200005f0    00000004     system_msp432p401r.obj (.data)

.bss       0    200005f4    000001c8     UNINITIALIZED
                  200005f4    00000120     rtsv7M4_T_le_v4SPD16_eabi.lib : trgmsg.c.obj (.bss:_CIOBUF_)
                  20000714    000000a0     (.common:__TI_tmpnams)
                  200007b4    00000008     (.common:parmbuf)

.stack     0    2000fe00    00000200     UNINITIALIZED
                  2000fe00    00000004     rtsv7M4_T_le_v4SPD16_eabi.lib : boot_cortex_m.c.obj (.stack)
                  2000fe04    000001fc     --HOLE--

MODULE SUMMARY

       Module                        code    ro data   rw data
       ------                        ----    -------   -------
    .\
       LCD.obj                       1504    48        0      
       system_msp432p401r.obj        820     0         8      
       keypad.obj                    744     0         0      
       main.obj                      620     0         0      
       door.obj                      320     0         0      
       lights.obj                    268     0         0      
       startup_msp432p401r_ccs.obj   14      228       0      
       fan.obj                       228     0         0      
       timers.obj                    200     0         0      
    +--+-----------------------------+-------+---------+---------+
       Total:                        4718    276       8      
                                                              
    C:\ti\ccsv8\tools\compiler\ti-cgt-arm_18.1.3.LTS\lib\rtsv7M4_T_le_v4SPD16_eabi.lib
       _printfi.c.obj                4863    0         0      
       defs.c.obj                    0       0         832    
       trgmsg.c.obj                  108     0         576    
       memory.c.obj                  492     0         24     
       write.c.obj                   40      0         400    
       fd_add_t2.asm.obj             438     0         0      
       fd_div_t2.asm.obj             310     0         0      
       fputs.c.obj                   276     0         0      
       s_scalbn.c.obj                272     0         0      
       fd_cmp_t2.asm.obj             268     0         0      
       ctype.c.obj                   0       257       0      
       fd_mul_t2.asm.obj             252     0         0      
       setvbuf.c.obj                 220     0         0      
       memcpy_t2.asm.obj             156     0         0      
       ull_div_t2.asm.obj            150     0         0      
       fputc.c.obj                   140     0         0      
       memset_t2.asm.obj             122     0         0      
       fclose.c.obj                  116     0         0      
       getdevice.c.obj               116     0         0      
       hostopen.c.obj                96      0         16     
       printf.c.obj                  112     0         0      
       copy_decompress_lzss.c.obj    104     0         0      
       hostlseek.c.obj               104     0         0      
       hostrename.c.obj              104     0         0      
       exit.c.obj                    76      0         24     
       fseek.c.obj                   100     0         0      
       s_frexp.c.obj                 100     0         0      
       _io_perm.c.obj                98      0         0      
       sprintf.c.obj                 98      0         0      
       close.c.obj                   92      0         0      
       hostread.c.obj                88      0         0      
       hostwrite.c.obj               88      0         0      
       ltoa.c.obj                    84      0         0      
       atoi.c.obj                    76      0         0      
       fflush.c.obj                  76      0         0      
       fd_toi_t2.asm.obj             72      0         0      
       autoinit.c.obj                68      0         0      
       hostclose.c.obj               68      0         0      
       hostunlink.c.obj              68      0         0      
       rand.c.obj                    52      0         8      
       boot_cortex_m.c.obj           56      0         0      
       strncpy.c.obj                 54      0         0      
       fopen.c.obj                   52      0         0      
       i_tofd_t2.asm.obj             46      0         0      
       unlink.c.obj                  44      0         0      
       lseek.c.obj                   40      0         0      
       memchr.c.obj                  32      0         0      
       memccpy.c.obj                 28      0         0      
       strcmp.c.obj                  24      0         0      
       strchr.c.obj                  22      0         0      
       s_copysign.c.obj              20      0         0      
       strcpy.c.obj                  20      0         0      
       strlen.c.obj                  20      0         0      
       _lock.c.obj                   2       0         16     
       copy_zero_init.c.obj          18      0         0      
       wcslen.c.obj                  18      0         0      
       errno.c.obj                   8       0         8      
       copy_decompress_none.c.obj    14      0         0      
       pre_init.c.obj                4       0         0      
       div0.asm.obj                  2       0         0      
    +--+-----------------------------+-------+---------+---------+
       Total:                        10687   257       1904   
                                                              
       Heap:                         0       0         2048   
       Stack:                        0       0         1024   
       Linker Generated:             0       150       0      
    +--+-----------------------------+-------+---------+---------+
       Grand Total:                  15405   683       4984   


LINKER GENERATED COPY TABLES

__TI_cinit_table @ 00003ee0 records: 2, size/record: 8, table size: 16
	.data: load addr=00003e58, load size=00000072 bytes, run addr=20000400, run size=000001f4 bytes, compression=lzss
	.bss: load addr=00003ed8, load size=00000008 bytes, run addr=200005f4, run size=000001c8 bytes, compression=zero_init


LINKER GENERATED HANDLER TABLE

__TI_handler_table @ 00003ecc records: 3, size/record: 4, table size: 12
	index: 0, handler: __TI_decompress_lzss
	index: 1, handler: __TI_decompress_none
	index: 2, handler: __TI_zero_init


GLOBAL SYMBOLS: SORTED ALPHABETICALLY BY Name 

address   name                           
-------   ----                           
00003cfd  ADC14_IRQHandler               
00003cfd  AES256_IRQHandler              
00003cfd  BusFault_Handler               
00003d1d  C$$EXIT                        
000039af  C$$IO$$                        
00003cfd  COMP_E0_IRQHandler             
00003cfd  COMP_E1_IRQHandler             
00003cfd  CS_IRQHandler                  
00003cfd  DMA_ERR_IRQHandler             
00003cfd  DMA_INT0_IRQHandler            
00003cfd  DMA_INT1_IRQHandler            
00003cfd  DMA_INT2_IRQHandler            
00003cfd  DMA_INT3_IRQHandler            
00003cfd  DebugMon_Handler               
00003cfd  Default_Handler                
00003cfd  EUSCIA0_IRQHandler             
00003cfd  EUSCIA1_IRQHandler             
00003cfd  EUSCIA2_IRQHandler             
00003cfd  EUSCIA3_IRQHandler             
00003cfd  EUSCIB0_IRQHandler             
00003cfd  EUSCIB1_IRQHandler             
00003cfd  EUSCIB2_IRQHandler             
00003cfd  EUSCIB3_IRQHandler             
00003cfd  FLCTL_IRQHandler               
00003cfd  FPU_IRQHandler                 
000037b5  HOSTclose                      
00003159  HOSTlseek                      
00003425  HOSTopen                       
000034e1  HOSTread                       
000031c1  HOSTrename                     
000037f9  HOSTunlink                     
00003539  HOSTwrite                      
00003cfd  HardFault_Handler              
00003cfd  MemManage_Handler              
00003cfd  NMI_Handler                    
00003cfd  PCM_IRQHandler                 
00003cfd  PORT1_IRQHandler               
00003cfd  PORT2_IRQHandler               
00001b8f  PORT3_IRQHandler               
00001b8f  PORT3_IRQHandler               
00003cfd  PORT4_IRQHandler               
00003cfd  PORT5_IRQHandler               
00003cfd  PORT6_IRQHandler               
00003cfd  PSS_IRQHandler                 
00003cfd  PendSV_Handler                 
00003cfd  RTC_C_IRQHandler               
00003cf1  Reset_Handler                  
00003cfd  SVC_Handler                    
00003cfd  SysTick_Handler                
200005f0  SystemCoreClock                
00001125  SystemCoreClockUpdate          
0000139d  SystemInit                     
00001ba9  T32_INT1_IRQHandler            
00001ba9  T32_INT1_IRQHandler            
00003cfd  T32_INT2_IRQHandler            
00003cfd  T32_INTC_IRQHandler            
00003cfd  TA0_0_IRQHandler               
00003cfd  TA0_N_IRQHandler               
00003cfd  TA1_0_IRQHandler               
00003cfd  TA1_N_IRQHandler               
00003cfd  TA2_0_IRQHandler               
00003cfd  TA2_N_IRQHandler               
00003cfd  TA3_0_IRQHandler               
00003cfd  TA3_N_IRQHandler               
00003cfd  UsageFault_Handler             
4000480c  WDTCTL_SYM                     
00003cfd  WDT_A_IRQHandler               
200005f4  __CIOBUF_                      
20010000  __STACK_END                    
00000200  __STACK_SIZE                   
00000400  __SYSMEM_SIZE                  
00003ee0  __TI_CINIT_Base                
00003ef0  __TI_CINIT_Limit               
00003ecc  __TI_Handler_Table_Base        
00003ed8  __TI_Handler_Table_Limit       
0000383d  __TI_auto_init_nobinit_nopinit 
00003a61  __TI_cleanup                   
200005c8  __TI_cleanup_ptr               
00003075  __TI_closefile                 
00003229  __TI_decompress_lzss           
00003ce3  __TI_decompress_none           
0000368d  __TI_doflush                   
200005cc  __TI_dtors_ptr                 
200005d0  __TI_enable_exit_profile_output
200005b8  __TI_ft_end                    
ffffffff  __TI_pprof_out_hndl            
000000e5  __TI_printfi                   
ffffffff  __TI_prof_data_size            
ffffffff  __TI_prof_data_start           
00003a95  __TI_readmsg                   
00000000  __TI_static_base__             
20000714  __TI_tmpnams                   
00003981  __TI_writemsg                  
000033c1  __TI_wrt_ok                    
00003cbf  __TI_zero_init_nomemset        
00002e75  __aeabi_cdcmpeq                
00002e75  __aeabi_cdcmple                
00002efb  __aeabi_cdrcmple               
0000376d  __aeabi_d2iz                   
00001df7  __aeabi_dadd                   
00002221  __aeabi_ddiv                   
000027a9  __aeabi_dmul                   
00001ded  __aeabi_dsub                   
00003d09  __aeabi_errno_addr             
00003b2d  __aeabi_i2d                    
00001fa3  __aeabi_idiv0                  
00001fa3  __aeabi_ldiv0                  
00002f81  __aeabi_memclr                 
00002f81  __aeabi_memclr4                
00002f81  __aeabi_memclr8                
00002cb7  __aeabi_memcpy                 
00002cb7  __aeabi_memcpy4                
00002cb7  __aeabi_memcpy8                
00002f83  __aeabi_memset                 
00002f83  __aeabi_memset4                
00002f83  __aeabi_memset8                
200005c4  __aeabi_stderr                 
200005bc  __aeabi_stdin                  
200005c0  __aeabi_stdout                 
00002d53  __aeabi_uldivmod               
ffffffff  __binit__                      
ffffffff  __c_args__                     
UNDEFED   __mpu_init                     
2000fe00  __stack                        
000039b9  _c_int00_noargs                
00003d20  _ctypes_                       
200004f0  _device                        
20000400  _ftable                        
200005e0  _lock                          
00000b43  _nop                           
20000568  _stream                        
20000000  _sys_memory                    
UNDEFED   _system_post_cinit             
00003d19  _system_pre_init               
200005e4  _unlock                        
00003d1d  abort                          
00002055  alarmSoundHigh                 
0000205f  alarmSoundLow                  
000036d9  atoi                           
ffffffff  binit                          
00003485  close                          
00002087  closeDoor                      
000015f9  collectPulse                   
00003c83  copysign                       
00003c83  copysignl                      
00002b59  delay_mS                       
00002b83  delay_uS                       
00000db3  display                        
00000e2b  displayDC                      
00000e61  displayPulse                   
00001a55  door                           
00000ed9  doorMenu                       
200005e8  errno                          
00003725  exit                           
00003afd  finddevice                     
00002de9  fputc                          
00002479  fputs                          
00002a65  free                           
000032f9  frexp                          
000032f9  frexpl                         
0000335d  fseek                          
00003881  getdevice                      
00002003  initAlarm                      
00001fa5  initDoor                       
000028a5  initFan                        
00001459  initKeypad                     
00000b45  initLCD                        
0000269d  initLights                     
00002b3d  initSystick                    
00002bc3  initTimer32                    
00002bab  initTimerA2_50Hz               
00000000  interruptVectors               
00000f71  invalidKey                     
0000258d  ldexp                          
0000258d  ldexpl                         
00001a99  lights                         
00000f29  lightsMenu                     
00000f4d  lightsPulseMenu                
00003b89  lseek                          
000035e7  ltoa                           
000019dd  main                           
00000eb1  mainMenu                       
00002ffd  malloc                         
00003c21  memccpy                        
00003c01  memchr                         
00002cb7  memcpy                         
00002f89  memset                         
000039f1  minit                          
00001b59  motor                          
00000f01  motorPulseMenu                 
00002069  openDoor                       
200007b4  parmbuf                        
000015a7  printKeypad                    
00003291  printf                         
00000bf7  pulseEnable                    
00000c53  pushByte                       
00000c2b  pushNibble                     
00002de9  putc                           
000026fb  pwmBlue                        
00002753  pwmGreen                       
00002727  pwmRed                         
00003ac9  rand                           
00001481  readKeypad                     
00003b5d  remove                         
00002bdb  resetTimer32                   
00002921  runFan                         
0000258d  scalbn                         
0000258d  scalbnl                        
00000cc7  screenSaver                    
00002989  setvbuf                        
000038c5  sprintf                        
0000294d  stopFan                        
00003c6d  strchr                         
00003c55  strcmp                         
00003c97  strcpy                         
00003cab  strlen                         
00003a29  strncpy                        
00003b5d  unlink                         
00003cd1  wcslen                         
00003bd9  write                          
00000ca1  writeCommand                   
00000c7b  writeData                      


GLOBAL SYMBOLS: SORTED BY Symbol Address 

address   name                           
-------   ----                           
00000000  __TI_static_base__             
00000000  interruptVectors               
000000e5  __TI_printfi                   
00000200  __STACK_SIZE                   
00000400  __SYSMEM_SIZE                  
00000b43  _nop                           
00000b45  initLCD                        
00000bf7  pulseEnable                    
00000c2b  pushNibble                     
00000c53  pushByte                       
00000c7b  writeData                      
00000ca1  writeCommand                   
00000cc7  screenSaver                    
00000db3  display                        
00000e2b  displayDC                      
00000e61  displayPulse                   
00000eb1  mainMenu                       
00000ed9  doorMenu                       
00000f01  motorPulseMenu                 
00000f29  lightsMenu                     
00000f4d  lightsPulseMenu                
00000f71  invalidKey                     
00001125  SystemCoreClockUpdate          
0000139d  SystemInit                     
00001459  initKeypad                     
00001481  readKeypad                     
000015a7  printKeypad                    
000015f9  collectPulse                   
000019dd  main                           
00001a55  door                           
00001a99  lights                         
00001b59  motor                          
00001b8f  PORT3_IRQHandler               
00001b8f  PORT3_IRQHandler               
00001ba9  T32_INT1_IRQHandler            
00001ba9  T32_INT1_IRQHandler            
00001ded  __aeabi_dsub                   
00001df7  __aeabi_dadd                   
00001fa3  __aeabi_idiv0                  
00001fa3  __aeabi_ldiv0                  
00001fa5  initDoor                       
00002003  initAlarm                      
00002055  alarmSoundHigh                 
0000205f  alarmSoundLow                  
00002069  openDoor                       
00002087  closeDoor                      
00002221  __aeabi_ddiv                   
00002479  fputs                          
0000258d  ldexp                          
0000258d  ldexpl                         
0000258d  scalbn                         
0000258d  scalbnl                        
0000269d  initLights                     
000026fb  pwmBlue                        
00002727  pwmRed                         
00002753  pwmGreen                       
000027a9  __aeabi_dmul                   
000028a5  initFan                        
00002921  runFan                         
0000294d  stopFan                        
00002989  setvbuf                        
00002a65  free                           
00002b3d  initSystick                    
00002b59  delay_mS                       
00002b83  delay_uS                       
00002bab  initTimerA2_50Hz               
00002bc3  initTimer32                    
00002bdb  resetTimer32                   
00002cb7  __aeabi_memcpy                 
00002cb7  __aeabi_memcpy4                
00002cb7  __aeabi_memcpy8                
00002cb7  memcpy                         
00002d53  __aeabi_uldivmod               
00002de9  fputc                          
00002de9  putc                           
00002e75  __aeabi_cdcmpeq                
00002e75  __aeabi_cdcmple                
00002efb  __aeabi_cdrcmple               
00002f81  __aeabi_memclr                 
00002f81  __aeabi_memclr4                
00002f81  __aeabi_memclr8                
00002f83  __aeabi_memset                 
00002f83  __aeabi_memset4                
00002f83  __aeabi_memset8                
00002f89  memset                         
00002ffd  malloc                         
00003075  __TI_closefile                 
00003159  HOSTlseek                      
000031c1  HOSTrename                     
00003229  __TI_decompress_lzss           
00003291  printf                         
000032f9  frexp                          
000032f9  frexpl                         
0000335d  fseek                          
000033c1  __TI_wrt_ok                    
00003425  HOSTopen                       
00003485  close                          
000034e1  HOSTread                       
00003539  HOSTwrite                      
000035e7  ltoa                           
0000368d  __TI_doflush                   
000036d9  atoi                           
00003725  exit                           
0000376d  __aeabi_d2iz                   
000037b5  HOSTclose                      
000037f9  HOSTunlink                     
0000383d  __TI_auto_init_nobinit_nopinit 
00003881  getdevice                      
000038c5  sprintf                        
00003981  __TI_writemsg                  
000039af  C$$IO$$                        
000039b9  _c_int00_noargs                
000039f1  minit                          
00003a29  strncpy                        
00003a61  __TI_cleanup                   
00003a95  __TI_readmsg                   
00003ac9  rand                           
00003afd  finddevice                     
00003b2d  __aeabi_i2d                    
00003b5d  remove                         
00003b5d  unlink                         
00003b89  lseek                          
00003bd9  write                          
00003c01  memchr                         
00003c21  memccpy                        
00003c55  strcmp                         
00003c6d  strchr                         
00003c83  copysign                       
00003c83  copysignl                      
00003c97  strcpy                         
00003cab  strlen                         
00003cbf  __TI_zero_init_nomemset        
00003cd1  wcslen                         
00003ce3  __TI_decompress_none           
00003cf1  Reset_Handler                  
00003cfd  ADC14_IRQHandler               
00003cfd  AES256_IRQHandler              
00003cfd  BusFault_Handler               
00003cfd  COMP_E0_IRQHandler             
00003cfd  COMP_E1_IRQHandler             
00003cfd  CS_IRQHandler                  
00003cfd  DMA_ERR_IRQHandler             
00003cfd  DMA_INT0_IRQHandler            
00003cfd  DMA_INT1_IRQHandler            
00003cfd  DMA_INT2_IRQHandler            
00003cfd  DMA_INT3_IRQHandler            
00003cfd  DebugMon_Handler               
00003cfd  Default_Handler                
00003cfd  EUSCIA0_IRQHandler             
00003cfd  EUSCIA1_IRQHandler             
00003cfd  EUSCIA2_IRQHandler             
00003cfd  EUSCIA3_IRQHandler             
00003cfd  EUSCIB0_IRQHandler             
00003cfd  EUSCIB1_IRQHandler             
00003cfd  EUSCIB2_IRQHandler             
00003cfd  EUSCIB3_IRQHandler             
00003cfd  FLCTL_IRQHandler               
00003cfd  FPU_IRQHandler                 
00003cfd  HardFault_Handler              
00003cfd  MemManage_Handler              
00003cfd  NMI_Handler                    
00003cfd  PCM_IRQHandler                 
00003cfd  PORT1_IRQHandler               
00003cfd  PORT2_IRQHandler               
00003cfd  PORT4_IRQHandler               
00003cfd  PORT5_IRQHandler               
00003cfd  PORT6_IRQHandler               
00003cfd  PSS_IRQHandler                 
00003cfd  PendSV_Handler                 
00003cfd  RTC_C_IRQHandler               
00003cfd  SVC_Handler                    
00003cfd  SysTick_Handler                
00003cfd  T32_INT2_IRQHandler            
00003cfd  T32_INTC_IRQHandler            
00003cfd  TA0_0_IRQHandler               
00003cfd  TA0_N_IRQHandler               
00003cfd  TA1_0_IRQHandler               
00003cfd  TA1_N_IRQHandler               
00003cfd  TA2_0_IRQHandler               
00003cfd  TA2_N_IRQHandler               
00003cfd  TA3_0_IRQHandler               
00003cfd  TA3_N_IRQHandler               
00003cfd  UsageFault_Handler             
00003cfd  WDT_A_IRQHandler               
00003d09  __aeabi_errno_addr             
00003d19  _system_pre_init               
00003d1d  C$$EXIT                        
00003d1d  abort                          
00003d20  _ctypes_                       
00003ecc  __TI_Handler_Table_Base        
00003ed8  __TI_Handler_Table_Limit       
00003ee0  __TI_CINIT_Base                
00003ef0  __TI_CINIT_Limit               
20000000  _sys_memory                    
20000400  _ftable                        
200004f0  _device                        
20000568  _stream                        
200005b8  __TI_ft_end                    
200005bc  __aeabi_stdin                  
200005c0  __aeabi_stdout                 
200005c4  __aeabi_stderr                 
200005c8  __TI_cleanup_ptr               
200005cc  __TI_dtors_ptr                 
200005d0  __TI_enable_exit_profile_output
200005e0  _lock                          
200005e4  _unlock                        
200005e8  errno                          
200005f0  SystemCoreClock                
200005f4  __CIOBUF_                      
20000714  __TI_tmpnams                   
200007b4  parmbuf                        
2000fe00  __stack                        
20010000  __STACK_END                    
4000480c  WDTCTL_SYM                     
ffffffff  __TI_pprof_out_hndl            
ffffffff  __TI_prof_data_size            
ffffffff  __TI_prof_data_start           
ffffffff  __binit__                      
ffffffff  __c_args__                     
ffffffff  binit                          
UNDEFED   __mpu_init                     
UNDEFED   _system_post_cinit             

[222 symbols]
