******************************************************************************
                  TI ARM Linker PC v18.1.3                     
******************************************************************************
>> Linked Thu Nov  1 01:48:48 2018

OUTPUT FILE NAME:   <IoT_Project.out>
ENTRY POINT SYMBOL: "_c_int00_noargs"  address: 00004035


MEMORY CONFIGURATION

         name            origin    length      used     unused   attr    fill
----------------------  --------  ---------  --------  --------  ----  --------
  MAIN                  00000000   00040000  00004575  0003ba8b  R  X
  INFO                  00200000   00004000  00000000  00004000  R  X
  SRAM_CODE             01000000   00010000  000009c7  0000f639  RW X
  SRAM_DATA             20000000   00010000  000009c7  0000f639  RW  


SEGMENT ALLOCATION MAP

run origin  load origin   length   init length attrs members
----------  ----------- ---------- ----------- ----- -------
00000000    00000000    00004578   00004578    r-x
  00000000    00000000    000000e4   000000e4    r-- .intvecs
  000000e4    000000e4    000042b8   000042b8    r-x .text
  0000439c    0000439c    00000141   00000141    r-- .const
  000044e0    000044e0    00000098   00000098    r-- .cinit
20000000    20000000    000007c9   00000000    rw-
  20000000    20000000    00000400   00000000    rw- .sysmem
  20000400    20000400    000001f6   00000000    rw- .data
  200005f8    200005f8    000001d1   00000000    rw- .bss
2000fe00    2000fe00    00000200   00000000    rw-
  2000fe00    2000fe00    00000200   00000000    rw- .stack


SECTION ALLOCATION MAP

 output                                  attributes/
section   page    origin      length       input sections
--------  ----  ----------  ----------   ----------------
.intvecs   0    00000000    000000e4     
                  00000000    000000e4     startup_msp432p401r_ccs.obj (.intvecs:retain)

.text      0    000000e4    000042b8     
                  000000e4    00000a5e     rtsv7M4_T_le_v4SPD16_eabi.lib : _printfi.c.obj (.text:__TI_printfi)
                  00000b42    00000002                                   : _lock.c.obj (.text:_nop)
                  00000b44    000007a2     LCD.obj (.text)
                  000012e6    00000002     rtsv7M4_T_le_v4SPD16_eabi.lib : div0.asm.obj (.text)
                  000012e8    0000052c     main.obj (.text)
                  00001814    000003c6     keypad.obj (.text)
                  00001bda    00000002     --HOLE-- [fill = 0]
                  00001bdc    00000334     system_msp432p401r.obj (.text)
                  00001f10    00000270     rtsv7M4_T_le_v4SPD16_eabi.lib : _printfi.c.obj (.text:_pconv_a)
                  00002180    000001d8     lights.obj (.text)
                  00002358    000001d0     rtsv7M4_T_le_v4SPD16_eabi.lib : _printfi.c.obj (.text:_pconv_g)
                  00002528    000001b6                                   : fd_add_t2.asm.obj (.text)
                  000026de    00000002     --HOLE-- [fill = 0]
                  000026e0    00000168     door.obj (.text)
                  00002848    0000013c     rtsv7M4_T_le_v4SPD16_eabi.lib : _printfi.c.obj (.text:_pconv_e)
                  00002984    00000136                                   : fd_div_t2.asm.obj (.text)
                  00002aba    00000002     --HOLE-- [fill = 0]
                  00002abc    00000120                                   : _printfi.c.obj (.text:fcvt)
                  00002bdc    00000114                                   : fputs.c.obj (.text:fputs)
                  00002cf0    00000110                                   : s_scalbn.c.obj (.text:scalbn)
                  00002e00    00000108     fan.obj (.text)
                  00002f08    000000fc     rtsv7M4_T_le_v4SPD16_eabi.lib : fd_mul_t2.asm.obj (.text)
                  00003004    000000dc                                   : setvbuf.c.obj (.text:setvbuf)
                  000030e0    000000d8                                   : memory.c.obj (.text:free)
                  000031b8    000000c8     timers.obj (.text)
                  00003280    000000b1     rtsv7M4_T_le_v4SPD16_eabi.lib : _printfi.c.obj (.text:_ltostr)
                  00003331    00000001     --HOLE-- [fill = 0]
                  00003332    0000009c                                   : memcpy_t2.asm.obj (.text)
                  000033ce    00000096                                   : ull_div_t2.asm.obj (.text)
                  00003464    0000008c                                   : fputc.c.obj (.text:fputc)
                  000034f0    00000086                                   : fd_cmp_t2.asm.obj (.text:__aeabi_cdcmple)
                  00003576    00000086                                   : fd_cmp_t2.asm.obj (.text:__aeabi_cdrcmple)
                  000035fc    0000007a                                   : memset_t2.asm.obj (.text)
                  00003676    00000002     --HOLE-- [fill = 0]
                  00003678    00000078                                   : memory.c.obj (.text:malloc)
                  000036f0    00000074                                   : fclose.c.obj (.text:__TI_closefile)
                  00003764    0000006e                                   : _printfi.c.obj (.text:_mcpy)
                  000037d2    00000002     --HOLE-- [fill = 0]
                  000037d4    00000068                                   : hostlseek.c.obj (.text:HOSTlseek)
                  0000383c    00000068                                   : hostrename.c.obj (.text:HOSTrename)
                  000038a4    00000068                                   : copy_decompress_lzss.c.obj (.text:decompress:lzss:__TI_decompress_lzss)
                  0000390c    00000068                                   : printf.c.obj (.text:printf)
                  00003974    00000064                                   : s_frexp.c.obj (.text:frexp)
                  000039d8    00000064                                   : fseek.c.obj (.text:fseek)
                  00003a3c    00000062                                   : _io_perm.c.obj (.text:__TI_wrt_ok)
                  00003a9e    00000002     --HOLE-- [fill = 0]
                  00003aa0    00000060                                   : hostopen.c.obj (.text:HOSTopen)
                  00003b00    0000005c                                   : close.c.obj (.text:close)
                  00003b5c    00000058                                   : hostread.c.obj (.text:HOSTread)
                  00003bb4    00000058                                   : hostwrite.c.obj (.text:HOSTwrite)
                  00003c0c    00000056                                   : _printfi.c.obj (.text:_pconv_f)
                  00003c62    00000054                                   : ltoa.c.obj (.text:ltoa)
                  00003cb6    00000052                                   : _printfi.c.obj (.text:_ecpy)
                  00003d08    0000004c                                   : fflush.c.obj (.text:__TI_doflush)
                  00003d54    0000004c                                   : atoi.c.obj (.text:atoi)
                  00003da0    00000048                                   : exit.c.obj (.text:exit)
                  00003de8    00000048                                   : fd_toi_t2.asm.obj (.text)
                  00003e30    00000044                                   : hostclose.c.obj (.text:HOSTclose)
                  00003e74    00000044                                   : hostunlink.c.obj (.text:HOSTunlink)
                  00003eb8    00000044                                   : autoinit.c.obj (.text:__TI_auto_init_nobinit_nopinit:__TI_auto_init_nobinit_nopinit)
                  00003efc    00000044                                   : getdevice.c.obj (.text:getdevice)
                  00003f40    00000040                                   : sprintf.c.obj (.text:sprintf)
                  00003f80    0000003e                                   : _printfi.c.obj (.text:_fcpy)
                  00003fbe    00000002     --HOLE-- [fill = 0]
                  00003fc0    0000003c                                   : memory.c.obj (.text:minsert)
                  00003ffc    00000038                                   : trgmsg.c.obj (.text:__TI_writemsg)
                  00004034    00000038                                   : boot_cortex_m.c.obj (.text:_c_int00_noargs:_c_int00_noargs)
                  0000406c    00000038                                   : memory.c.obj (.text:minit)
                  000040a4    00000036                                   : strncpy.c.obj (.text:strncpy)
                  000040da    00000002     --HOLE-- [fill = 0]
                  000040dc    00000034                                   : fopen.c.obj (.text:__TI_cleanup)
                  00004110    00000034                                   : trgmsg.c.obj (.text:__TI_readmsg)
                  00004144    00000034                                   : rand.c.obj (.text:rand)
                  00004178    00000030                                   : getdevice.c.obj (.text:finddevice)
                  000041a8    0000002e                                   : i_tofd_t2.asm.obj (.text)
                  000041d6    00000002     --HOLE-- [fill = 0]
                  000041d8    0000002c                                   : unlink.c.obj (.text:unlink)
                  00004204    00000028                                   : lseek.c.obj (.text:lseek)
                  0000422c    00000028                                   : memory.c.obj (.text:mremove)
                  00004254    00000028                                   : write.c.obj (.text:write)
                  0000427c    00000020                                   : memchr.c.obj (.text:memchr)
                  0000429c    0000001c                                   : memccpy.c.obj (.text:memccpy)
                  000042b8    00000018                                   : sprintf.c.obj (.text:_outs)
                  000042d0    00000018                                   : strcmp.c.obj (.text:strcmp)
                  000042e8    00000016                                   : strchr.c.obj (.text:strchr)
                  000042fe    00000014                                   : s_copysign.c.obj (.text:copysign)
                  00004312    00000014                                   : strcpy.c.obj (.text:strcpy)
                  00004326    00000014                                   : strlen.c.obj (.text:strlen)
                  0000433a    00000012                                   : copy_zero_init.c.obj (.text:decompress:ZI:__TI_zero_init_nomemset:__TI_zero_init_nomemset)
                  0000434c    00000012                                   : wcslen.c.obj (.text:wcslen)
                  0000435e    0000000e                                   : copy_decompress_none.c.obj (.text:decompress:none:__TI_decompress_none)
                  0000436c    0000000e     startup_msp432p401r_ccs.obj (.text)
                  0000437a    0000000a     rtsv7M4_T_le_v4SPD16_eabi.lib : sprintf.c.obj (.text:_outc)
                  00004384    00000008                                   : errno.c.obj (.text:__aeabi_errno_addr)
                  0000438c    00000004                                   : printf.c.obj (.text:_outc)
                  00004390    00000004                                   : printf.c.obj (.text:_outs)
                  00004394    00000004                                   : pre_init.c.obj (.text:_system_pre_init)
                  00004398    00000004                                   : exit.c.obj (.text:abort:abort)

.const     0    0000439c    00000141     
                  0000439c    00000101     rtsv7M4_T_le_v4SPD16_eabi.lib : ctype.c.obj (.const:.string:_ctypes_)
                  0000449d    00000010     LCD.obj (.const:.string:$P$T0$1)
                  000044ad    00000010     LCD.obj (.const:.string:$P$T1$2)
                  000044bd    00000010     LCD.obj (.const:.string:$P$T2$3)
                  000044cd    00000010     LCD.obj (.const:.string:$P$T3$4)

.cinit     0    000044e0    00000098     
                  000044e0    00000072     (.cinit..data.load) [load image, compression = lzss]
                  00004552    00000002     --HOLE-- [fill = 0]
                  00004554    0000000c     (__TI_handler_table)
                  00004560    00000008     (.cinit..bss.load) [load image, compression = zero_init]
                  00004568    00000010     (__TI_cinit_table)

.init_array 
*          0    00000000    00000000     UNINITIALIZED

.binit     0    00000000    00000000     

.sysmem    0    20000000    00000400     UNINITIALIZED
                  20000000    00000008     rtsv7M4_T_le_v4SPD16_eabi.lib : memory.c.obj (.sysmem)
                  20000008    000003f8     --HOLE--

.data      0    20000400    000001f6     UNINITIALIZED
                  20000400    000000f0     rtsv7M4_T_le_v4SPD16_eabi.lib : defs.c.obj (.data:_ftable)
                  200004f0    00000078                                   : write.c.obj (.data:_device)
                  20000568    00000050                                   : write.c.obj (.data:_stream)
                  200005b8    00000010                                   : defs.c.obj (.data)
                  200005c8    0000000c                                   : exit.c.obj (.data:$O1$$)
                  200005d4    0000000c                                   : memory.c.obj (.data:$O1$$)
                  200005e0    00000008                                   : _lock.c.obj (.data:$O1$$)
                  200005e8    00000004                                   : errno.c.obj (.data)
                  200005ec    00000004                                   : rand.c.obj (.data)
                  200005f0    00000004     system_msp432p401r.obj (.data)
                  200005f4    00000002     main.obj (.data)

.bss       0    200005f8    000001d1     UNINITIALIZED
                  200005f8    00000120     rtsv7M4_T_le_v4SPD16_eabi.lib : trgmsg.c.obj (.bss:_CIOBUF_)
                  20000718    000000a0     (.common:__TI_tmpnams)
                  200007b8    00000008     (.common:parmbuf)
                  200007c0    00000006     main.obj (.bss)
                  200007c6    00000001     (.common:isON)
                  200007c7    00000001     (.common:light_flag)
                  200007c8    00000001     (.common:ss_flag)

.stack     0    2000fe00    00000200     UNINITIALIZED
                  2000fe00    00000004     rtsv7M4_T_le_v4SPD16_eabi.lib : boot_cortex_m.c.obj (.stack)
                  2000fe04    000001fc     --HOLE--

MODULE SUMMARY

       Module                        code    ro data   rw data
       ------                        ----    -------   -------
    .\
       LCD.obj                       1954    64        0      
       main.obj                      1324    0         22     
       keypad.obj                    966     0         0      
       system_msp432p401r.obj        820     0         8      
       lights.obj                    472     0         0      
       door.obj                      360     0         0      
       fan.obj                       264     0         0      
       startup_msp432p401r_ccs.obj   14      228       0      
       timers.obj                    200     0         0      
    +--+-----------------------------+-------+---------+---------+
       Total:                        6374    292       30     
                                                              
    C:\ti\ccsv8\tools\compiler\ti-cgt-arm_18.1.3.LTS\lib\rtsv7M4_T_le_v4SPD16_eabi.lib
       _printfi.c.obj                4863    0         0      
       defs.c.obj                    0       0         832    
       trgmsg.c.obj                  108     0         576    
       memory.c.obj                  492     0         24     
       write.c.obj                   40      0         400    
       fd_add_t2.asm.obj             438     0         0      
       fd_div_t2.asm.obj             310     0         0      
       fputs.c.obj                   276     0         0      
       s_scalbn.c.obj                272     0         0      
       fd_cmp_t2.asm.obj             268     0         0      
       ctype.c.obj                   0       257       0      
       fd_mul_t2.asm.obj             252     0         0      
       setvbuf.c.obj                 220     0         0      
       memcpy_t2.asm.obj             156     0         0      
       ull_div_t2.asm.obj            150     0         0      
       fputc.c.obj                   140     0         0      
       memset_t2.asm.obj             122     0         0      
       fclose.c.obj                  116     0         0      
       getdevice.c.obj               116     0         0      
       hostopen.c.obj                96      0         16     
       printf.c.obj                  112     0         0      
       copy_decompress_lzss.c.obj    104     0         0      
       hostlseek.c.obj               104     0         0      
       hostrename.c.obj              104     0         0      
       exit.c.obj                    76      0         24     
       fseek.c.obj                   100     0         0      
       s_frexp.c.obj                 100     0         0      
       _io_perm.c.obj                98      0         0      
       sprintf.c.obj                 98      0         0      
       close.c.obj                   92      0         0      
       hostread.c.obj                88      0         0      
       hostwrite.c.obj               88      0         0      
       ltoa.c.obj                    84      0         0      
       atoi.c.obj                    76      0         0      
       fflush.c.obj                  76      0         0      
       fd_toi_t2.asm.obj             72      0         0      
       autoinit.c.obj                68      0         0      
       hostclose.c.obj               68      0         0      
       hostunlink.c.obj              68      0         0      
       rand.c.obj                    52      0         8      
       boot_cortex_m.c.obj           56      0         0      
       strncpy.c.obj                 54      0         0      
       fopen.c.obj                   52      0         0      
       i_tofd_t2.asm.obj             46      0         0      
       unlink.c.obj                  44      0         0      
       lseek.c.obj                   40      0         0      
       memchr.c.obj                  32      0         0      
       memccpy.c.obj                 28      0         0      
       strcmp.c.obj                  24      0         0      
       strchr.c.obj                  22      0         0      
       s_copysign.c.obj              20      0         0      
       strcpy.c.obj                  20      0         0      
       strlen.c.obj                  20      0         0      
       _lock.c.obj                   2       0         16     
       copy_zero_init.c.obj          18      0         0      
       wcslen.c.obj                  18      0         0      
       errno.c.obj                   8       0         8      
       copy_decompress_none.c.obj    14      0         0      
       pre_init.c.obj                4       0         0      
       div0.asm.obj                  2       0         0      
    +--+-----------------------------+-------+---------+---------+
       Total:                        10687   257       1904   
                                                              
       Heap:                         0       0         2048   
       Stack:                        0       0         1024   
       Linker Generated:             0       150       0      
    +--+-----------------------------+-------+---------+---------+
       Grand Total:                  17061   699       5006   


LINKER GENERATED COPY TABLES

__TI_cinit_table @ 00004568 records: 2, size/record: 8, table size: 16
	.data: load addr=000044e0, load size=00000072 bytes, run addr=20000400, run size=000001f6 bytes, compression=lzss
	.bss: load addr=00004560, load size=00000008 bytes, run addr=200005f8, run size=000001d1 bytes, compression=zero_init


LINKER GENERATED HANDLER TABLE

__TI_handler_table @ 00004554 records: 3, size/record: 4, table size: 12
	index: 0, handler: __TI_decompress_lzss
	index: 1, handler: __TI_decompress_none
	index: 2, handler: __TI_zero_init


GLOBAL SYMBOLS: SORTED ALPHABETICALLY BY Name 

address   name                           
-------   ----                           
00004379  ADC14_IRQHandler               
00004379  AES256_IRQHandler              
00004379  BusFault_Handler               
00004399  C$$EXIT                        
0000402b  C$$IO$$                        
00004379  COMP_E0_IRQHandler             
00004379  COMP_E1_IRQHandler             
00004379  CS_IRQHandler                  
00004379  DMA_ERR_IRQHandler             
00004379  DMA_INT0_IRQHandler            
00004379  DMA_INT1_IRQHandler            
00004379  DMA_INT2_IRQHandler            
00004379  DMA_INT3_IRQHandler            
00004379  DebugMon_Handler               
00004379  Default_Handler                
00004379  EUSCIA0_IRQHandler             
00004379  EUSCIA1_IRQHandler             
00004379  EUSCIA2_IRQHandler             
00004379  EUSCIA3_IRQHandler             
00004379  EUSCIB0_IRQHandler             
00004379  EUSCIB1_IRQHandler             
00004379  EUSCIB2_IRQHandler             
00004379  EUSCIB3_IRQHandler             
00004379  FLCTL_IRQHandler               
00004379  FPU_IRQHandler                 
00003e31  HOSTclose                      
000037d5  HOSTlseek                      
00003aa1  HOSTopen                       
00003b5d  HOSTread                       
0000383d  HOSTrename                     
00003e75  HOSTunlink                     
00003bb5  HOSTwrite                      
00004379  HardFault_Handler              
00004379  MemManage_Handler              
00004379  NMI_Handler                    
00004379  PCM_IRQHandler                 
00004379  PORT1_IRQHandler               
00004379  PORT2_IRQHandler               
000016b1  PORT3_IRQHandler               
000016b1  PORT3_IRQHandler               
00004379  PORT4_IRQHandler               
00004379  PORT5_IRQHandler               
00004379  PORT6_IRQHandler               
00004379  PSS_IRQHandler                 
00004379  PendSV_Handler                 
00004379  RTC_C_IRQHandler               
0000436d  Reset_Handler                  
00004379  SVC_Handler                    
00004379  SysTick_Handler                
200005f0  SystemCoreClock                
00001bdd  SystemCoreClockUpdate          
00001e55  SystemInit                     
00004379  T32_INT1_IRQHandler            
00004379  T32_INT2_IRQHandler            
00004379  T32_INTC_IRQHandler            
00004379  TA0_0_IRQHandler               
00004379  TA0_N_IRQHandler               
00004379  TA1_0_IRQHandler               
00004379  TA1_N_IRQHandler               
00004379  TA2_0_IRQHandler               
00004379  TA2_N_IRQHandler               
00004379  TA3_0_IRQHandler               
00004379  TA3_N_IRQHandler               
00004379  UsageFault_Handler             
4000480c  WDTCTL_SYM                     
00004379  WDT_A_IRQHandler               
200005f8  __CIOBUF_                      
20010000  __STACK_END                    
00000200  __STACK_SIZE                   
00000400  __SYSMEM_SIZE                  
00004568  __TI_CINIT_Base                
00004578  __TI_CINIT_Limit               
00004554  __TI_Handler_Table_Base        
00004560  __TI_Handler_Table_Limit       
00003eb9  __TI_auto_init_nobinit_nopinit 
000040dd  __TI_cleanup                   
200005c8  __TI_cleanup_ptr               
000036f1  __TI_closefile                 
000038a5  __TI_decompress_lzss           
0000435f  __TI_decompress_none           
00003d09  __TI_doflush                   
200005cc  __TI_dtors_ptr                 
200005d0  __TI_enable_exit_profile_output
200005b8  __TI_ft_end                    
ffffffff  __TI_pprof_out_hndl            
000000e5  __TI_printfi                   
ffffffff  __TI_prof_data_size            
ffffffff  __TI_prof_data_start           
00004111  __TI_readmsg                   
00000000  __TI_static_base__             
20000718  __TI_tmpnams                   
00003ffd  __TI_writemsg                  
00003a3d  __TI_wrt_ok                    
0000433b  __TI_zero_init_nomemset        
000034f1  __aeabi_cdcmpeq                
000034f1  __aeabi_cdcmple                
00003577  __aeabi_cdrcmple               
00003de9  __aeabi_d2iz                   
00002533  __aeabi_dadd                   
00002985  __aeabi_ddiv                   
00002f09  __aeabi_dmul                   
00002529  __aeabi_dsub                   
00004385  __aeabi_errno_addr             
000041a9  __aeabi_i2d                    
000012e7  __aeabi_idiv0                  
000012e7  __aeabi_ldiv0                  
000035fd  __aeabi_memclr                 
000035fd  __aeabi_memclr4                
000035fd  __aeabi_memclr8                
00003333  __aeabi_memcpy                 
00003333  __aeabi_memcpy4                
00003333  __aeabi_memcpy8                
000035ff  __aeabi_memset                 
000035ff  __aeabi_memset4                
000035ff  __aeabi_memset8                
200005c4  __aeabi_stderr                 
200005bc  __aeabi_stdin                  
200005c0  __aeabi_stdout                 
000033cf  __aeabi_uldivmod               
ffffffff  __binit__                      
ffffffff  __c_args__                     
UNDEFED   __mpu_init                     
2000fe00  __stack                        
00004035  _c_int00_noargs                
0000439c  _ctypes_                       
200004f0  _device                        
20000400  _ftable                        
200005e0  _lock                          
00000b43  _nop                           
20000568  _stream                        
20000000  _sys_memory                    
UNDEFED   _system_post_cinit             
00004395  _system_pre_init               
200005e4  _unlock                        
00004399  abort                          
000027c9  alarmSoundHigh                 
000027e3  alarmSoundLow                  
000027fd  alarmSoundOff                  
0000156d  arm                            
00001055  armMenu                        
00003d55  atoi                           
ffffffff  binit                          
00001675  checkFlags                     
00003b01  close                          
0000275d  closeDoor                      
00001a69  collectPIN                     
000019b5  collectPulse                   
000042ff  copysign                       
000042ff  copysignl                      
000031d5  delay_mS                       
000031ff  delay_uS                       
00000db3  display                        
00000e2b  displayDC                      
00000ea5  displayPass                    
00000e61  displayPulse                   
000013cb  door                           
00000f15  doorMenu                       
200005e8  errno                          
00003da1  exit                           
00004179  finddevice                     
00003465  fputc                          
00002bdd  fputs                          
000030e1  free                           
00003975  frexp                          
00003975  frexpl                         
000039d9  fseek                          
00003efd  getdevice                      
0000277b  initAlarm                      
000026e1  initDoor                       
00002e01  initFan                        
00001815  initKeypad                     
00000b45  initLCD                        
00002181  initLights                     
000031b9  initSystick                    
0000323f  initTimer32                    
00003227  initTimerA2_50Hz               
00000000  interruptVectors               
00000fa9  invalidKey                     
00000fd5  invalidPIN                     
200007c6  isON                           
00002cf1  ldexp                          
00002cf1  ldexpl                         
200007c7  light_flag                     
00001421  lights                         
00000f61  lightsMenu                     
00000f85  lightsPulseMenu                
00004205  lseek                          
00003c63  ltoa                           
00001315  main                           
00000ee9  mainMenu                       
00003679  malloc                         
0000429d  memccpy                        
0000427d  memchr                         
00003333  memcpy                         
00003605  memset                         
0000406d  minit                          
000014ff  motor                          
00000f3d  motorPulseMenu                 
0000273f  openDoor                       
200007b8  parmbuf                        
00001005  passwordMenu                   
00001535  pin                            
0000102d  pinMenu                        
00001963  printKeypad                    
0000390d  printf                         
00000bf7  pulseEnable                    
00000c53  pushByte                       
00000c2b  pushNibble                     
00003465  putc                           
0000222f  pwmBlue                        
00002287  pwmGreen                       
0000225b  pwmRed                         
00004145  rand                           
0000183d  readKeypad                     
000041d9  remove                         
00003257  resetTimer32                   
00002e9b  runFan                         
00002cf1  scalbn                         
00002cf1  scalbnl                        
00000cc7  screenSaver                    
00003005  setvbuf                        
00001079  smileMenu                      
00003f41  sprintf                        
200007c8  ss_flag                        
000042e9  strchr                         
000042d1  strcmp                         
00004313  strcpy                         
00004327  strlen                         
000040a5  strncpy                        
000022b3  toggleLights                   
000041d9  unlink                         
0000434d  wcslen                         
00004255  write                          
00000ca1  writeCommand                   
00000c7b  writeData                      


GLOBAL SYMBOLS: SORTED BY Symbol Address 

address   name                           
-------   ----                           
00000000  __TI_static_base__             
00000000  interruptVectors               
000000e5  __TI_printfi                   
00000200  __STACK_SIZE                   
00000400  __SYSMEM_SIZE                  
00000b43  _nop                           
00000b45  initLCD                        
00000bf7  pulseEnable                    
00000c2b  pushNibble                     
00000c53  pushByte                       
00000c7b  writeData                      
00000ca1  writeCommand                   
00000cc7  screenSaver                    
00000db3  display                        
00000e2b  displayDC                      
00000e61  displayPulse                   
00000ea5  displayPass                    
00000ee9  mainMenu                       
00000f15  doorMenu                       
00000f3d  motorPulseMenu                 
00000f61  lightsMenu                     
00000f85  lightsPulseMenu                
00000fa9  invalidKey                     
00000fd5  invalidPIN                     
00001005  passwordMenu                   
0000102d  pinMenu                        
00001055  armMenu                        
00001079  smileMenu                      
000012e7  __aeabi_idiv0                  
000012e7  __aeabi_ldiv0                  
00001315  main                           
000013cb  door                           
00001421  lights                         
000014ff  motor                          
00001535  pin                            
0000156d  arm                            
00001675  checkFlags                     
000016b1  PORT3_IRQHandler               
000016b1  PORT3_IRQHandler               
00001815  initKeypad                     
0000183d  readKeypad                     
00001963  printKeypad                    
000019b5  collectPulse                   
00001a69  collectPIN                     
00001bdd  SystemCoreClockUpdate          
00001e55  SystemInit                     
00002181  initLights                     
0000222f  pwmBlue                        
0000225b  pwmRed                         
00002287  pwmGreen                       
000022b3  toggleLights                   
00002529  __aeabi_dsub                   
00002533  __aeabi_dadd                   
000026e1  initDoor                       
0000273f  openDoor                       
0000275d  closeDoor                      
0000277b  initAlarm                      
000027c9  alarmSoundHigh                 
000027e3  alarmSoundLow                  
000027fd  alarmSoundOff                  
00002985  __aeabi_ddiv                   
00002bdd  fputs                          
00002cf1  ldexp                          
00002cf1  ldexpl                         
00002cf1  scalbn                         
00002cf1  scalbnl                        
00002e01  initFan                        
00002e9b  runFan                         
00002f09  __aeabi_dmul                   
00003005  setvbuf                        
000030e1  free                           
000031b9  initSystick                    
000031d5  delay_mS                       
000031ff  delay_uS                       
00003227  initTimerA2_50Hz               
0000323f  initTimer32                    
00003257  resetTimer32                   
00003333  __aeabi_memcpy                 
00003333  __aeabi_memcpy4                
00003333  __aeabi_memcpy8                
00003333  memcpy                         
000033cf  __aeabi_uldivmod               
00003465  fputc                          
00003465  putc                           
000034f1  __aeabi_cdcmpeq                
000034f1  __aeabi_cdcmple                
00003577  __aeabi_cdrcmple               
000035fd  __aeabi_memclr                 
000035fd  __aeabi_memclr4                
000035fd  __aeabi_memclr8                
000035ff  __aeabi_memset                 
000035ff  __aeabi_memset4                
000035ff  __aeabi_memset8                
00003605  memset                         
00003679  malloc                         
000036f1  __TI_closefile                 
000037d5  HOSTlseek                      
0000383d  HOSTrename                     
000038a5  __TI_decompress_lzss           
0000390d  printf                         
00003975  frexp                          
00003975  frexpl                         
000039d9  fseek                          
00003a3d  __TI_wrt_ok                    
00003aa1  HOSTopen                       
00003b01  close                          
00003b5d  HOSTread                       
00003bb5  HOSTwrite                      
00003c63  ltoa                           
00003d09  __TI_doflush                   
00003d55  atoi                           
00003da1  exit                           
00003de9  __aeabi_d2iz                   
00003e31  HOSTclose                      
00003e75  HOSTunlink                     
00003eb9  __TI_auto_init_nobinit_nopinit 
00003efd  getdevice                      
00003f41  sprintf                        
00003ffd  __TI_writemsg                  
0000402b  C$$IO$$                        
00004035  _c_int00_noargs                
0000406d  minit                          
000040a5  strncpy                        
000040dd  __TI_cleanup                   
00004111  __TI_readmsg                   
00004145  rand                           
00004179  finddevice                     
000041a9  __aeabi_i2d                    
000041d9  remove                         
000041d9  unlink                         
00004205  lseek                          
00004255  write                          
0000427d  memchr                         
0000429d  memccpy                        
000042d1  strcmp                         
000042e9  strchr                         
000042ff  copysign                       
000042ff  copysignl                      
00004313  strcpy                         
00004327  strlen                         
0000433b  __TI_zero_init_nomemset        
0000434d  wcslen                         
0000435f  __TI_decompress_none           
0000436d  Reset_Handler                  
00004379  ADC14_IRQHandler               
00004379  AES256_IRQHandler              
00004379  BusFault_Handler               
00004379  COMP_E0_IRQHandler             
00004379  COMP_E1_IRQHandler             
00004379  CS_IRQHandler                  
00004379  DMA_ERR_IRQHandler             
00004379  DMA_INT0_IRQHandler            
00004379  DMA_INT1_IRQHandler            
00004379  DMA_INT2_IRQHandler            
00004379  DMA_INT3_IRQHandler            
00004379  DebugMon_Handler               
00004379  Default_Handler                
00004379  EUSCIA0_IRQHandler             
00004379  EUSCIA1_IRQHandler             
00004379  EUSCIA2_IRQHandler             
00004379  EUSCIA3_IRQHandler             
00004379  EUSCIB0_IRQHandler             
00004379  EUSCIB1_IRQHandler             
00004379  EUSCIB2_IRQHandler             
00004379  EUSCIB3_IRQHandler             
00004379  FLCTL_IRQHandler               
00004379  FPU_IRQHandler                 
00004379  HardFault_Handler              
00004379  MemManage_Handler              
00004379  NMI_Handler                    
00004379  PCM_IRQHandler                 
00004379  PORT1_IRQHandler               
00004379  PORT2_IRQHandler               
00004379  PORT4_IRQHandler               
00004379  PORT5_IRQHandler               
00004379  PORT6_IRQHandler               
00004379  PSS_IRQHandler                 
00004379  PendSV_Handler                 
00004379  RTC_C_IRQHandler               
00004379  SVC_Handler                    
00004379  SysTick_Handler                
00004379  T32_INT1_IRQHandler            
00004379  T32_INT2_IRQHandler            
00004379  T32_INTC_IRQHandler            
00004379  TA0_0_IRQHandler               
00004379  TA0_N_IRQHandler               
00004379  TA1_0_IRQHandler               
00004379  TA1_N_IRQHandler               
00004379  TA2_0_IRQHandler               
00004379  TA2_N_IRQHandler               
00004379  TA3_0_IRQHandler               
00004379  TA3_N_IRQHandler               
00004379  UsageFault_Handler             
00004379  WDT_A_IRQHandler               
00004385  __aeabi_errno_addr             
00004395  _system_pre_init               
00004399  C$$EXIT                        
00004399  abort                          
0000439c  _ctypes_                       
00004554  __TI_Handler_Table_Base        
00004560  __TI_Handler_Table_Limit       
00004568  __TI_CINIT_Base                
00004578  __TI_CINIT_Limit               
20000000  _sys_memory                    
20000400  _ftable                        
200004f0  _device                        
20000568  _stream                        
200005b8  __TI_ft_end                    
200005bc  __aeabi_stdin                  
200005c0  __aeabi_stdout                 
200005c4  __aeabi_stderr                 
200005c8  __TI_cleanup_ptr               
200005cc  __TI_dtors_ptr                 
200005d0  __TI_enable_exit_profile_output
200005e0  _lock                          
200005e4  _unlock                        
200005e8  errno                          
200005f0  SystemCoreClock                
200005f8  __CIOBUF_                      
20000718  __TI_tmpnams                   
200007b8  parmbuf                        
200007c6  isON                           
200007c7  light_flag                     
200007c8  ss_flag                        
2000fe00  __stack                        
20010000  __STACK_END                    
4000480c  WDTCTL_SYM                     
ffffffff  __TI_pprof_out_hndl            
ffffffff  __TI_prof_data_size            
ffffffff  __TI_prof_data_start           
ffffffff  __binit__                      
ffffffff  __c_args__                     
ffffffff  binit                          
UNDEFED   __mpu_init                     
UNDEFED   _system_post_cinit             

[235 symbols]
