******************************************************************************
                  TI ARM Linker PC v18.1.3                     
******************************************************************************
>> Linked Sun Oct 28 00:47:58 2018

OUTPUT FILE NAME:   <IoT_Project.out>
ENTRY POINT SYMBOL: "_c_int00_noargs"  address: 00003755


MEMORY CONFIGURATION

         name            origin    length      used     unused   attr    fill
----------------------  --------  ---------  --------  --------  ----  --------
  MAIN                  00000000   00040000  00003c01  0003c3ff  R  X
  INFO                  00200000   00004000  00000000  00004000  R  X
  SRAM_CODE             01000000   00010000  000009b8  0000f648  RW X
  SRAM_DATA             20000000   00010000  000009b8  0000f648  RW  


SEGMENT ALLOCATION MAP

run origin  load origin   length   init length attrs members
----------  ----------- ---------- ----------- ----- -------
00000000    00000000    00003c08   00003c08    r-x
  00000000    00000000    000000e4   000000e4    r-- .intvecs
  000000e4    000000e4    00003984   00003984    r-x .text
  00003a68    00003a68    00000101   00000101    r-- .const
  00003b70    00003b70    00000098   00000098    r-- .cinit
20000000    20000000    000007b8   00000000    rw-
  20000000    20000000    00000400   00000000    rw- .sysmem
  20000400    20000400    000001f0   00000000    rw- .data
  200005f0    200005f0    000001c8   00000000    rw- .bss
2000fe00    2000fe00    00000200   00000000    rw-
  2000fe00    2000fe00    00000200   00000000    rw- .stack


SECTION ALLOCATION MAP

 output                                  attributes/
section   page    origin      length       input sections
--------  ----  ----------  ----------   ----------------
.intvecs   0    00000000    000000e4     
                  00000000    000000e4     startup_msp432p401r_ccs.obj (.intvecs:retain)

.text      0    000000e4    00003984     
                  000000e4    00000a5e     rtsv7M4_T_le_v4SPD16_eabi.lib : _printfi.c.obj (.text:__TI_printfi)
                  00000b42    00000002                                   : _lock.c.obj (.text:_nop)
                  00000b44    0000053a     LCD.obj (.text)
                  0000107e    00000002     rtsv7M4_T_le_v4SPD16_eabi.lib : div0.asm.obj (.text)
                  00001080    00000334     system_msp432p401r.obj (.text)
                  000013b4    00000314     keypad.obj (.text)
                  000016c8    00000270     rtsv7M4_T_le_v4SPD16_eabi.lib : _printfi.c.obj (.text:_pconv_a)
                  00001938    000001d0                                   : _printfi.c.obj (.text:_pconv_g)
                  00001b08    000001b6                                   : fd_add_t2.asm.obj (.text)
                  00001cbe    00000002     --HOLE-- [fill = 0]
                  00001cc0    00000180     main.obj (.text)
                  00001e40    0000013c     rtsv7M4_T_le_v4SPD16_eabi.lib : _printfi.c.obj (.text:_pconv_e)
                  00001f7c    00000136                                   : fd_div_t2.asm.obj (.text)
                  000020b2    00000002     --HOLE-- [fill = 0]
                  000020b4    00000120                                   : _printfi.c.obj (.text:fcvt)
                  000021d4    00000114                                   : fputs.c.obj (.text:fputs)
                  000022e8    00000110                                   : s_scalbn.c.obj (.text:scalbn)
                  000023f8    0000010c     lights.obj (.text)
                  00002504    000000fc     rtsv7M4_T_le_v4SPD16_eabi.lib : fd_mul_t2.asm.obj (.text)
                  00002600    000000e4     fan.obj (.text)
                  000026e4    000000dc     rtsv7M4_T_le_v4SPD16_eabi.lib : setvbuf.c.obj (.text:setvbuf)
                  000027c0    000000d8                                   : memory.c.obj (.text:free)
                  00002898    000000b1                                   : _printfi.c.obj (.text:_ltostr)
                  00002949    00000003     --HOLE-- [fill = 0]
                  0000294c    000000a8     door.obj (.text)
                  000029f4    0000009c     rtsv7M4_T_le_v4SPD16_eabi.lib : memcpy_t2.asm.obj (.text)
                  00002a90    0000009c     timers.obj (.text)
                  00002b2c    00000096     rtsv7M4_T_le_v4SPD16_eabi.lib : ull_div_t2.asm.obj (.text)
                  00002bc2    00000002     --HOLE-- [fill = 0]
                  00002bc4    0000008c                                   : fputc.c.obj (.text:fputc)
                  00002c50    00000086                                   : fd_cmp_t2.asm.obj (.text:__aeabi_cdcmple)
                  00002cd6    00000086                                   : fd_cmp_t2.asm.obj (.text:__aeabi_cdrcmple)
                  00002d5c    0000007a                                   : memset_t2.asm.obj (.text)
                  00002dd6    00000002     --HOLE-- [fill = 0]
                  00002dd8    00000078                                   : memory.c.obj (.text:malloc)
                  00002e50    00000074                                   : fclose.c.obj (.text:__TI_closefile)
                  00002ec4    0000006e                                   : _printfi.c.obj (.text:_mcpy)
                  00002f32    00000002     --HOLE-- [fill = 0]
                  00002f34    00000068                                   : hostlseek.c.obj (.text:HOSTlseek)
                  00002f9c    00000068                                   : hostrename.c.obj (.text:HOSTrename)
                  00003004    00000068                                   : copy_decompress_lzss.c.obj (.text:decompress:lzss:__TI_decompress_lzss)
                  0000306c    00000068                                   : printf.c.obj (.text:printf)
                  000030d4    00000064                                   : s_frexp.c.obj (.text:frexp)
                  00003138    00000064                                   : fseek.c.obj (.text:fseek)
                  0000319c    00000062                                   : _io_perm.c.obj (.text:__TI_wrt_ok)
                  000031fe    00000002     --HOLE-- [fill = 0]
                  00003200    00000060                                   : hostopen.c.obj (.text:HOSTopen)
                  00003260    0000005c                                   : close.c.obj (.text:close)
                  000032bc    00000058                                   : hostread.c.obj (.text:HOSTread)
                  00003314    00000058                                   : hostwrite.c.obj (.text:HOSTwrite)
                  0000336c    00000056                                   : _printfi.c.obj (.text:_pconv_f)
                  000033c2    00000054                                   : ltoa.c.obj (.text:ltoa)
                  00003416    00000052                                   : _printfi.c.obj (.text:_ecpy)
                  00003468    0000004c                                   : fflush.c.obj (.text:__TI_doflush)
                  000034b4    0000004c                                   : atoi.c.obj (.text:atoi)
                  00003500    00000048                                   : exit.c.obj (.text:exit)
                  00003548    00000048                                   : fd_toi_t2.asm.obj (.text)
                  00003590    00000044                                   : hostclose.c.obj (.text:HOSTclose)
                  000035d4    00000044                                   : hostunlink.c.obj (.text:HOSTunlink)
                  00003618    00000044                                   : autoinit.c.obj (.text:__TI_auto_init_nobinit_nopinit:__TI_auto_init_nobinit_nopinit)
                  0000365c    00000044                                   : getdevice.c.obj (.text:getdevice)
                  000036a0    0000003e                                   : _printfi.c.obj (.text:_fcpy)
                  000036de    00000002     --HOLE-- [fill = 0]
                  000036e0    0000003c                                   : memory.c.obj (.text:minsert)
                  0000371c    00000038                                   : trgmsg.c.obj (.text:__TI_writemsg)
                  00003754    00000038                                   : boot_cortex_m.c.obj (.text:_c_int00_noargs:_c_int00_noargs)
                  0000378c    00000038                                   : memory.c.obj (.text:minit)
                  000037c4    00000036                                   : strncpy.c.obj (.text:strncpy)
                  000037fa    00000002     --HOLE-- [fill = 0]
                  000037fc    00000034                                   : fopen.c.obj (.text:__TI_cleanup)
                  00003830    00000034                                   : trgmsg.c.obj (.text:__TI_readmsg)
                  00003864    00000030                                   : getdevice.c.obj (.text:finddevice)
                  00003894    0000002e                                   : i_tofd_t2.asm.obj (.text)
                  000038c2    00000002     --HOLE-- [fill = 0]
                  000038c4    0000002c                                   : unlink.c.obj (.text:unlink)
                  000038f0    00000028                                   : lseek.c.obj (.text:lseek)
                  00003918    00000028                                   : memory.c.obj (.text:mremove)
                  00003940    00000028                                   : write.c.obj (.text:write)
                  00003968    00000020                                   : memchr.c.obj (.text:memchr)
                  00003988    0000001c                                   : memccpy.c.obj (.text:memccpy)
                  000039a4    00000018                                   : strcmp.c.obj (.text:strcmp)
                  000039bc    00000016                                   : strchr.c.obj (.text:strchr)
                  000039d2    00000014                                   : s_copysign.c.obj (.text:copysign)
                  000039e6    00000014                                   : strcpy.c.obj (.text:strcpy)
                  000039fa    00000014                                   : strlen.c.obj (.text:strlen)
                  00003a0e    00000012                                   : copy_zero_init.c.obj (.text:decompress:ZI:__TI_zero_init_nomemset:__TI_zero_init_nomemset)
                  00003a20    00000012                                   : wcslen.c.obj (.text:wcslen)
                  00003a32    0000000e                                   : copy_decompress_none.c.obj (.text:decompress:none:__TI_decompress_none)
                  00003a40    0000000e     startup_msp432p401r_ccs.obj (.text)
                  00003a4e    00000002     --HOLE-- [fill = 0]
                  00003a50    00000008     rtsv7M4_T_le_v4SPD16_eabi.lib : errno.c.obj (.text:__aeabi_errno_addr)
                  00003a58    00000004                                   : printf.c.obj (.text:_outc)
                  00003a5c    00000004                                   : printf.c.obj (.text:_outs)
                  00003a60    00000004                                   : pre_init.c.obj (.text:_system_pre_init)
                  00003a64    00000004                                   : exit.c.obj (.text:abort:abort)

.const     0    00003a68    00000101     
                  00003a68    00000101     rtsv7M4_T_le_v4SPD16_eabi.lib : ctype.c.obj (.const:.string:_ctypes_)

.cinit     0    00003b70    00000098     
                  00003b70    00000072     (.cinit..data.load) [load image, compression = lzss]
                  00003be2    00000002     --HOLE-- [fill = 0]
                  00003be4    0000000c     (__TI_handler_table)
                  00003bf0    00000008     (.cinit..bss.load) [load image, compression = zero_init]
                  00003bf8    00000010     (__TI_cinit_table)

.init_array 
*          0    00000000    00000000     UNINITIALIZED

.binit     0    00000000    00000000     

.sysmem    0    20000000    00000400     UNINITIALIZED
                  20000000    00000008     rtsv7M4_T_le_v4SPD16_eabi.lib : memory.c.obj (.sysmem)
                  20000008    000003f8     --HOLE--

.data      0    20000400    000001f0     UNINITIALIZED
                  20000400    000000f0     rtsv7M4_T_le_v4SPD16_eabi.lib : defs.c.obj (.data:_ftable)
                  200004f0    00000078                                   : write.c.obj (.data:_device)
                  20000568    00000050                                   : write.c.obj (.data:_stream)
                  200005b8    00000010                                   : defs.c.obj (.data)
                  200005c8    0000000c                                   : exit.c.obj (.data:$O1$$)
                  200005d4    0000000c                                   : memory.c.obj (.data:$O1$$)
                  200005e0    00000008                                   : _lock.c.obj (.data:$O1$$)
                  200005e8    00000004                                   : errno.c.obj (.data)
                  200005ec    00000004     system_msp432p401r.obj (.data)

.bss       0    200005f0    000001c8     UNINITIALIZED
                  200005f0    00000120     rtsv7M4_T_le_v4SPD16_eabi.lib : trgmsg.c.obj (.bss:_CIOBUF_)
                  20000710    000000a0     (.common:__TI_tmpnams)
                  200007b0    00000008     (.common:parmbuf)

.stack     0    2000fe00    00000200     UNINITIALIZED
                  2000fe00    00000004     rtsv7M4_T_le_v4SPD16_eabi.lib : boot_cortex_m.c.obj (.stack)
                  2000fe04    000001fc     --HOLE--

MODULE SUMMARY

       Module                        code    ro data   rw data
       ------                        ----    -------   -------
    .\
       LCD.obj                       1338    0         0      
       system_msp432p401r.obj        820     0         8      
       keypad.obj                    788     0         0      
       main.obj                      384     0         0      
       lights.obj                    268     0         0      
       startup_msp432p401r_ccs.obj   14      228       0      
       fan.obj                       228     0         0      
       door.obj                      168     0         0      
       timers.obj                    156     0         0      
    +--+-----------------------------+-------+---------+---------+
       Total:                        4164    228       8      
                                                              
    C:\ti\ccsv8\tools\compiler\ti-cgt-arm_18.1.3.LTS\lib\rtsv7M4_T_le_v4SPD16_eabi.lib
       _printfi.c.obj                4863    0         0      
       defs.c.obj                    0       0         832    
       trgmsg.c.obj                  108     0         576    
       memory.c.obj                  492     0         24     
       write.c.obj                   40      0         400    
       fd_add_t2.asm.obj             438     0         0      
       fd_div_t2.asm.obj             310     0         0      
       fputs.c.obj                   276     0         0      
       s_scalbn.c.obj                272     0         0      
       fd_cmp_t2.asm.obj             268     0         0      
       ctype.c.obj                   0       257       0      
       fd_mul_t2.asm.obj             252     0         0      
       setvbuf.c.obj                 220     0         0      
       memcpy_t2.asm.obj             156     0         0      
       ull_div_t2.asm.obj            150     0         0      
       fputc.c.obj                   140     0         0      
       memset_t2.asm.obj             122     0         0      
       fclose.c.obj                  116     0         0      
       getdevice.c.obj               116     0         0      
       hostopen.c.obj                96      0         16     
       printf.c.obj                  112     0         0      
       copy_decompress_lzss.c.obj    104     0         0      
       hostlseek.c.obj               104     0         0      
       hostrename.c.obj              104     0         0      
       exit.c.obj                    76      0         24     
       fseek.c.obj                   100     0         0      
       s_frexp.c.obj                 100     0         0      
       _io_perm.c.obj                98      0         0      
       close.c.obj                   92      0         0      
       hostread.c.obj                88      0         0      
       hostwrite.c.obj               88      0         0      
       ltoa.c.obj                    84      0         0      
       atoi.c.obj                    76      0         0      
       fflush.c.obj                  76      0         0      
       fd_toi_t2.asm.obj             72      0         0      
       autoinit.c.obj                68      0         0      
       hostclose.c.obj               68      0         0      
       hostunlink.c.obj              68      0         0      
       boot_cortex_m.c.obj           56      0         0      
       strncpy.c.obj                 54      0         0      
       fopen.c.obj                   52      0         0      
       i_tofd_t2.asm.obj             46      0         0      
       unlink.c.obj                  44      0         0      
       lseek.c.obj                   40      0         0      
       memchr.c.obj                  32      0         0      
       memccpy.c.obj                 28      0         0      
       strcmp.c.obj                  24      0         0      
       strchr.c.obj                  22      0         0      
       s_copysign.c.obj              20      0         0      
       strcpy.c.obj                  20      0         0      
       strlen.c.obj                  20      0         0      
       _lock.c.obj                   2       0         16     
       copy_zero_init.c.obj          18      0         0      
       wcslen.c.obj                  18      0         0      
       errno.c.obj                   8       0         8      
       copy_decompress_none.c.obj    14      0         0      
       pre_init.c.obj                4       0         0      
       div0.asm.obj                  2       0         0      
    +--+-----------------------------+-------+---------+---------+
       Total:                        10537   257       1896   
                                                              
       Heap:                         0       0         2048   
       Stack:                        0       0         1024   
       Linker Generated:             0       150       0      
    +--+-----------------------------+-------+---------+---------+
       Grand Total:                  14701   635       4976   


LINKER GENERATED COPY TABLES

__TI_cinit_table @ 00003bf8 records: 2, size/record: 8, table size: 16
	.data: load addr=00003b70, load size=00000072 bytes, run addr=20000400, run size=000001f0 bytes, compression=lzss
	.bss: load addr=00003bf0, load size=00000008 bytes, run addr=200005f0, run size=000001c8 bytes, compression=zero_init


LINKER GENERATED HANDLER TABLE

__TI_handler_table @ 00003be4 records: 3, size/record: 4, table size: 12
	index: 0, handler: __TI_decompress_lzss
	index: 1, handler: __TI_decompress_none
	index: 2, handler: __TI_zero_init


GLOBAL SYMBOLS: SORTED ALPHABETICALLY BY Name 

address   name                           
-------   ----                           
00003a4d  ADC14_IRQHandler               
00003a4d  AES256_IRQHandler              
00003a4d  BusFault_Handler               
00003a65  C$$EXIT                        
0000374b  C$$IO$$                        
00003a4d  COMP_E0_IRQHandler             
00003a4d  COMP_E1_IRQHandler             
00003a4d  CS_IRQHandler                  
00003a4d  DMA_ERR_IRQHandler             
00003a4d  DMA_INT0_IRQHandler            
00003a4d  DMA_INT1_IRQHandler            
00003a4d  DMA_INT2_IRQHandler            
00003a4d  DMA_INT3_IRQHandler            
00003a4d  DebugMon_Handler               
00003a4d  Default_Handler                
00003a4d  EUSCIA0_IRQHandler             
00003a4d  EUSCIA1_IRQHandler             
00003a4d  EUSCIA2_IRQHandler             
00003a4d  EUSCIA3_IRQHandler             
00003a4d  EUSCIB0_IRQHandler             
00003a4d  EUSCIB1_IRQHandler             
00003a4d  EUSCIB2_IRQHandler             
00003a4d  EUSCIB3_IRQHandler             
00003a4d  FLCTL_IRQHandler               
00003a4d  FPU_IRQHandler                 
00003591  HOSTclose                      
00002f35  HOSTlseek                      
00003201  HOSTopen                       
000032bd  HOSTread                       
00002f9d  HOSTrename                     
000035d5  HOSTunlink                     
00003315  HOSTwrite                      
00003a4d  HardFault_Handler              
00003a4d  MemManage_Handler              
00003a4d  NMI_Handler                    
00003a4d  PCM_IRQHandler                 
00003a4d  PORT1_IRQHandler               
00003a4d  PORT2_IRQHandler               
00001da3  PORT3_IRQHandler               
00001da3  PORT3_IRQHandler               
00003a4d  PORT4_IRQHandler               
00003a4d  PORT5_IRQHandler               
00003a4d  PORT6_IRQHandler               
00003a4d  PSS_IRQHandler                 
00003a4d  PendSV_Handler                 
00003a4d  RTC_C_IRQHandler               
00003a41  Reset_Handler                  
00003a4d  SVC_Handler                    
00003a4d  SysTick_Handler                
200005ec  SystemCoreClock                
00001081  SystemCoreClockUpdate          
000012f9  SystemInit                     
00003a4d  T32_INT1_IRQHandler            
00003a4d  T32_INT2_IRQHandler            
00003a4d  T32_INTC_IRQHandler            
00003a4d  TA0_0_IRQHandler               
00003a4d  TA0_N_IRQHandler               
00003a4d  TA1_0_IRQHandler               
00003a4d  TA1_N_IRQHandler               
00003a4d  TA2_0_IRQHandler               
00003a4d  TA2_N_IRQHandler               
00003a4d  TA3_0_IRQHandler               
00003a4d  TA3_N_IRQHandler               
00003a4d  UsageFault_Handler             
4000480c  WDTCTL_SYM                     
00003a4d  WDT_A_IRQHandler               
200005f0  __CIOBUF_                      
20010000  __STACK_END                    
00000200  __STACK_SIZE                   
00000400  __SYSMEM_SIZE                  
00003bf8  __TI_CINIT_Base                
00003c08  __TI_CINIT_Limit               
00003be4  __TI_Handler_Table_Base        
00003bf0  __TI_Handler_Table_Limit       
00003619  __TI_auto_init_nobinit_nopinit 
000037fd  __TI_cleanup                   
200005c8  __TI_cleanup_ptr               
00002e51  __TI_closefile                 
00003005  __TI_decompress_lzss           
00003a33  __TI_decompress_none           
00003469  __TI_doflush                   
200005cc  __TI_dtors_ptr                 
200005d0  __TI_enable_exit_profile_output
200005b8  __TI_ft_end                    
ffffffff  __TI_pprof_out_hndl            
000000e5  __TI_printfi                   
ffffffff  __TI_prof_data_size            
ffffffff  __TI_prof_data_start           
00003831  __TI_readmsg                   
00000000  __TI_static_base__             
20000710  __TI_tmpnams                   
0000371d  __TI_writemsg                  
0000319d  __TI_wrt_ok                    
00003a0f  __TI_zero_init_nomemset        
00002c51  __aeabi_cdcmpeq                
00002c51  __aeabi_cdcmple                
00002cd7  __aeabi_cdrcmple               
00003549  __aeabi_d2iz                   
00001b13  __aeabi_dadd                   
00001f7d  __aeabi_ddiv                   
00002505  __aeabi_dmul                   
00001b09  __aeabi_dsub                   
00003a51  __aeabi_errno_addr             
00003895  __aeabi_i2d                    
0000107f  __aeabi_idiv0                  
0000107f  __aeabi_ldiv0                  
00002d5d  __aeabi_memclr                 
00002d5d  __aeabi_memclr4                
00002d5d  __aeabi_memclr8                
000029f5  __aeabi_memcpy                 
000029f5  __aeabi_memcpy4                
000029f5  __aeabi_memcpy8                
00002d5f  __aeabi_memset                 
00002d5f  __aeabi_memset4                
00002d5f  __aeabi_memset8                
200005c4  __aeabi_stderr                 
200005bc  __aeabi_stdin                  
200005c0  __aeabi_stdout                 
00002b2d  __aeabi_uldivmod               
ffffffff  __binit__                      
ffffffff  __c_args__                     
UNDEFED   __mpu_init                     
2000fe00  __stack                        
00003755  _c_int00_noargs                
00003a68  _ctypes_                       
200004f0  _device                        
20000400  _ftable                        
200005e0  _lock                          
00000b43  _nop                           
20000568  _stream                        
20000000  _sys_memory                    
UNDEFED   _system_post_cinit             
00003a61  _system_pre_init               
200005e4  _unlock                        
00003a65  abort                          
000034b5  atoi                           
ffffffff  binit                          
00003261  close                          
000029bf  closeDoor                      
00001555  collectPulse                   
000039d3  copysign                       
000039d3  copysignl                      
00002aad  delay_mS                       
00002ad7  delay_uS                       
00000da7  display                        
00001503  displayKeypad                  
00001d69  door                           
00000e5d  doorMenu                       
200005e8  errno                          
00003501  exit                           
00003865  finddevice                     
00002bc5  fputc                          
000021d5  fputs                          
000027c1  free                           
000030d5  frexp                          
000030d5  frexpl                         
00003139  fseek                          
0000365d  getdevice                      
0000294d  initDoor                       
00002601  initFan                        
000013b5  initKeypad                     
00000b45  initLCD                        
000023f9  initLights                     
00002a91  initSystick                    
00002aff  initTimerA2_50Hz               
00000000  interruptVectors               
00000ef5  invalidKey                     
000022e9  ldexp                          
000022e9  ldexpl                         
00001d9f  lights                         
00000ead  lightsMenu                     
00000ed1  lightsMenu2                    
000038f1  lseek                          
000033c3  ltoa                           
00001ced  main                           
00000e1f  mainMenu                       
00002dd9  malloc                         
00003989  memccpy                        
00003969  memchr                         
000029f5  memcpy                         
00002d65  memset                         
0000378d  minit                          
00001da1  motor                          
00000e81  motorMenu                      
000029a1  openDoor                       
200007b0  parmbuf                        
0000306d  printf                         
00000bf7  pulseEnable                    
00000c53  pushByte                       
00000c2b  pushNibble                     
00002bc5  putc                           
00002457  pwmBlue                        
000024af  pwmGreen                       
00002483  pwmRed                         
000013dd  readKeypad                     
000038c5  remove                         
0000267d  runFan                         
000022e9  scalbn                         
000022e9  scalbnl                        
00000cc7  scroll                         
000026e5  setvbuf                        
000026a9  stopFan                        
000039bd  strchr                         
000039a5  strcmp                         
000039e7  strcpy                         
000039fb  strlen                         
000037c5  strncpy                        
00001db5  testAll                        
000038c5  unlink                         
00003a21  wcslen                         
00003941  write                          
00000ca1  writeCommand                   
00000c7b  writeData                      


GLOBAL SYMBOLS: SORTED BY Symbol Address 

address   name                           
-------   ----                           
00000000  __TI_static_base__             
00000000  interruptVectors               
000000e5  __TI_printfi                   
00000200  __STACK_SIZE                   
00000400  __SYSMEM_SIZE                  
00000b43  _nop                           
00000b45  initLCD                        
00000bf7  pulseEnable                    
00000c2b  pushNibble                     
00000c53  pushByte                       
00000c7b  writeData                      
00000ca1  writeCommand                   
00000cc7  scroll                         
00000da7  display                        
00000e1f  mainMenu                       
00000e5d  doorMenu                       
00000e81  motorMenu                      
00000ead  lightsMenu                     
00000ed1  lightsMenu2                    
00000ef5  invalidKey                     
0000107f  __aeabi_idiv0                  
0000107f  __aeabi_ldiv0                  
00001081  SystemCoreClockUpdate          
000012f9  SystemInit                     
000013b5  initKeypad                     
000013dd  readKeypad                     
00001503  displayKeypad                  
00001555  collectPulse                   
00001b09  __aeabi_dsub                   
00001b13  __aeabi_dadd                   
00001ced  main                           
00001d69  door                           
00001d9f  lights                         
00001da1  motor                          
00001da3  PORT3_IRQHandler               
00001da3  PORT3_IRQHandler               
00001db5  testAll                        
00001f7d  __aeabi_ddiv                   
000021d5  fputs                          
000022e9  ldexp                          
000022e9  ldexpl                         
000022e9  scalbn                         
000022e9  scalbnl                        
000023f9  initLights                     
00002457  pwmBlue                        
00002483  pwmRed                         
000024af  pwmGreen                       
00002505  __aeabi_dmul                   
00002601  initFan                        
0000267d  runFan                         
000026a9  stopFan                        
000026e5  setvbuf                        
000027c1  free                           
0000294d  initDoor                       
000029a1  openDoor                       
000029bf  closeDoor                      
000029f5  __aeabi_memcpy                 
000029f5  __aeabi_memcpy4                
000029f5  __aeabi_memcpy8                
000029f5  memcpy                         
00002a91  initSystick                    
00002aad  delay_mS                       
00002ad7  delay_uS                       
00002aff  initTimerA2_50Hz               
00002b2d  __aeabi_uldivmod               
00002bc5  fputc                          
00002bc5  putc                           
00002c51  __aeabi_cdcmpeq                
00002c51  __aeabi_cdcmple                
00002cd7  __aeabi_cdrcmple               
00002d5d  __aeabi_memclr                 
00002d5d  __aeabi_memclr4                
00002d5d  __aeabi_memclr8                
00002d5f  __aeabi_memset                 
00002d5f  __aeabi_memset4                
00002d5f  __aeabi_memset8                
00002d65  memset                         
00002dd9  malloc                         
00002e51  __TI_closefile                 
00002f35  HOSTlseek                      
00002f9d  HOSTrename                     
00003005  __TI_decompress_lzss           
0000306d  printf                         
000030d5  frexp                          
000030d5  frexpl                         
00003139  fseek                          
0000319d  __TI_wrt_ok                    
00003201  HOSTopen                       
00003261  close                          
000032bd  HOSTread                       
00003315  HOSTwrite                      
000033c3  ltoa                           
00003469  __TI_doflush                   
000034b5  atoi                           
00003501  exit                           
00003549  __aeabi_d2iz                   
00003591  HOSTclose                      
000035d5  HOSTunlink                     
00003619  __TI_auto_init_nobinit_nopinit 
0000365d  getdevice                      
0000371d  __TI_writemsg                  
0000374b  C$$IO$$                        
00003755  _c_int00_noargs                
0000378d  minit                          
000037c5  strncpy                        
000037fd  __TI_cleanup                   
00003831  __TI_readmsg                   
00003865  finddevice                     
00003895  __aeabi_i2d                    
000038c5  remove                         
000038c5  unlink                         
000038f1  lseek                          
00003941  write                          
00003969  memchr                         
00003989  memccpy                        
000039a5  strcmp                         
000039bd  strchr                         
000039d3  copysign                       
000039d3  copysignl                      
000039e7  strcpy                         
000039fb  strlen                         
00003a0f  __TI_zero_init_nomemset        
00003a21  wcslen                         
00003a33  __TI_decompress_none           
00003a41  Reset_Handler                  
00003a4d  ADC14_IRQHandler               
00003a4d  AES256_IRQHandler              
00003a4d  BusFault_Handler               
00003a4d  COMP_E0_IRQHandler             
00003a4d  COMP_E1_IRQHandler             
00003a4d  CS_IRQHandler                  
00003a4d  DMA_ERR_IRQHandler             
00003a4d  DMA_INT0_IRQHandler            
00003a4d  DMA_INT1_IRQHandler            
00003a4d  DMA_INT2_IRQHandler            
00003a4d  DMA_INT3_IRQHandler            
00003a4d  DebugMon_Handler               
00003a4d  Default_Handler                
00003a4d  EUSCIA0_IRQHandler             
00003a4d  EUSCIA1_IRQHandler             
00003a4d  EUSCIA2_IRQHandler             
00003a4d  EUSCIA3_IRQHandler             
00003a4d  EUSCIB0_IRQHandler             
00003a4d  EUSCIB1_IRQHandler             
00003a4d  EUSCIB2_IRQHandler             
00003a4d  EUSCIB3_IRQHandler             
00003a4d  FLCTL_IRQHandler               
00003a4d  FPU_IRQHandler                 
00003a4d  HardFault_Handler              
00003a4d  MemManage_Handler              
00003a4d  NMI_Handler                    
00003a4d  PCM_IRQHandler                 
00003a4d  PORT1_IRQHandler               
00003a4d  PORT2_IRQHandler               
00003a4d  PORT4_IRQHandler               
00003a4d  PORT5_IRQHandler               
00003a4d  PORT6_IRQHandler               
00003a4d  PSS_IRQHandler                 
00003a4d  PendSV_Handler                 
00003a4d  RTC_C_IRQHandler               
00003a4d  SVC_Handler                    
00003a4d  SysTick_Handler                
00003a4d  T32_INT1_IRQHandler            
00003a4d  T32_INT2_IRQHandler            
00003a4d  T32_INTC_IRQHandler            
00003a4d  TA0_0_IRQHandler               
00003a4d  TA0_N_IRQHandler               
00003a4d  TA1_0_IRQHandler               
00003a4d  TA1_N_IRQHandler               
00003a4d  TA2_0_IRQHandler               
00003a4d  TA2_N_IRQHandler               
00003a4d  TA3_0_IRQHandler               
00003a4d  TA3_N_IRQHandler               
00003a4d  UsageFault_Handler             
00003a4d  WDT_A_IRQHandler               
00003a51  __aeabi_errno_addr             
00003a61  _system_pre_init               
00003a65  C$$EXIT                        
00003a65  abort                          
00003a68  _ctypes_                       
00003be4  __TI_Handler_Table_Base        
00003bf0  __TI_Handler_Table_Limit       
00003bf8  __TI_CINIT_Base                
00003c08  __TI_CINIT_Limit               
20000000  _sys_memory                    
20000400  _ftable                        
200004f0  _device                        
20000568  _stream                        
200005b8  __TI_ft_end                    
200005bc  __aeabi_stdin                  
200005c0  __aeabi_stdout                 
200005c4  __aeabi_stderr                 
200005c8  __TI_cleanup_ptr               
200005cc  __TI_dtors_ptr                 
200005d0  __TI_enable_exit_profile_output
200005e0  _lock                          
200005e4  _unlock                        
200005e8  errno                          
200005ec  SystemCoreClock                
200005f0  __CIOBUF_                      
20000710  __TI_tmpnams                   
200007b0  parmbuf                        
2000fe00  __stack                        
20010000  __STACK_END                    
4000480c  WDTCTL_SYM                     
ffffffff  __TI_pprof_out_hndl            
ffffffff  __TI_prof_data_size            
ffffffff  __TI_prof_data_start           
ffffffff  __binit__                      
ffffffff  __c_args__                     
ffffffff  binit                          
UNDEFED   __mpu_init                     
UNDEFED   _system_post_cinit             

[213 symbols]
