******************************************************************************
                  TI ARM Linker PC v18.1.3                     
******************************************************************************
>> Linked Sun Oct 21 20:41:09 2018

OUTPUT FILE NAME:   <IoT_Project.out>
ENTRY POINT SYMBOL: "_c_int00_noargs"  address: 000033a1


MEMORY CONFIGURATION

         name            origin    length      used     unused   attr    fill
----------------------  --------  ---------  --------  --------  ----  --------
  MAIN                  00000000   00040000  0000384d  0003c7b3  R  X
  INFO                  00200000   00004000  00000000  00004000  R  X
  SRAM_CODE             01000000   00010000  000009b8  0000f648  RW X
  SRAM_DATA             20000000   00010000  000009b8  0000f648  RW  


SEGMENT ALLOCATION MAP

run origin  load origin   length   init length attrs members
----------  ----------- ---------- ----------- ----- -------
00000000    00000000    00003850   00003850    r-x
  00000000    00000000    000000e4   000000e4    r-- .intvecs
  000000e4    000000e4    000035d0   000035d0    r-x .text
  000036b4    000036b4    00000101   00000101    r-- .const
  000037b8    000037b8    00000098   00000098    r-- .cinit
20000000    20000000    000007b8   00000000    rw-
  20000000    20000000    00000400   00000000    rw- .sysmem
  20000400    20000400    000001f0   00000000    rw- .data
  200005f0    200005f0    000001c8   00000000    rw- .bss
2000fe00    2000fe00    00000200   00000000    rw-
  2000fe00    2000fe00    00000200   00000000    rw- .stack


SECTION ALLOCATION MAP

 output                                  attributes/
section   page    origin      length       input sections
--------  ----  ----------  ----------   ----------------
.intvecs   0    00000000    000000e4     
                  00000000    000000e4     startup_msp432p401r_ccs.obj (.intvecs:retain)

.text      0    000000e4    000035d0     
                  000000e4    00000a5e     rtsv7M4_T_le_v4SPD16_eabi.lib : _printfi.c.obj (.text:__TI_printfi)
                  00000b42    00000002                                   : _lock.c.obj (.text:_nop)
                  00000b44    00000370     LCD.obj (.text)
                  00000eb4    00000334     system_msp432p401r.obj (.text)
                  000011e8    00000310     keypad.obj (.text)
                  000014f8    00000270     rtsv7M4_T_le_v4SPD16_eabi.lib : _printfi.c.obj (.text:_pconv_a)
                  00001768    000001d0                                   : _printfi.c.obj (.text:_pconv_g)
                  00001938    000001b6                                   : fd_add_t2.asm.obj (.text)
                  00001aee    00000002                                   : div0.asm.obj (.text)
                  00001af0    00000198     timers.obj (.text)
                  00001c88    0000013c     rtsv7M4_T_le_v4SPD16_eabi.lib : _printfi.c.obj (.text:_pconv_e)
                  00001dc4    00000136                                   : fd_div_t2.asm.obj (.text)
                  00001efa    00000002     --HOLE-- [fill = 0]
                  00001efc    00000120                                   : _printfi.c.obj (.text:fcvt)
                  0000201c    00000114                                   : fputs.c.obj (.text:fputs)
                  00002130    00000110                                   : s_scalbn.c.obj (.text:scalbn)
                  00002240    000000fc     myIoT_devices.obj (.text)
                  0000233c    000000fc     rtsv7M4_T_le_v4SPD16_eabi.lib : fd_mul_t2.asm.obj (.text)
                  00002438    000000dc                                   : setvbuf.c.obj (.text:setvbuf)
                  00002514    000000d8                                   : memory.c.obj (.text:free)
                  000025ec    000000b1                                   : _printfi.c.obj (.text:_ltostr)
                  0000269d    00000001     --HOLE-- [fill = 0]
                  0000269e    0000009c                                   : memcpy_t2.asm.obj (.text)
                  0000273a    00000096                                   : ull_div_t2.asm.obj (.text)
                  000027d0    0000008c                                   : fputc.c.obj (.text:fputc)
                  0000285c    00000086                                   : fd_cmp_t2.asm.obj (.text:__aeabi_cdcmple)
                  000028e2    00000086                                   : fd_cmp_t2.asm.obj (.text:__aeabi_cdrcmple)
                  00002968    0000007a                                   : memset_t2.asm.obj (.text)
                  000029e2    00000002     --HOLE-- [fill = 0]
                  000029e4    00000078                                   : memory.c.obj (.text:malloc)
                  00002a5c    00000074                                   : fclose.c.obj (.text:__TI_closefile)
                  00002ad0    0000006e                                   : _printfi.c.obj (.text:_mcpy)
                  00002b3e    00000002     --HOLE-- [fill = 0]
                  00002b40    00000068                                   : hostlseek.c.obj (.text:HOSTlseek)
                  00002ba8    00000068                                   : hostrename.c.obj (.text:HOSTrename)
                  00002c10    00000068                                   : copy_decompress_lzss.c.obj (.text:decompress:lzss:__TI_decompress_lzss)
                  00002c78    00000068                                   : printf.c.obj (.text:printf)
                  00002ce0    00000064                                   : s_frexp.c.obj (.text:frexp)
                  00002d44    00000064                                   : fseek.c.obj (.text:fseek)
                  00002da8    00000062                                   : _io_perm.c.obj (.text:__TI_wrt_ok)
                  00002e0a    00000002     --HOLE-- [fill = 0]
                  00002e0c    00000060                                   : hostopen.c.obj (.text:HOSTopen)
                  00002e6c    0000005c                                   : close.c.obj (.text:close)
                  00002ec8    00000058                                   : hostread.c.obj (.text:HOSTread)
                  00002f20    00000058                                   : hostwrite.c.obj (.text:HOSTwrite)
                  00002f78    00000056                                   : _printfi.c.obj (.text:_pconv_f)
                  00002fce    00000054                                   : ltoa.c.obj (.text:ltoa)
                  00003022    00000052                                   : _printfi.c.obj (.text:_ecpy)
                  00003074    0000004c                                   : fflush.c.obj (.text:__TI_doflush)
                  000030c0    0000004c                                   : atoi.c.obj (.text:atoi)
                  0000310c    00000048                                   : exit.c.obj (.text:exit)
                  00003154    00000048                                   : fd_toi_t2.asm.obj (.text)
                  0000319c    00000044                                   : hostclose.c.obj (.text:HOSTclose)
                  000031e0    00000044                                   : hostunlink.c.obj (.text:HOSTunlink)
                  00003224    00000044                                   : autoinit.c.obj (.text:__TI_auto_init_nobinit_nopinit:__TI_auto_init_nobinit_nopinit)
                  00003268    00000044                                   : getdevice.c.obj (.text:getdevice)
                  000032ac    00000040     main.obj (.text)
                  000032ec    0000003e     rtsv7M4_T_le_v4SPD16_eabi.lib : _printfi.c.obj (.text:_fcpy)
                  0000332a    00000002     --HOLE-- [fill = 0]
                  0000332c    0000003c                                   : memory.c.obj (.text:minsert)
                  00003368    00000038                                   : trgmsg.c.obj (.text:__TI_writemsg)
                  000033a0    00000038                                   : boot_cortex_m.c.obj (.text:_c_int00_noargs:_c_int00_noargs)
                  000033d8    00000038                                   : memory.c.obj (.text:minit)
                  00003410    00000036                                   : strncpy.c.obj (.text:strncpy)
                  00003446    00000002     --HOLE-- [fill = 0]
                  00003448    00000034                                   : fopen.c.obj (.text:__TI_cleanup)
                  0000347c    00000034                                   : trgmsg.c.obj (.text:__TI_readmsg)
                  000034b0    00000030                                   : getdevice.c.obj (.text:finddevice)
                  000034e0    0000002e                                   : i_tofd_t2.asm.obj (.text)
                  0000350e    00000002     --HOLE-- [fill = 0]
                  00003510    0000002c                                   : unlink.c.obj (.text:unlink)
                  0000353c    00000028                                   : lseek.c.obj (.text:lseek)
                  00003564    00000028                                   : memory.c.obj (.text:mremove)
                  0000358c    00000028                                   : write.c.obj (.text:write)
                  000035b4    00000020                                   : memchr.c.obj (.text:memchr)
                  000035d4    0000001c                                   : memccpy.c.obj (.text:memccpy)
                  000035f0    00000018                                   : strcmp.c.obj (.text:strcmp)
                  00003608    00000016                                   : strchr.c.obj (.text:strchr)
                  0000361e    00000014                                   : s_copysign.c.obj (.text:copysign)
                  00003632    00000014                                   : strcpy.c.obj (.text:strcpy)
                  00003646    00000014                                   : strlen.c.obj (.text:strlen)
                  0000365a    00000012                                   : copy_zero_init.c.obj (.text:decompress:ZI:__TI_zero_init_nomemset:__TI_zero_init_nomemset)
                  0000366c    00000012                                   : wcslen.c.obj (.text:wcslen)
                  0000367e    0000000e                                   : copy_decompress_none.c.obj (.text:decompress:none:__TI_decompress_none)
                  0000368c    0000000e     startup_msp432p401r_ccs.obj (.text)
                  0000369a    00000002     --HOLE-- [fill = 0]
                  0000369c    00000008     rtsv7M4_T_le_v4SPD16_eabi.lib : errno.c.obj (.text:__aeabi_errno_addr)
                  000036a4    00000004                                   : printf.c.obj (.text:_outc)
                  000036a8    00000004                                   : printf.c.obj (.text:_outs)
                  000036ac    00000004                                   : pre_init.c.obj (.text:_system_pre_init)
                  000036b0    00000004                                   : exit.c.obj (.text:abort:abort)

.const     0    000036b4    00000101     
                  000036b4    00000101     rtsv7M4_T_le_v4SPD16_eabi.lib : ctype.c.obj (.const:.string:_ctypes_)

.cinit     0    000037b8    00000098     
                  000037b8    00000072     (.cinit..data.load) [load image, compression = lzss]
                  0000382a    00000002     --HOLE-- [fill = 0]
                  0000382c    0000000c     (__TI_handler_table)
                  00003838    00000008     (.cinit..bss.load) [load image, compression = zero_init]
                  00003840    00000010     (__TI_cinit_table)

.init_array 
*          0    00000000    00000000     UNINITIALIZED

.binit     0    00000000    00000000     

.sysmem    0    20000000    00000400     UNINITIALIZED
                  20000000    00000008     rtsv7M4_T_le_v4SPD16_eabi.lib : memory.c.obj (.sysmem)
                  20000008    000003f8     --HOLE--

.data      0    20000400    000001f0     UNINITIALIZED
                  20000400    000000f0     rtsv7M4_T_le_v4SPD16_eabi.lib : defs.c.obj (.data:_ftable)
                  200004f0    00000078                                   : write.c.obj (.data:_device)
                  20000568    00000050                                   : write.c.obj (.data:_stream)
                  200005b8    00000010                                   : defs.c.obj (.data)
                  200005c8    0000000c                                   : exit.c.obj (.data:$O1$$)
                  200005d4    0000000c                                   : memory.c.obj (.data:$O1$$)
                  200005e0    00000008                                   : _lock.c.obj (.data:$O1$$)
                  200005e8    00000004                                   : errno.c.obj (.data)
                  200005ec    00000004     system_msp432p401r.obj (.data)

.bss       0    200005f0    000001c8     UNINITIALIZED
                  200005f0    00000120     rtsv7M4_T_le_v4SPD16_eabi.lib : trgmsg.c.obj (.bss:_CIOBUF_)
                  20000710    000000a0     (.common:__TI_tmpnams)
                  200007b0    00000008     (.common:parmbuf)

.stack     0    2000fe00    00000200     UNINITIALIZED
                  2000fe00    00000004     rtsv7M4_T_le_v4SPD16_eabi.lib : boot_cortex_m.c.obj (.stack)
                  2000fe04    000001fc     --HOLE--

MODULE SUMMARY

       Module                        code    ro data   rw data
       ------                        ----    -------   -------
    .\
       LCD.obj                       880     0         0      
       system_msp432p401r.obj        820     0         8      
       keypad.obj                    784     0         0      
       timers.obj                    408     0         0      
       myIoT_devices.obj             252     0         0      
       startup_msp432p401r_ccs.obj   14      228       0      
       main.obj                      64      0         0      
    +--+-----------------------------+-------+---------+---------+
       Total:                        3222    228       8      
                                                              
    C:\ti\ccsv8\tools\compiler\ti-cgt-arm_18.1.3.LTS\lib\rtsv7M4_T_le_v4SPD16_eabi.lib
       _printfi.c.obj                4863    0         0      
       defs.c.obj                    0       0         832    
       trgmsg.c.obj                  108     0         576    
       memory.c.obj                  492     0         24     
       write.c.obj                   40      0         400    
       fd_add_t2.asm.obj             438     0         0      
       fd_div_t2.asm.obj             310     0         0      
       fputs.c.obj                   276     0         0      
       s_scalbn.c.obj                272     0         0      
       fd_cmp_t2.asm.obj             268     0         0      
       ctype.c.obj                   0       257       0      
       fd_mul_t2.asm.obj             252     0         0      
       setvbuf.c.obj                 220     0         0      
       memcpy_t2.asm.obj             156     0         0      
       ull_div_t2.asm.obj            150     0         0      
       fputc.c.obj                   140     0         0      
       memset_t2.asm.obj             122     0         0      
       fclose.c.obj                  116     0         0      
       getdevice.c.obj               116     0         0      
       hostopen.c.obj                96      0         16     
       printf.c.obj                  112     0         0      
       copy_decompress_lzss.c.obj    104     0         0      
       hostlseek.c.obj               104     0         0      
       hostrename.c.obj              104     0         0      
       exit.c.obj                    76      0         24     
       fseek.c.obj                   100     0         0      
       s_frexp.c.obj                 100     0         0      
       _io_perm.c.obj                98      0         0      
       close.c.obj                   92      0         0      
       hostread.c.obj                88      0         0      
       hostwrite.c.obj               88      0         0      
       ltoa.c.obj                    84      0         0      
       atoi.c.obj                    76      0         0      
       fflush.c.obj                  76      0         0      
       fd_toi_t2.asm.obj             72      0         0      
       autoinit.c.obj                68      0         0      
       hostclose.c.obj               68      0         0      
       hostunlink.c.obj              68      0         0      
       boot_cortex_m.c.obj           56      0         0      
       strncpy.c.obj                 54      0         0      
       fopen.c.obj                   52      0         0      
       i_tofd_t2.asm.obj             46      0         0      
       unlink.c.obj                  44      0         0      
       lseek.c.obj                   40      0         0      
       memchr.c.obj                  32      0         0      
       memccpy.c.obj                 28      0         0      
       strcmp.c.obj                  24      0         0      
       strchr.c.obj                  22      0         0      
       s_copysign.c.obj              20      0         0      
       strcpy.c.obj                  20      0         0      
       strlen.c.obj                  20      0         0      
       _lock.c.obj                   2       0         16     
       copy_zero_init.c.obj          18      0         0      
       wcslen.c.obj                  18      0         0      
       errno.c.obj                   8       0         8      
       copy_decompress_none.c.obj    14      0         0      
       pre_init.c.obj                4       0         0      
       div0.asm.obj                  2       0         0      
    +--+-----------------------------+-------+---------+---------+
       Total:                        10537   257       1896   
                                                              
       Heap:                         0       0         2048   
       Stack:                        0       0         1024   
       Linker Generated:             0       150       0      
    +--+-----------------------------+-------+---------+---------+
       Grand Total:                  13759   635       4976   


LINKER GENERATED COPY TABLES

__TI_cinit_table @ 00003840 records: 2, size/record: 8, table size: 16
	.data: load addr=000037b8, load size=00000072 bytes, run addr=20000400, run size=000001f0 bytes, compression=lzss
	.bss: load addr=00003838, load size=00000008 bytes, run addr=200005f0, run size=000001c8 bytes, compression=zero_init


LINKER GENERATED HANDLER TABLE

__TI_handler_table @ 0000382c records: 3, size/record: 4, table size: 12
	index: 0, handler: __TI_decompress_lzss
	index: 1, handler: __TI_decompress_none
	index: 2, handler: __TI_zero_init


GLOBAL SYMBOLS: SORTED ALPHABETICALLY BY Name 

address   name                           
-------   ----                           
00003699  ADC14_IRQHandler               
00003699  AES256_IRQHandler              
00003699  BusFault_Handler               
000036b1  C$$EXIT                        
00003397  C$$IO$$                        
00003699  COMP_E0_IRQHandler             
00003699  COMP_E1_IRQHandler             
00003699  CS_IRQHandler                  
00003699  DMA_ERR_IRQHandler             
00003699  DMA_INT0_IRQHandler            
00003699  DMA_INT1_IRQHandler            
00003699  DMA_INT2_IRQHandler            
00003699  DMA_INT3_IRQHandler            
00003699  DebugMon_Handler               
00003699  Default_Handler                
00003699  EUSCIA0_IRQHandler             
00003699  EUSCIA1_IRQHandler             
00003699  EUSCIA2_IRQHandler             
00003699  EUSCIA3_IRQHandler             
00003699  EUSCIB0_IRQHandler             
00003699  EUSCIB1_IRQHandler             
00003699  EUSCIB2_IRQHandler             
00003699  EUSCIB3_IRQHandler             
00003699  FLCTL_IRQHandler               
00003699  FPU_IRQHandler                 
0000319d  HOSTclose                      
00002b41  HOSTlseek                      
00002e0d  HOSTopen                       
00002ec9  HOSTread                       
00002ba9  HOSTrename                     
000031e1  HOSTunlink                     
00002f21  HOSTwrite                      
00003699  HardFault_Handler              
00003699  MemManage_Handler              
00003699  NMI_Handler                    
00003699  PCM_IRQHandler                 
00003699  PORT1_IRQHandler               
00003699  PORT2_IRQHandler               
00003699  PORT3_IRQHandler               
00003699  PORT4_IRQHandler               
00003699  PORT5_IRQHandler               
00003699  PORT6_IRQHandler               
00003699  PSS_IRQHandler                 
00003699  PendSV_Handler                 
00003699  RTC_C_IRQHandler               
0000368d  Reset_Handler                  
00003699  SVC_Handler                    
00003699  SysTick_Handler                
200005ec  SystemCoreClock                
00000eb5  SystemCoreClockUpdate          
0000112d  SystemInit                     
00003699  T32_INT1_IRQHandler            
00003699  T32_INT2_IRQHandler            
00003699  T32_INTC_IRQHandler            
00003699  TA0_0_IRQHandler               
00003699  TA0_N_IRQHandler               
00003699  TA1_0_IRQHandler               
00003699  TA1_N_IRQHandler               
00003699  TA2_0_IRQHandler               
00003699  TA2_N_IRQHandler               
00003699  TA3_0_IRQHandler               
00003699  TA3_N_IRQHandler               
00003699  UsageFault_Handler             
4000480c  WDTCTL_SYM                     
00003699  WDT_A_IRQHandler               
200005f0  __CIOBUF_                      
20010000  __STACK_END                    
00000200  __STACK_SIZE                   
00000400  __SYSMEM_SIZE                  
00003840  __TI_CINIT_Base                
00003850  __TI_CINIT_Limit               
0000382c  __TI_Handler_Table_Base        
00003838  __TI_Handler_Table_Limit       
00003225  __TI_auto_init_nobinit_nopinit 
00003449  __TI_cleanup                   
200005c8  __TI_cleanup_ptr               
00002a5d  __TI_closefile                 
00002c11  __TI_decompress_lzss           
0000367f  __TI_decompress_none           
00003075  __TI_doflush                   
200005cc  __TI_dtors_ptr                 
200005d0  __TI_enable_exit_profile_output
200005b8  __TI_ft_end                    
ffffffff  __TI_pprof_out_hndl            
000000e5  __TI_printfi                   
ffffffff  __TI_prof_data_size            
ffffffff  __TI_prof_data_start           
0000347d  __TI_readmsg                   
00000000  __TI_static_base__             
20000710  __TI_tmpnams                   
00003369  __TI_writemsg                  
00002da9  __TI_wrt_ok                    
0000365b  __TI_zero_init_nomemset        
0000285d  __aeabi_cdcmpeq                
0000285d  __aeabi_cdcmple                
000028e3  __aeabi_cdrcmple               
00003155  __aeabi_d2iz                   
00001943  __aeabi_dadd                   
00001dc5  __aeabi_ddiv                   
0000233d  __aeabi_dmul                   
00001939  __aeabi_dsub                   
0000369d  __aeabi_errno_addr             
000034e1  __aeabi_i2d                    
00001aef  __aeabi_idiv0                  
00001aef  __aeabi_ldiv0                  
00002969  __aeabi_memclr                 
00002969  __aeabi_memclr4                
00002969  __aeabi_memclr8                
0000269f  __aeabi_memcpy                 
0000269f  __aeabi_memcpy4                
0000269f  __aeabi_memcpy8                
0000296b  __aeabi_memset                 
0000296b  __aeabi_memset4                
0000296b  __aeabi_memset8                
200005c4  __aeabi_stderr                 
200005bc  __aeabi_stdin                  
200005c0  __aeabi_stdout                 
0000273b  __aeabi_uldivmod               
ffffffff  __binit__                      
ffffffff  __c_args__                     
UNDEFED   __mpu_init                     
2000fe00  __stack                        
000033a1  _c_int00_noargs                
000036b4  _ctypes_                       
200004f0  _device                        
20000400  _ftable                        
200005e0  _lock                          
00000b43  _nop                           
20000568  _stream                        
20000000  _sys_memory                    
UNDEFED   _system_post_cinit             
000036ad  _system_pre_init               
200005e4  _unlock                        
000036b1  abort                          
000030c1  atoi                           
ffffffff  binit                          
00002241  blueLED                        
00002e6d  close                          
000022f9  closeDoor                      
00001385  collectPulse                   
0000361f  copysign                       
0000361f  copysignl                      
00001b0d  delay_mS                       
00001b37  delay_uS                       
00000da7  display                        
00001333  displayKeypad                  
200005e8  errno                          
0000310d  exit                           
000034b1  finddevice                     
000027d1  fputc                          
0000201d  fputs                          
00002515  free                           
00002ce1  frexp                          
00002ce1  frexpl                         
00002d45  fseek                          
00003269  getdevice                      
00002255  greenLED                       
000011e9  initKeypad                     
00000b45  initLCD                        
000022b1  initLEDs                       
00001af1  initSystick                    
00001b5f  initTimerA_PWM                 
00000000  interruptVectors               
00002131  ldexp                          
00002131  ldexpl                         
0000353d  lseek                          
00002fcf  ltoa                           
000032ad  main                           
00000e1f  mainMenu                       
000029e5  malloc                         
000035d5  memccpy                        
000035b5  memchr                         
0000269f  memcpy                         
00002971  memset                         
000033d9  minit                          
000022db  openDoor                       
200007b0  parmbuf                        
00002c79  printf                         
00000bf7  pulseEnable                    
00000c53  pushByte                       
00000c2b  pushNibble                     
000027d1  putc                           
00001211  readKeypad                     
00002269  redLED                         
00003511  remove                         
0000227d  runFan                         
00002131  scalbn                         
00002131  scalbnl                        
00000cc7  scroll                         
00002439  setvbuf                        
000022a9  stopFan                        
00003609  strchr                         
000035f1  strcmp                         
00003633  strcpy                         
00003647  strlen                         
00003411  strncpy                        
00001c09  timerA_PWM                     
00003511  unlink                         
0000366d  wcslen                         
0000358d  write                          
00000ca1  writeCommand                   
00000c7b  writeData                      


GLOBAL SYMBOLS: SORTED BY Symbol Address 

address   name                           
-------   ----                           
00000000  __TI_static_base__             
00000000  interruptVectors               
000000e5  __TI_printfi                   
00000200  __STACK_SIZE                   
00000400  __SYSMEM_SIZE                  
00000b43  _nop                           
00000b45  initLCD                        
00000bf7  pulseEnable                    
00000c2b  pushNibble                     
00000c53  pushByte                       
00000c7b  writeData                      
00000ca1  writeCommand                   
00000cc7  scroll                         
00000da7  display                        
00000e1f  mainMenu                       
00000eb5  SystemCoreClockUpdate          
0000112d  SystemInit                     
000011e9  initKeypad                     
00001211  readKeypad                     
00001333  displayKeypad                  
00001385  collectPulse                   
00001939  __aeabi_dsub                   
00001943  __aeabi_dadd                   
00001aef  __aeabi_idiv0                  
00001aef  __aeabi_ldiv0                  
00001af1  initSystick                    
00001b0d  delay_mS                       
00001b37  delay_uS                       
00001b5f  initTimerA_PWM                 
00001c09  timerA_PWM                     
00001dc5  __aeabi_ddiv                   
0000201d  fputs                          
00002131  ldexp                          
00002131  ldexpl                         
00002131  scalbn                         
00002131  scalbnl                        
00002241  blueLED                        
00002255  greenLED                       
00002269  redLED                         
0000227d  runFan                         
000022a9  stopFan                        
000022b1  initLEDs                       
000022db  openDoor                       
000022f9  closeDoor                      
0000233d  __aeabi_dmul                   
00002439  setvbuf                        
00002515  free                           
0000269f  __aeabi_memcpy                 
0000269f  __aeabi_memcpy4                
0000269f  __aeabi_memcpy8                
0000269f  memcpy                         
0000273b  __aeabi_uldivmod               
000027d1  fputc                          
000027d1  putc                           
0000285d  __aeabi_cdcmpeq                
0000285d  __aeabi_cdcmple                
000028e3  __aeabi_cdrcmple               
00002969  __aeabi_memclr                 
00002969  __aeabi_memclr4                
00002969  __aeabi_memclr8                
0000296b  __aeabi_memset                 
0000296b  __aeabi_memset4                
0000296b  __aeabi_memset8                
00002971  memset                         
000029e5  malloc                         
00002a5d  __TI_closefile                 
00002b41  HOSTlseek                      
00002ba9  HOSTrename                     
00002c11  __TI_decompress_lzss           
00002c79  printf                         
00002ce1  frexp                          
00002ce1  frexpl                         
00002d45  fseek                          
00002da9  __TI_wrt_ok                    
00002e0d  HOSTopen                       
00002e6d  close                          
00002ec9  HOSTread                       
00002f21  HOSTwrite                      
00002fcf  ltoa                           
00003075  __TI_doflush                   
000030c1  atoi                           
0000310d  exit                           
00003155  __aeabi_d2iz                   
0000319d  HOSTclose                      
000031e1  HOSTunlink                     
00003225  __TI_auto_init_nobinit_nopinit 
00003269  getdevice                      
000032ad  main                           
00003369  __TI_writemsg                  
00003397  C$$IO$$                        
000033a1  _c_int00_noargs                
000033d9  minit                          
00003411  strncpy                        
00003449  __TI_cleanup                   
0000347d  __TI_readmsg                   
000034b1  finddevice                     
000034e1  __aeabi_i2d                    
00003511  remove                         
00003511  unlink                         
0000353d  lseek                          
0000358d  write                          
000035b5  memchr                         
000035d5  memccpy                        
000035f1  strcmp                         
00003609  strchr                         
0000361f  copysign                       
0000361f  copysignl                      
00003633  strcpy                         
00003647  strlen                         
0000365b  __TI_zero_init_nomemset        
0000366d  wcslen                         
0000367f  __TI_decompress_none           
0000368d  Reset_Handler                  
00003699  ADC14_IRQHandler               
00003699  AES256_IRQHandler              
00003699  BusFault_Handler               
00003699  COMP_E0_IRQHandler             
00003699  COMP_E1_IRQHandler             
00003699  CS_IRQHandler                  
00003699  DMA_ERR_IRQHandler             
00003699  DMA_INT0_IRQHandler            
00003699  DMA_INT1_IRQHandler            
00003699  DMA_INT2_IRQHandler            
00003699  DMA_INT3_IRQHandler            
00003699  DebugMon_Handler               
00003699  Default_Handler                
00003699  EUSCIA0_IRQHandler             
00003699  EUSCIA1_IRQHandler             
00003699  EUSCIA2_IRQHandler             
00003699  EUSCIA3_IRQHandler             
00003699  EUSCIB0_IRQHandler             
00003699  EUSCIB1_IRQHandler             
00003699  EUSCIB2_IRQHandler             
00003699  EUSCIB3_IRQHandler             
00003699  FLCTL_IRQHandler               
00003699  FPU_IRQHandler                 
00003699  HardFault_Handler              
00003699  MemManage_Handler              
00003699  NMI_Handler                    
00003699  PCM_IRQHandler                 
00003699  PORT1_IRQHandler               
00003699  PORT2_IRQHandler               
00003699  PORT3_IRQHandler               
00003699  PORT4_IRQHandler               
00003699  PORT5_IRQHandler               
00003699  PORT6_IRQHandler               
00003699  PSS_IRQHandler                 
00003699  PendSV_Handler                 
00003699  RTC_C_IRQHandler               
00003699  SVC_Handler                    
00003699  SysTick_Handler                
00003699  T32_INT1_IRQHandler            
00003699  T32_INT2_IRQHandler            
00003699  T32_INTC_IRQHandler            
00003699  TA0_0_IRQHandler               
00003699  TA0_N_IRQHandler               
00003699  TA1_0_IRQHandler               
00003699  TA1_N_IRQHandler               
00003699  TA2_0_IRQHandler               
00003699  TA2_N_IRQHandler               
00003699  TA3_0_IRQHandler               
00003699  TA3_N_IRQHandler               
00003699  UsageFault_Handler             
00003699  WDT_A_IRQHandler               
0000369d  __aeabi_errno_addr             
000036ad  _system_pre_init               
000036b1  C$$EXIT                        
000036b1  abort                          
000036b4  _ctypes_                       
0000382c  __TI_Handler_Table_Base        
00003838  __TI_Handler_Table_Limit       
00003840  __TI_CINIT_Base                
00003850  __TI_CINIT_Limit               
20000000  _sys_memory                    
20000400  _ftable                        
200004f0  _device                        
20000568  _stream                        
200005b8  __TI_ft_end                    
200005bc  __aeabi_stdin                  
200005c0  __aeabi_stdout                 
200005c4  __aeabi_stderr                 
200005c8  __TI_cleanup_ptr               
200005cc  __TI_dtors_ptr                 
200005d0  __TI_enable_exit_profile_output
200005e0  _lock                          
200005e4  _unlock                        
200005e8  errno                          
200005ec  SystemCoreClock                
200005f0  __CIOBUF_                      
20000710  __TI_tmpnams                   
200007b0  parmbuf                        
2000fe00  __stack                        
20010000  __STACK_END                    
4000480c  WDTCTL_SYM                     
ffffffff  __TI_pprof_out_hndl            
ffffffff  __TI_prof_data_size            
ffffffff  __TI_prof_data_start           
ffffffff  __binit__                      
ffffffff  __c_args__                     
ffffffff  binit                          
UNDEFED   __mpu_init                     
UNDEFED   _system_post_cinit             

[202 symbols]
