******************************************************************************
                  TI ARM Linker PC v18.1.3                     
******************************************************************************
>> Linked Sat Oct 20 18:52:51 2018

OUTPUT FILE NAME:   <IoT_Project.out>
ENTRY POINT SYMBOL: "_c_int00_noargs"  address: 00002e8d


MEMORY CONFIGURATION

         name            origin    length      used     unused   attr    fill
----------------------  --------  ---------  --------  --------  ----  --------
  MAIN                  00000000   00040000  00003351  0003ccaf  R  X
  INFO                  00200000   00004000  00000000  00004000  R  X
  SRAM_CODE             01000000   00010000  000009b8  0000f648  RW X
  SRAM_DATA             20000000   00010000  000009b8  0000f648  RW  


SEGMENT ALLOCATION MAP

run origin  load origin   length   init length attrs members
----------  ----------- ---------- ----------- ----- -------
00000000    00000000    00003358   00003358    r-x
  00000000    00000000    000000e4   000000e4    r-- .intvecs
  000000e4    000000e4    000030d4   000030d4    r-x .text
  000031b8    000031b8    00000101   00000101    r-- .const
  000032c0    000032c0    00000098   00000098    r-- .cinit
20000000    20000000    000007b8   00000000    rw-
  20000000    20000000    00000400   00000000    rw- .sysmem
  20000400    20000400    000001f0   00000000    rw- .data
  200005f0    200005f0    000001c8   00000000    rw- .bss
2000fe00    2000fe00    00000200   00000000    rw-
  2000fe00    2000fe00    00000200   00000000    rw- .stack


SECTION ALLOCATION MAP

 output                                  attributes/
section   page    origin      length       input sections
--------  ----  ----------  ----------   ----------------
.intvecs   0    00000000    000000e4     
                  00000000    000000e4     startup_msp432p401r_ccs.obj (.intvecs:retain)

.text      0    000000e4    000030d4     
                  000000e4    00000a5e     rtsv7M4_T_le_v4SPD16_eabi.lib : _printfi.c.obj (.text:__TI_printfi)
                  00000b42    00000002                                   : _lock.c.obj (.text:_nop)
                  00000b44    00000334     system_msp432p401r.obj (.text)
                  00000e78    000002e8     keypad.obj (.text)
                  00001160    00000270     rtsv7M4_T_le_v4SPD16_eabi.lib : _printfi.c.obj (.text:_pconv_a)
                  000013d0    000001d0                                   : _printfi.c.obj (.text:_pconv_g)
                  000015a0    000001b6                                   : fd_add_t2.asm.obj (.text)
                  00001756    00000002                                   : div0.asm.obj (.text)
                  00001758    0000013c                                   : _printfi.c.obj (.text:_pconv_e)
                  00001894    00000136                                   : fd_div_t2.asm.obj (.text)
                  000019ca    00000002     --HOLE-- [fill = 0]
                  000019cc    00000120                                   : _printfi.c.obj (.text:fcvt)
                  00001aec    00000114                                   : fputs.c.obj (.text:fputs)
                  00001c00    00000114     timers.obj (.text)
                  00001d14    00000110     rtsv7M4_T_le_v4SPD16_eabi.lib : s_scalbn.c.obj (.text:scalbn)
                  00001e24    000000fc                                   : fd_mul_t2.asm.obj (.text)
                  00001f20    000000dc                                   : setvbuf.c.obj (.text:setvbuf)
                  00001ffc    000000d8                                   : memory.c.obj (.text:free)
                  000020d4    000000b1                                   : _printfi.c.obj (.text:_ltostr)
                  00002185    00000001     --HOLE-- [fill = 0]
                  00002186    0000009c                                   : memcpy_t2.asm.obj (.text)
                  00002222    00000096                                   : ull_div_t2.asm.obj (.text)
                  000022b8    0000008c                                   : fputc.c.obj (.text:fputc)
                  00002344    00000086                                   : fd_cmp_t2.asm.obj (.text:__aeabi_cdcmple)
                  000023ca    00000086                                   : fd_cmp_t2.asm.obj (.text:__aeabi_cdrcmple)
                  00002450    0000007a                                   : memset_t2.asm.obj (.text)
                  000024ca    00000002     --HOLE-- [fill = 0]
                  000024cc    00000078                                   : memory.c.obj (.text:malloc)
                  00002544    00000074                                   : fclose.c.obj (.text:__TI_closefile)
                  000025b8    0000006e                                   : _printfi.c.obj (.text:_mcpy)
                  00002626    00000002     --HOLE-- [fill = 0]
                  00002628    00000068                                   : hostlseek.c.obj (.text:HOSTlseek)
                  00002690    00000068                                   : hostrename.c.obj (.text:HOSTrename)
                  000026f8    00000068                                   : copy_decompress_lzss.c.obj (.text:decompress:lzss:__TI_decompress_lzss)
                  00002760    00000068                                   : printf.c.obj (.text:printf)
                  000027c8    00000064                                   : s_frexp.c.obj (.text:frexp)
                  0000282c    00000064                                   : fseek.c.obj (.text:fseek)
                  00002890    00000062                                   : _io_perm.c.obj (.text:__TI_wrt_ok)
                  000028f2    00000002     --HOLE-- [fill = 0]
                  000028f4    00000060                                   : hostopen.c.obj (.text:HOSTopen)
                  00002954    0000005c                                   : close.c.obj (.text:close)
                  000029b0    00000058                                   : hostread.c.obj (.text:HOSTread)
                  00002a08    00000058                                   : hostwrite.c.obj (.text:HOSTwrite)
                  00002a60    00000056                                   : _printfi.c.obj (.text:_pconv_f)
                  00002ab6    00000054                                   : ltoa.c.obj (.text:ltoa)
                  00002b0a    00000052                                   : _printfi.c.obj (.text:_ecpy)
                  00002b5c    0000004c                                   : fflush.c.obj (.text:__TI_doflush)
                  00002ba8    0000004c                                   : atoi.c.obj (.text:atoi)
                  00002bf4    00000048                                   : exit.c.obj (.text:exit)
                  00002c3c    00000048                                   : fd_toi_t2.asm.obj (.text)
                  00002c84    00000044                                   : hostclose.c.obj (.text:HOSTclose)
                  00002cc8    00000044                                   : hostunlink.c.obj (.text:HOSTunlink)
                  00002d0c    00000044                                   : autoinit.c.obj (.text:__TI_auto_init_nobinit_nopinit:__TI_auto_init_nobinit_nopinit)
                  00002d50    00000044                                   : getdevice.c.obj (.text:getdevice)
                  00002d94    00000044     main.obj (.text)
                  00002dd8    0000003e     rtsv7M4_T_le_v4SPD16_eabi.lib : _printfi.c.obj (.text:_fcpy)
                  00002e16    00000002     --HOLE-- [fill = 0]
                  00002e18    0000003c                                   : memory.c.obj (.text:minsert)
                  00002e54    00000038                                   : trgmsg.c.obj (.text:__TI_writemsg)
                  00002e8c    00000038                                   : boot_cortex_m.c.obj (.text:_c_int00_noargs:_c_int00_noargs)
                  00002ec4    00000038                                   : memory.c.obj (.text:minit)
                  00002efc    00000036                                   : strncpy.c.obj (.text:strncpy)
                  00002f32    00000002     --HOLE-- [fill = 0]
                  00002f34    00000034                                   : fopen.c.obj (.text:__TI_cleanup)
                  00002f68    00000034                                   : trgmsg.c.obj (.text:__TI_readmsg)
                  00002f9c    00000030                                   : getdevice.c.obj (.text:finddevice)
                  00002fcc    0000002e                                   : i_tofd_t2.asm.obj (.text)
                  00002ffa    00000002     --HOLE-- [fill = 0]
                  00002ffc    0000002c                                   : unlink.c.obj (.text:unlink)
                  00003028    00000028                                   : lseek.c.obj (.text:lseek)
                  00003050    00000028                                   : memory.c.obj (.text:mremove)
                  00003078    00000028                                   : write.c.obj (.text:write)
                  000030a0    00000020                                   : memchr.c.obj (.text:memchr)
                  000030c0    0000001c                                   : memccpy.c.obj (.text:memccpy)
                  000030dc    00000018     myIoT_devices.obj (.text)
                  000030f4    00000018     rtsv7M4_T_le_v4SPD16_eabi.lib : strcmp.c.obj (.text:strcmp)
                  0000310c    00000016                                   : strchr.c.obj (.text:strchr)
                  00003122    00000014                                   : s_copysign.c.obj (.text:copysign)
                  00003136    00000014                                   : strcpy.c.obj (.text:strcpy)
                  0000314a    00000014                                   : strlen.c.obj (.text:strlen)
                  0000315e    00000012                                   : copy_zero_init.c.obj (.text:decompress:ZI:__TI_zero_init_nomemset:__TI_zero_init_nomemset)
                  00003170    00000012                                   : wcslen.c.obj (.text:wcslen)
                  00003182    0000000e                                   : copy_decompress_none.c.obj (.text:decompress:none:__TI_decompress_none)
                  00003190    0000000e     startup_msp432p401r_ccs.obj (.text)
                  0000319e    00000002     --HOLE-- [fill = 0]
                  000031a0    00000008     rtsv7M4_T_le_v4SPD16_eabi.lib : errno.c.obj (.text:__aeabi_errno_addr)
                  000031a8    00000004                                   : printf.c.obj (.text:_outc)
                  000031ac    00000004                                   : printf.c.obj (.text:_outs)
                  000031b0    00000004                                   : pre_init.c.obj (.text:_system_pre_init)
                  000031b4    00000004                                   : exit.c.obj (.text:abort:abort)

.const     0    000031b8    00000101     
                  000031b8    00000101     rtsv7M4_T_le_v4SPD16_eabi.lib : ctype.c.obj (.const:.string:_ctypes_)

.cinit     0    000032c0    00000098     
                  000032c0    00000073     (.cinit..data.load) [load image, compression = lzss]
                  00003333    00000001     --HOLE-- [fill = 0]
                  00003334    0000000c     (__TI_handler_table)
                  00003340    00000008     (.cinit..bss.load) [load image, compression = zero_init]
                  00003348    00000010     (__TI_cinit_table)

.init_array 
*          0    00000000    00000000     UNINITIALIZED

.binit     0    00000000    00000000     

.sysmem    0    20000000    00000400     UNINITIALIZED
                  20000000    00000008     rtsv7M4_T_le_v4SPD16_eabi.lib : memory.c.obj (.sysmem)
                  20000008    000003f8     --HOLE--

.data      0    20000400    000001f0     UNINITIALIZED
                  20000400    000000f0     rtsv7M4_T_le_v4SPD16_eabi.lib : defs.c.obj (.data:_ftable)
                  200004f0    00000078                                   : write.c.obj (.data:_device)
                  20000568    00000050                                   : write.c.obj (.data:_stream)
                  200005b8    00000010                                   : defs.c.obj (.data)
                  200005c8    0000000c                                   : exit.c.obj (.data:$O1$$)
                  200005d4    0000000c                                   : memory.c.obj (.data:$O1$$)
                  200005e0    00000008                                   : _lock.c.obj (.data:$O1$$)
                  200005e8    00000004                                   : errno.c.obj (.data)
                  200005ec    00000004     system_msp432p401r.obj (.data)

.bss       0    200005f0    000001c8     UNINITIALIZED
                  200005f0    00000120     rtsv7M4_T_le_v4SPD16_eabi.lib : trgmsg.c.obj (.bss:_CIOBUF_)
                  20000710    000000a0     (.common:__TI_tmpnams)
                  200007b0    00000008     (.common:parmbuf)

.stack     0    2000fe00    00000200     UNINITIALIZED
                  2000fe00    00000004     rtsv7M4_T_le_v4SPD16_eabi.lib : boot_cortex_m.c.obj (.stack)
                  2000fe04    000001fc     --HOLE--

MODULE SUMMARY

       Module                        code    ro data   rw data
       ------                        ----    -------   -------
    .\
       system_msp432p401r.obj        820     0         8      
       keypad.obj                    744     0         0      
       timers.obj                    276     0         0      
       startup_msp432p401r_ccs.obj   14      228       0      
       main.obj                      68      0         0      
       myIoT_devices.obj             24      0         0      
    +--+-----------------------------+-------+---------+---------+
       Total:                        1946    228       8      
                                                              
    C:\ti\ccsv8\tools\compiler\ti-cgt-arm_18.1.3.LTS\lib\rtsv7M4_T_le_v4SPD16_eabi.lib
       _printfi.c.obj                4863    0         0      
       defs.c.obj                    0       0         832    
       trgmsg.c.obj                  108     0         576    
       memory.c.obj                  492     0         24     
       write.c.obj                   40      0         400    
       fd_add_t2.asm.obj             438     0         0      
       fd_div_t2.asm.obj             310     0         0      
       fputs.c.obj                   276     0         0      
       s_scalbn.c.obj                272     0         0      
       fd_cmp_t2.asm.obj             268     0         0      
       ctype.c.obj                   0       257       0      
       fd_mul_t2.asm.obj             252     0         0      
       setvbuf.c.obj                 220     0         0      
       memcpy_t2.asm.obj             156     0         0      
       ull_div_t2.asm.obj            150     0         0      
       fputc.c.obj                   140     0         0      
       memset_t2.asm.obj             122     0         0      
       fclose.c.obj                  116     0         0      
       getdevice.c.obj               116     0         0      
       hostopen.c.obj                96      0         16     
       printf.c.obj                  112     0         0      
       copy_decompress_lzss.c.obj    104     0         0      
       hostlseek.c.obj               104     0         0      
       hostrename.c.obj              104     0         0      
       exit.c.obj                    76      0         24     
       fseek.c.obj                   100     0         0      
       s_frexp.c.obj                 100     0         0      
       _io_perm.c.obj                98      0         0      
       close.c.obj                   92      0         0      
       hostread.c.obj                88      0         0      
       hostwrite.c.obj               88      0         0      
       ltoa.c.obj                    84      0         0      
       atoi.c.obj                    76      0         0      
       fflush.c.obj                  76      0         0      
       fd_toi_t2.asm.obj             72      0         0      
       autoinit.c.obj                68      0         0      
       hostclose.c.obj               68      0         0      
       hostunlink.c.obj              68      0         0      
       boot_cortex_m.c.obj           56      0         0      
       strncpy.c.obj                 54      0         0      
       fopen.c.obj                   52      0         0      
       i_tofd_t2.asm.obj             46      0         0      
       unlink.c.obj                  44      0         0      
       lseek.c.obj                   40      0         0      
       memchr.c.obj                  32      0         0      
       memccpy.c.obj                 28      0         0      
       strcmp.c.obj                  24      0         0      
       strchr.c.obj                  22      0         0      
       s_copysign.c.obj              20      0         0      
       strcpy.c.obj                  20      0         0      
       strlen.c.obj                  20      0         0      
       _lock.c.obj                   2       0         16     
       copy_zero_init.c.obj          18      0         0      
       wcslen.c.obj                  18      0         0      
       errno.c.obj                   8       0         8      
       copy_decompress_none.c.obj    14      0         0      
       pre_init.c.obj                4       0         0      
       div0.asm.obj                  2       0         0      
    +--+-----------------------------+-------+---------+---------+
       Total:                        10537   257       1896   
                                                              
       Heap:                         0       0         2048   
       Stack:                        0       0         1024   
       Linker Generated:             0       151       0      
    +--+-----------------------------+-------+---------+---------+
       Grand Total:                  12483   636       4976   


LINKER GENERATED COPY TABLES

__TI_cinit_table @ 00003348 records: 2, size/record: 8, table size: 16
	.data: load addr=000032c0, load size=00000073 bytes, run addr=20000400, run size=000001f0 bytes, compression=lzss
	.bss: load addr=00003340, load size=00000008 bytes, run addr=200005f0, run size=000001c8 bytes, compression=zero_init


LINKER GENERATED HANDLER TABLE

__TI_handler_table @ 00003334 records: 3, size/record: 4, table size: 12
	index: 0, handler: __TI_decompress_lzss
	index: 1, handler: __TI_decompress_none
	index: 2, handler: __TI_zero_init


GLOBAL SYMBOLS: SORTED ALPHABETICALLY BY Name 

address   name                           
-------   ----                           
0000319d  ADC14_IRQHandler               
0000319d  AES256_IRQHandler              
0000319d  BusFault_Handler               
000031b5  C$$EXIT                        
00002e83  C$$IO$$                        
0000319d  COMP_E0_IRQHandler             
0000319d  COMP_E1_IRQHandler             
0000319d  CS_IRQHandler                  
0000319d  DMA_ERR_IRQHandler             
0000319d  DMA_INT0_IRQHandler            
0000319d  DMA_INT1_IRQHandler            
0000319d  DMA_INT2_IRQHandler            
0000319d  DMA_INT3_IRQHandler            
0000319d  DebugMon_Handler               
0000319d  Default_Handler                
0000319d  EUSCIA0_IRQHandler             
0000319d  EUSCIA1_IRQHandler             
0000319d  EUSCIA2_IRQHandler             
0000319d  EUSCIA3_IRQHandler             
0000319d  EUSCIB0_IRQHandler             
0000319d  EUSCIB1_IRQHandler             
0000319d  EUSCIB2_IRQHandler             
0000319d  EUSCIB3_IRQHandler             
0000319d  FLCTL_IRQHandler               
0000319d  FPU_IRQHandler                 
00002c85  HOSTclose                      
00002629  HOSTlseek                      
000028f5  HOSTopen                       
000029b1  HOSTread                       
00002691  HOSTrename                     
00002cc9  HOSTunlink                     
00002a09  HOSTwrite                      
0000319d  HardFault_Handler              
0000319d  MemManage_Handler              
0000319d  NMI_Handler                    
0000319d  PCM_IRQHandler                 
0000319d  PORT1_IRQHandler               
0000319d  PORT2_IRQHandler               
0000319d  PORT3_IRQHandler               
0000319d  PORT4_IRQHandler               
0000319d  PORT5_IRQHandler               
0000319d  PORT6_IRQHandler               
0000319d  PSS_IRQHandler                 
0000319d  PendSV_Handler                 
0000319d  RTC_C_IRQHandler               
00003191  Reset_Handler                  
0000319d  SVC_Handler                    
0000319d  SysTick_Handler                
200005ec  SystemCoreClock                
00000b45  SystemCoreClockUpdate          
00000dbd  SystemInit                     
0000319d  T32_INT1_IRQHandler            
0000319d  T32_INT2_IRQHandler            
0000319d  T32_INTC_IRQHandler            
0000319d  TA0_0_IRQHandler               
0000319d  TA0_N_IRQHandler               
0000319d  TA1_0_IRQHandler               
0000319d  TA1_N_IRQHandler               
0000319d  TA2_0_IRQHandler               
0000319d  TA2_N_IRQHandler               
0000319d  TA3_0_IRQHandler               
0000319d  TA3_N_IRQHandler               
0000319d  UsageFault_Handler             
4000480c  WDTCTL_SYM                     
0000319d  WDT_A_IRQHandler               
200005f0  __CIOBUF_                      
20010000  __STACK_END                    
00000200  __STACK_SIZE                   
00000400  __SYSMEM_SIZE                  
00003348  __TI_CINIT_Base                
00003358  __TI_CINIT_Limit               
00003334  __TI_Handler_Table_Base        
00003340  __TI_Handler_Table_Limit       
00002d0d  __TI_auto_init_nobinit_nopinit 
00002f35  __TI_cleanup                   
200005c8  __TI_cleanup_ptr               
00002545  __TI_closefile                 
000026f9  __TI_decompress_lzss           
00003183  __TI_decompress_none           
00002b5d  __TI_doflush                   
200005cc  __TI_dtors_ptr                 
200005d0  __TI_enable_exit_profile_output
200005b8  __TI_ft_end                    
ffffffff  __TI_pprof_out_hndl            
000000e5  __TI_printfi                   
ffffffff  __TI_prof_data_size            
ffffffff  __TI_prof_data_start           
00002f69  __TI_readmsg                   
00000000  __TI_static_base__             
20000710  __TI_tmpnams                   
00002e55  __TI_writemsg                  
00002891  __TI_wrt_ok                    
0000315f  __TI_zero_init_nomemset        
00002345  __aeabi_cdcmpeq                
00002345  __aeabi_cdcmple                
000023cb  __aeabi_cdrcmple               
00002c3d  __aeabi_d2iz                   
000015ab  __aeabi_dadd                   
00001895  __aeabi_ddiv                   
00001e25  __aeabi_dmul                   
000015a1  __aeabi_dsub                   
000031a1  __aeabi_errno_addr             
00002fcd  __aeabi_i2d                    
00001757  __aeabi_idiv0                  
00001757  __aeabi_ldiv0                  
00002451  __aeabi_memclr                 
00002451  __aeabi_memclr4                
00002451  __aeabi_memclr8                
00002187  __aeabi_memcpy                 
00002187  __aeabi_memcpy4                
00002187  __aeabi_memcpy8                
00002453  __aeabi_memset                 
00002453  __aeabi_memset4                
00002453  __aeabi_memset8                
200005c4  __aeabi_stderr                 
200005bc  __aeabi_stdin                  
200005c0  __aeabi_stdout                 
00002223  __aeabi_uldivmod               
ffffffff  __binit__                      
ffffffff  __c_args__                     
UNDEFED   __mpu_init                     
2000fe00  __stack                        
00002e8d  _c_int00_noargs                
000031b8  _ctypes_                       
200004f0  _device                        
20000400  _ftable                        
200005e0  _lock                          
00000b43  _nop                           
20000568  _stream                        
20000000  _sys_memory                    
UNDEFED   _system_post_cinit             
000031b1  _system_pre_init               
200005e4  _unlock                        
000031b5  abort                          
00002ba9  atoi                           
ffffffff  binit                          
00002955  close                          
000030e7  closeDoor                      
00000fc3  collectPulse                   
00003123  copysign                       
00003123  copysignl                      
00001c1d  delay_mS                       
00001c47  delay_uS                       
00001093  displayKeypad                  
200005e8  errno                          
00002bf5  exit                           
00002f9d  finddevice                     
000022b9  fputc                          
00001aed  fputs                          
00001ffd  free                           
000027c9  frexp                          
000027c9  frexpl                         
0000282d  fseek                          
00002d51  getdevice                      
00000e79  initKeypad                     
00001c01  initSystick                    
00001c6f  initTimerA_PWM                 
00000000  interruptVectors               
00001d15  ldexp                          
00001d15  ldexpl                         
00003029  lseek                          
00002ab7  ltoa                           
00002d95  main                           
000024cd  malloc                         
000030c1  memccpy                        
000030a1  memchr                         
00002187  memcpy                         
00002459  memset                         
00002ec5  minit                          
000030dd  openDoor                       
200007b0  parmbuf                        
00002761  printf                         
000022b9  putc                           
00000ea1  readKeypad                     
00002ffd  remove                         
00001d15  scalbn                         
00001d15  scalbnl                        
00001f21  setvbuf                        
0000310d  strchr                         
000030f5  strcmp                         
00003137  strcpy                         
0000314b  strlen                         
00002efd  strncpy                        
00001cbd  timerA_PWM                     
00002ffd  unlink                         
00003171  wcslen                         
00003079  write                          


GLOBAL SYMBOLS: SORTED BY Symbol Address 

address   name                           
-------   ----                           
00000000  __TI_static_base__             
00000000  interruptVectors               
000000e5  __TI_printfi                   
00000200  __STACK_SIZE                   
00000400  __SYSMEM_SIZE                  
00000b43  _nop                           
00000b45  SystemCoreClockUpdate          
00000dbd  SystemInit                     
00000e79  initKeypad                     
00000ea1  readKeypad                     
00000fc3  collectPulse                   
00001093  displayKeypad                  
000015a1  __aeabi_dsub                   
000015ab  __aeabi_dadd                   
00001757  __aeabi_idiv0                  
00001757  __aeabi_ldiv0                  
00001895  __aeabi_ddiv                   
00001aed  fputs                          
00001c01  initSystick                    
00001c1d  delay_mS                       
00001c47  delay_uS                       
00001c6f  initTimerA_PWM                 
00001cbd  timerA_PWM                     
00001d15  ldexp                          
00001d15  ldexpl                         
00001d15  scalbn                         
00001d15  scalbnl                        
00001e25  __aeabi_dmul                   
00001f21  setvbuf                        
00001ffd  free                           
00002187  __aeabi_memcpy                 
00002187  __aeabi_memcpy4                
00002187  __aeabi_memcpy8                
00002187  memcpy                         
00002223  __aeabi_uldivmod               
000022b9  fputc                          
000022b9  putc                           
00002345  __aeabi_cdcmpeq                
00002345  __aeabi_cdcmple                
000023cb  __aeabi_cdrcmple               
00002451  __aeabi_memclr                 
00002451  __aeabi_memclr4                
00002451  __aeabi_memclr8                
00002453  __aeabi_memset                 
00002453  __aeabi_memset4                
00002453  __aeabi_memset8                
00002459  memset                         
000024cd  malloc                         
00002545  __TI_closefile                 
00002629  HOSTlseek                      
00002691  HOSTrename                     
000026f9  __TI_decompress_lzss           
00002761  printf                         
000027c9  frexp                          
000027c9  frexpl                         
0000282d  fseek                          
00002891  __TI_wrt_ok                    
000028f5  HOSTopen                       
00002955  close                          
000029b1  HOSTread                       
00002a09  HOSTwrite                      
00002ab7  ltoa                           
00002b5d  __TI_doflush                   
00002ba9  atoi                           
00002bf5  exit                           
00002c3d  __aeabi_d2iz                   
00002c85  HOSTclose                      
00002cc9  HOSTunlink                     
00002d0d  __TI_auto_init_nobinit_nopinit 
00002d51  getdevice                      
00002d95  main                           
00002e55  __TI_writemsg                  
00002e83  C$$IO$$                        
00002e8d  _c_int00_noargs                
00002ec5  minit                          
00002efd  strncpy                        
00002f35  __TI_cleanup                   
00002f69  __TI_readmsg                   
00002f9d  finddevice                     
00002fcd  __aeabi_i2d                    
00002ffd  remove                         
00002ffd  unlink                         
00003029  lseek                          
00003079  write                          
000030a1  memchr                         
000030c1  memccpy                        
000030dd  openDoor                       
000030e7  closeDoor                      
000030f5  strcmp                         
0000310d  strchr                         
00003123  copysign                       
00003123  copysignl                      
00003137  strcpy                         
0000314b  strlen                         
0000315f  __TI_zero_init_nomemset        
00003171  wcslen                         
00003183  __TI_decompress_none           
00003191  Reset_Handler                  
0000319d  ADC14_IRQHandler               
0000319d  AES256_IRQHandler              
0000319d  BusFault_Handler               
0000319d  COMP_E0_IRQHandler             
0000319d  COMP_E1_IRQHandler             
0000319d  CS_IRQHandler                  
0000319d  DMA_ERR_IRQHandler             
0000319d  DMA_INT0_IRQHandler            
0000319d  DMA_INT1_IRQHandler            
0000319d  DMA_INT2_IRQHandler            
0000319d  DMA_INT3_IRQHandler            
0000319d  DebugMon_Handler               
0000319d  Default_Handler                
0000319d  EUSCIA0_IRQHandler             
0000319d  EUSCIA1_IRQHandler             
0000319d  EUSCIA2_IRQHandler             
0000319d  EUSCIA3_IRQHandler             
0000319d  EUSCIB0_IRQHandler             
0000319d  EUSCIB1_IRQHandler             
0000319d  EUSCIB2_IRQHandler             
0000319d  EUSCIB3_IRQHandler             
0000319d  FLCTL_IRQHandler               
0000319d  FPU_IRQHandler                 
0000319d  HardFault_Handler              
0000319d  MemManage_Handler              
0000319d  NMI_Handler                    
0000319d  PCM_IRQHandler                 
0000319d  PORT1_IRQHandler               
0000319d  PORT2_IRQHandler               
0000319d  PORT3_IRQHandler               
0000319d  PORT4_IRQHandler               
0000319d  PORT5_IRQHandler               
0000319d  PORT6_IRQHandler               
0000319d  PSS_IRQHandler                 
0000319d  PendSV_Handler                 
0000319d  RTC_C_IRQHandler               
0000319d  SVC_Handler                    
0000319d  SysTick_Handler                
0000319d  T32_INT1_IRQHandler            
0000319d  T32_INT2_IRQHandler            
0000319d  T32_INTC_IRQHandler            
0000319d  TA0_0_IRQHandler               
0000319d  TA0_N_IRQHandler               
0000319d  TA1_0_IRQHandler               
0000319d  TA1_N_IRQHandler               
0000319d  TA2_0_IRQHandler               
0000319d  TA2_N_IRQHandler               
0000319d  TA3_0_IRQHandler               
0000319d  TA3_N_IRQHandler               
0000319d  UsageFault_Handler             
0000319d  WDT_A_IRQHandler               
000031a1  __aeabi_errno_addr             
000031b1  _system_pre_init               
000031b5  C$$EXIT                        
000031b5  abort                          
000031b8  _ctypes_                       
00003334  __TI_Handler_Table_Base        
00003340  __TI_Handler_Table_Limit       
00003348  __TI_CINIT_Base                
00003358  __TI_CINIT_Limit               
20000000  _sys_memory                    
20000400  _ftable                        
200004f0  _device                        
20000568  _stream                        
200005b8  __TI_ft_end                    
200005bc  __aeabi_stdin                  
200005c0  __aeabi_stdout                 
200005c4  __aeabi_stderr                 
200005c8  __TI_cleanup_ptr               
200005cc  __TI_dtors_ptr                 
200005d0  __TI_enable_exit_profile_output
200005e0  _lock                          
200005e4  _unlock                        
200005e8  errno                          
200005ec  SystemCoreClock                
200005f0  __CIOBUF_                      
20000710  __TI_tmpnams                   
200007b0  parmbuf                        
2000fe00  __stack                        
20010000  __STACK_END                    
4000480c  WDTCTL_SYM                     
ffffffff  __TI_pprof_out_hndl            
ffffffff  __TI_prof_data_size            
ffffffff  __TI_prof_data_start           
ffffffff  __binit__                      
ffffffff  __c_args__                     
ffffffff  binit                          
UNDEFED   __mpu_init                     
UNDEFED   _system_post_cinit             

[187 symbols]
