<?xml version="1.0" encoding="ISO-8859-1" ?>
<link_info>
   <banner>TI ARM Linker PC v18.1.3.LTS</banner>
   <copyright>Copyright (c) 1996-2017 Texas Instruments Incorporated</copyright>
   <link_time>0x5bda93c0</link_time>
   <link_errors>0x0</link_errors>
   <output_file>IoT_Project.out</output_file>
   <entry_point>
      <name>_c_int00_noargs</name>
      <address>0x4035</address>
   </entry_point>
   <input_file_list>
      <input_file id="fl-2">
         <path>.\</path>
         <kind>object</kind>
         <file>LCD.obj</file>
         <name>LCD.obj</name>
      </input_file>
      <input_file id="fl-3">
         <path>.\</path>
         <kind>object</kind>
         <file>door.obj</file>
         <name>door.obj</name>
      </input_file>
      <input_file id="fl-4">
         <path>.\</path>
         <kind>object</kind>
         <file>fan.obj</file>
         <name>fan.obj</name>
      </input_file>
      <input_file id="fl-5">
         <path>.\</path>
         <kind>object</kind>
         <file>keypad.obj</file>
         <name>keypad.obj</name>
      </input_file>
      <input_file id="fl-6">
         <path>.\</path>
         <kind>object</kind>
         <file>lights.obj</file>
         <name>lights.obj</name>
      </input_file>
      <input_file id="fl-7">
         <path>.\</path>
         <kind>object</kind>
         <file>main.obj</file>
         <name>main.obj</name>
      </input_file>
      <input_file id="fl-8">
         <path>.\</path>
         <kind>object</kind>
         <file>startup_msp432p401r_ccs.obj</file>
         <name>startup_msp432p401r_ccs.obj</name>
      </input_file>
      <input_file id="fl-9">
         <path>.\</path>
         <kind>object</kind>
         <file>system_msp432p401r.obj</file>
         <name>system_msp432p401r.obj</name>
      </input_file>
      <input_file id="fl-a">
         <path>.\</path>
         <kind>object</kind>
         <file>timers.obj</file>
         <name>timers.obj</name>
      </input_file>
      <input_file id="fl-e">
         <kind>object</kind>
         <file>&lt;internal&gt;</file>
         <name>&lt;internal&gt;</name>
      </input_file>
      <input_file id="fl-c4">
         <path>C:\ti\ccsv8\tools\compiler\ti-cgt-arm_18.1.3.LTS\lib\</path>
         <kind>archive</kind>
         <file>rtsv7M4_T_le_v4SPD16_eabi.lib</file>
         <name>memcpy_t2.asm.obj</name>
      </input_file>
      <input_file id="fl-c5">
         <path>C:\ti\ccsv8\tools\compiler\ti-cgt-arm_18.1.3.LTS\lib\</path>
         <kind>archive</kind>
         <file>rtsv7M4_T_le_v4SPD16_eabi.lib</file>
         <name>copy_zero_init.c.obj</name>
      </input_file>
      <input_file id="fl-c6">
         <path>C:\ti\ccsv8\tools\compiler\ti-cgt-arm_18.1.3.LTS\lib\</path>
         <kind>archive</kind>
         <file>rtsv7M4_T_le_v4SPD16_eabi.lib</file>
         <name>copy_decompress_none.c.obj</name>
      </input_file>
      <input_file id="fl-c7">
         <path>C:\ti\ccsv8\tools\compiler\ti-cgt-arm_18.1.3.LTS\lib\</path>
         <kind>archive</kind>
         <file>rtsv7M4_T_le_v4SPD16_eabi.lib</file>
         <name>copy_decompress_lzss.c.obj</name>
      </input_file>
      <input_file id="fl-c8">
         <path>C:\ti\ccsv8\tools\compiler\ti-cgt-arm_18.1.3.LTS\lib\</path>
         <kind>archive</kind>
         <file>rtsv7M4_T_le_v4SPD16_eabi.lib</file>
         <name>printf.c.obj</name>
      </input_file>
      <input_file id="fl-c9">
         <path>C:\ti\ccsv8\tools\compiler\ti-cgt-arm_18.1.3.LTS\lib\</path>
         <kind>archive</kind>
         <file>rtsv7M4_T_le_v4SPD16_eabi.lib</file>
         <name>rand.c.obj</name>
      </input_file>
      <input_file id="fl-ca">
         <path>C:\ti\ccsv8\tools\compiler\ti-cgt-arm_18.1.3.LTS\lib\</path>
         <kind>archive</kind>
         <file>rtsv7M4_T_le_v4SPD16_eabi.lib</file>
         <name>sprintf.c.obj</name>
      </input_file>
      <input_file id="fl-cb">
         <path>C:\ti\ccsv8\tools\compiler\ti-cgt-arm_18.1.3.LTS\lib\</path>
         <kind>archive</kind>
         <file>rtsv7M4_T_le_v4SPD16_eabi.lib</file>
         <name>strncpy.c.obj</name>
      </input_file>
      <input_file id="fl-cc">
         <path>C:\ti\ccsv8\tools\compiler\ti-cgt-arm_18.1.3.LTS\lib\</path>
         <kind>archive</kind>
         <file>rtsv7M4_T_le_v4SPD16_eabi.lib</file>
         <name>boot_cortex_m.c.obj</name>
      </input_file>
      <input_file id="fl-cd">
         <path>C:\ti\ccsv8\tools\compiler\ti-cgt-arm_18.1.3.LTS\lib\</path>
         <kind>archive</kind>
         <file>rtsv7M4_T_le_v4SPD16_eabi.lib</file>
         <name>memset_t2.asm.obj</name>
      </input_file>
      <input_file id="fl-ce">
         <path>C:\ti\ccsv8\tools\compiler\ti-cgt-arm_18.1.3.LTS\lib\</path>
         <kind>archive</kind>
         <file>rtsv7M4_T_le_v4SPD16_eabi.lib</file>
         <name>autoinit.c.obj</name>
      </input_file>
      <input_file id="fl-cf">
         <path>C:\ti\ccsv8\tools\compiler\ti-cgt-arm_18.1.3.LTS\lib\</path>
         <kind>archive</kind>
         <file>rtsv7M4_T_le_v4SPD16_eabi.lib</file>
         <name>pre_init.c.obj</name>
      </input_file>
      <input_file id="fl-d0">
         <path>C:\ti\ccsv8\tools\compiler\ti-cgt-arm_18.1.3.LTS\lib\</path>
         <kind>archive</kind>
         <file>rtsv7M4_T_le_v4SPD16_eabi.lib</file>
         <name>cpy_tbl.c.obj</name>
      </input_file>
      <input_file id="fl-d1">
         <path>C:\ti\ccsv8\tools\compiler\ti-cgt-arm_18.1.3.LTS\lib\</path>
         <kind>archive</kind>
         <file>rtsv7M4_T_le_v4SPD16_eabi.lib</file>
         <name>exit.c.obj</name>
      </input_file>
      <input_file id="fl-d2">
         <path>C:\ti\ccsv8\tools\compiler\ti-cgt-arm_18.1.3.LTS\lib\</path>
         <kind>archive</kind>
         <file>rtsv7M4_T_le_v4SPD16_eabi.lib</file>
         <name>_lock.c.obj</name>
      </input_file>
      <input_file id="fl-d3">
         <path>C:\ti\ccsv8\tools\compiler\ti-cgt-arm_18.1.3.LTS\lib\</path>
         <kind>archive</kind>
         <file>rtsv7M4_T_le_v4SPD16_eabi.lib</file>
         <name>_printfi.c.obj</name>
      </input_file>
      <input_file id="fl-d4">
         <path>C:\ti\ccsv8\tools\compiler\ti-cgt-arm_18.1.3.LTS\lib\</path>
         <kind>archive</kind>
         <file>rtsv7M4_T_le_v4SPD16_eabi.lib</file>
         <name>args_main.c.obj</name>
      </input_file>
      <input_file id="fl-d5">
         <path>C:\ti\ccsv8\tools\compiler\ti-cgt-arm_18.1.3.LTS\lib\</path>
         <kind>archive</kind>
         <file>rtsv7M4_T_le_v4SPD16_eabi.lib</file>
         <name>atoi.c.obj</name>
      </input_file>
      <input_file id="fl-d6">
         <path>C:\ti\ccsv8\tools\compiler\ti-cgt-arm_18.1.3.LTS\lib\</path>
         <kind>archive</kind>
         <file>rtsv7M4_T_le_v4SPD16_eabi.lib</file>
         <name>ctype.c.obj</name>
      </input_file>
      <input_file id="fl-d7">
         <path>C:\ti\ccsv8\tools\compiler\ti-cgt-arm_18.1.3.LTS\lib\</path>
         <kind>archive</kind>
         <file>rtsv7M4_T_le_v4SPD16_eabi.lib</file>
         <name>defs.c.obj</name>
      </input_file>
      <input_file id="fl-d8">
         <path>C:\ti\ccsv8\tools\compiler\ti-cgt-arm_18.1.3.LTS\lib\</path>
         <kind>archive</kind>
         <file>rtsv7M4_T_le_v4SPD16_eabi.lib</file>
         <name>fputc.c.obj</name>
      </input_file>
      <input_file id="fl-d9">
         <path>C:\ti\ccsv8\tools\compiler\ti-cgt-arm_18.1.3.LTS\lib\</path>
         <kind>archive</kind>
         <file>rtsv7M4_T_le_v4SPD16_eabi.lib</file>
         <name>fputs.c.obj</name>
      </input_file>
      <input_file id="fl-da">
         <path>C:\ti\ccsv8\tools\compiler\ti-cgt-arm_18.1.3.LTS\lib\</path>
         <kind>archive</kind>
         <file>rtsv7M4_T_le_v4SPD16_eabi.lib</file>
         <name>ltoa.c.obj</name>
      </input_file>
      <input_file id="fl-db">
         <path>C:\ti\ccsv8\tools\compiler\ti-cgt-arm_18.1.3.LTS\lib\</path>
         <kind>archive</kind>
         <file>rtsv7M4_T_le_v4SPD16_eabi.lib</file>
         <name>memccpy.c.obj</name>
      </input_file>
      <input_file id="fl-dc">
         <path>C:\ti\ccsv8\tools\compiler\ti-cgt-arm_18.1.3.LTS\lib\</path>
         <kind>archive</kind>
         <file>rtsv7M4_T_le_v4SPD16_eabi.lib</file>
         <name>memchr.c.obj</name>
      </input_file>
      <input_file id="fl-dd">
         <path>C:\ti\ccsv8\tools\compiler\ti-cgt-arm_18.1.3.LTS\lib\</path>
         <kind>archive</kind>
         <file>rtsv7M4_T_le_v4SPD16_eabi.lib</file>
         <name>strchr.c.obj</name>
      </input_file>
      <input_file id="fl-de">
         <path>C:\ti\ccsv8\tools\compiler\ti-cgt-arm_18.1.3.LTS\lib\</path>
         <kind>archive</kind>
         <file>rtsv7M4_T_le_v4SPD16_eabi.lib</file>
         <name>strlen.c.obj</name>
      </input_file>
      <input_file id="fl-df">
         <path>C:\ti\ccsv8\tools\compiler\ti-cgt-arm_18.1.3.LTS\lib\</path>
         <kind>archive</kind>
         <file>rtsv7M4_T_le_v4SPD16_eabi.lib</file>
         <name>write.c.obj</name>
      </input_file>
      <input_file id="fl-e0">
         <path>C:\ti\ccsv8\tools\compiler\ti-cgt-arm_18.1.3.LTS\lib\</path>
         <kind>archive</kind>
         <file>rtsv7M4_T_le_v4SPD16_eabi.lib</file>
         <name>errno.c.obj</name>
      </input_file>
      <input_file id="fl-e1">
         <path>C:\ti\ccsv8\tools\compiler\ti-cgt-arm_18.1.3.LTS\lib\</path>
         <kind>archive</kind>
         <file>rtsv7M4_T_le_v4SPD16_eabi.lib</file>
         <name>s_frexp.c.obj</name>
      </input_file>
      <input_file id="fl-e2">
         <path>C:\ti\ccsv8\tools\compiler\ti-cgt-arm_18.1.3.LTS\lib\</path>
         <kind>archive</kind>
         <file>rtsv7M4_T_le_v4SPD16_eabi.lib</file>
         <name>s_scalbn.c.obj</name>
      </input_file>
      <input_file id="fl-e3">
         <path>C:\ti\ccsv8\tools\compiler\ti-cgt-arm_18.1.3.LTS\lib\</path>
         <kind>archive</kind>
         <file>rtsv7M4_T_le_v4SPD16_eabi.lib</file>
         <name>wcslen.c.obj</name>
      </input_file>
      <input_file id="fl-e4">
         <path>C:\ti\ccsv8\tools\compiler\ti-cgt-arm_18.1.3.LTS\lib\</path>
         <kind>archive</kind>
         <file>rtsv7M4_T_le_v4SPD16_eabi.lib</file>
         <name>s_copysign.c.obj</name>
      </input_file>
      <input_file id="fl-e5">
         <path>C:\ti\ccsv8\tools\compiler\ti-cgt-arm_18.1.3.LTS\lib\</path>
         <kind>archive</kind>
         <file>rtsv7M4_T_le_v4SPD16_eabi.lib</file>
         <name>ull_div_t2.asm.obj</name>
      </input_file>
      <input_file id="fl-e6">
         <path>C:\ti\ccsv8\tools\compiler\ti-cgt-arm_18.1.3.LTS\lib\</path>
         <kind>archive</kind>
         <file>rtsv7M4_T_le_v4SPD16_eabi.lib</file>
         <name>fd_add_t2.asm.obj</name>
      </input_file>
      <input_file id="fl-e7">
         <path>C:\ti\ccsv8\tools\compiler\ti-cgt-arm_18.1.3.LTS\lib\</path>
         <kind>archive</kind>
         <file>rtsv7M4_T_le_v4SPD16_eabi.lib</file>
         <name>fd_cmp_t2.asm.obj</name>
      </input_file>
      <input_file id="fl-e8">
         <path>C:\ti\ccsv8\tools\compiler\ti-cgt-arm_18.1.3.LTS\lib\</path>
         <kind>archive</kind>
         <file>rtsv7M4_T_le_v4SPD16_eabi.lib</file>
         <name>fd_div_t2.asm.obj</name>
      </input_file>
      <input_file id="fl-e9">
         <path>C:\ti\ccsv8\tools\compiler\ti-cgt-arm_18.1.3.LTS\lib\</path>
         <kind>archive</kind>
         <file>rtsv7M4_T_le_v4SPD16_eabi.lib</file>
         <name>fd_mul_t2.asm.obj</name>
      </input_file>
      <input_file id="fl-ea">
         <path>C:\ti\ccsv8\tools\compiler\ti-cgt-arm_18.1.3.LTS\lib\</path>
         <kind>archive</kind>
         <file>rtsv7M4_T_le_v4SPD16_eabi.lib</file>
         <name>fd_toi_t2.asm.obj</name>
      </input_file>
      <input_file id="fl-eb">
         <path>C:\ti\ccsv8\tools\compiler\ti-cgt-arm_18.1.3.LTS\lib\</path>
         <kind>archive</kind>
         <file>rtsv7M4_T_le_v4SPD16_eabi.lib</file>
         <name>i_tofd_t2.asm.obj</name>
      </input_file>
      <input_file id="fl-ec">
         <path>C:\ti\ccsv8\tools\compiler\ti-cgt-arm_18.1.3.LTS\lib\</path>
         <kind>archive</kind>
         <file>rtsv7M4_T_le_v4SPD16_eabi.lib</file>
         <name>_io_perm.c.obj</name>
      </input_file>
      <input_file id="fl-ed">
         <path>C:\ti\ccsv8\tools\compiler\ti-cgt-arm_18.1.3.LTS\lib\</path>
         <kind>archive</kind>
         <file>rtsv7M4_T_le_v4SPD16_eabi.lib</file>
         <name>fflush.c.obj</name>
      </input_file>
      <input_file id="fl-ee">
         <path>C:\ti\ccsv8\tools\compiler\ti-cgt-arm_18.1.3.LTS\lib\</path>
         <kind>archive</kind>
         <file>rtsv7M4_T_le_v4SPD16_eabi.lib</file>
         <name>fseek.c.obj</name>
      </input_file>
      <input_file id="fl-ef">
         <path>C:\ti\ccsv8\tools\compiler\ti-cgt-arm_18.1.3.LTS\lib\</path>
         <kind>archive</kind>
         <file>rtsv7M4_T_le_v4SPD16_eabi.lib</file>
         <name>lseek.c.obj</name>
      </input_file>
      <input_file id="fl-f0">
         <path>C:\ti\ccsv8\tools\compiler\ti-cgt-arm_18.1.3.LTS\lib\</path>
         <kind>archive</kind>
         <file>rtsv7M4_T_le_v4SPD16_eabi.lib</file>
         <name>setvbuf.c.obj</name>
      </input_file>
      <input_file id="fl-f1">
         <path>C:\ti\ccsv8\tools\compiler\ti-cgt-arm_18.1.3.LTS\lib\</path>
         <kind>archive</kind>
         <file>rtsv7M4_T_le_v4SPD16_eabi.lib</file>
         <name>hostclose.c.obj</name>
      </input_file>
      <input_file id="fl-f2">
         <path>C:\ti\ccsv8\tools\compiler\ti-cgt-arm_18.1.3.LTS\lib\</path>
         <kind>archive</kind>
         <file>rtsv7M4_T_le_v4SPD16_eabi.lib</file>
         <name>hostlseek.c.obj</name>
      </input_file>
      <input_file id="fl-f3">
         <path>C:\ti\ccsv8\tools\compiler\ti-cgt-arm_18.1.3.LTS\lib\</path>
         <kind>archive</kind>
         <file>rtsv7M4_T_le_v4SPD16_eabi.lib</file>
         <name>hostopen.c.obj</name>
      </input_file>
      <input_file id="fl-f4">
         <path>C:\ti\ccsv8\tools\compiler\ti-cgt-arm_18.1.3.LTS\lib\</path>
         <kind>archive</kind>
         <file>rtsv7M4_T_le_v4SPD16_eabi.lib</file>
         <name>hostread.c.obj</name>
      </input_file>
      <input_file id="fl-f5">
         <path>C:\ti\ccsv8\tools\compiler\ti-cgt-arm_18.1.3.LTS\lib\</path>
         <kind>archive</kind>
         <file>rtsv7M4_T_le_v4SPD16_eabi.lib</file>
         <name>hostrename.c.obj</name>
      </input_file>
      <input_file id="fl-f6">
         <path>C:\ti\ccsv8\tools\compiler\ti-cgt-arm_18.1.3.LTS\lib\</path>
         <kind>archive</kind>
         <file>rtsv7M4_T_le_v4SPD16_eabi.lib</file>
         <name>hostunlink.c.obj</name>
      </input_file>
      <input_file id="fl-f7">
         <path>C:\ti\ccsv8\tools\compiler\ti-cgt-arm_18.1.3.LTS\lib\</path>
         <kind>archive</kind>
         <file>rtsv7M4_T_le_v4SPD16_eabi.lib</file>
         <name>hostwrite.c.obj</name>
      </input_file>
      <input_file id="fl-f8">
         <path>C:\ti\ccsv8\tools\compiler\ti-cgt-arm_18.1.3.LTS\lib\</path>
         <kind>archive</kind>
         <file>rtsv7M4_T_le_v4SPD16_eabi.lib</file>
         <name>trgmsg.c.obj</name>
      </input_file>
      <input_file id="fl-f9">
         <path>C:\ti\ccsv8\tools\compiler\ti-cgt-arm_18.1.3.LTS\lib\</path>
         <kind>archive</kind>
         <file>rtsv7M4_T_le_v4SPD16_eabi.lib</file>
         <name>div0.asm.obj</name>
      </input_file>
      <input_file id="fl-fa">
         <path>C:\ti\ccsv8\tools\compiler\ti-cgt-arm_18.1.3.LTS\lib\</path>
         <kind>archive</kind>
         <file>rtsv7M4_T_le_v4SPD16_eabi.lib</file>
         <name>memory.c.obj</name>
      </input_file>
      <input_file id="fl-fb">
         <path>C:\ti\ccsv8\tools\compiler\ti-cgt-arm_18.1.3.LTS\lib\</path>
         <kind>archive</kind>
         <file>rtsv7M4_T_le_v4SPD16_eabi.lib</file>
         <name>fopen.c.obj</name>
      </input_file>
      <input_file id="fl-fc">
         <path>C:\ti\ccsv8\tools\compiler\ti-cgt-arm_18.1.3.LTS\lib\</path>
         <kind>archive</kind>
         <file>rtsv7M4_T_le_v4SPD16_eabi.lib</file>
         <name>open.c.obj</name>
      </input_file>
      <input_file id="fl-fd">
         <path>C:\ti\ccsv8\tools\compiler\ti-cgt-arm_18.1.3.LTS\lib\</path>
         <kind>archive</kind>
         <file>rtsv7M4_T_le_v4SPD16_eabi.lib</file>
         <name>strcpy.c.obj</name>
      </input_file>
      <input_file id="fl-fe">
         <path>C:\ti\ccsv8\tools\compiler\ti-cgt-arm_18.1.3.LTS\lib\</path>
         <kind>archive</kind>
         <file>rtsv7M4_T_le_v4SPD16_eabi.lib</file>
         <name>fclose.c.obj</name>
      </input_file>
      <input_file id="fl-ff">
         <path>C:\ti\ccsv8\tools\compiler\ti-cgt-arm_18.1.3.LTS\lib\</path>
         <kind>archive</kind>
         <file>rtsv7M4_T_le_v4SPD16_eabi.lib</file>
         <name>getdevice.c.obj</name>
      </input_file>
      <input_file id="fl-100">
         <path>C:\ti\ccsv8\tools\compiler\ti-cgt-arm_18.1.3.LTS\lib\</path>
         <kind>archive</kind>
         <file>rtsv7M4_T_le_v4SPD16_eabi.lib</file>
         <name>remove.c.obj</name>
      </input_file>
      <input_file id="fl-101">
         <path>C:\ti\ccsv8\tools\compiler\ti-cgt-arm_18.1.3.LTS\lib\</path>
         <kind>archive</kind>
         <file>rtsv7M4_T_le_v4SPD16_eabi.lib</file>
         <name>strcmp.c.obj</name>
      </input_file>
      <input_file id="fl-102">
         <path>C:\ti\ccsv8\tools\compiler\ti-cgt-arm_18.1.3.LTS\lib\</path>
         <kind>archive</kind>
         <file>rtsv7M4_T_le_v4SPD16_eabi.lib</file>
         <name>unlink.c.obj</name>
      </input_file>
      <input_file id="fl-103">
         <path>C:\ti\ccsv8\tools\compiler\ti-cgt-arm_18.1.3.LTS\lib\</path>
         <kind>archive</kind>
         <file>rtsv7M4_T_le_v4SPD16_eabi.lib</file>
         <name>close.c.obj</name>
      </input_file>
   </input_file_list>
   <object_component_list>
      <object_component id="oc-23">
         <name>.intvecs:retain</name>
         <load_address>0x0</load_address>
         <run_address>0x0</run_address>
         <size>0xe4</size>
         <input_file_ref idref="fl-8"/>
      </object_component>
      <object_component id="oc-1ad">
         <name>.text:__TI_printfi</name>
         <load_address>0xe4</load_address>
         <run_address>0xe4</run_address>
         <size>0xa5e</size>
         <input_file_ref idref="fl-d3"/>
      </object_component>
      <object_component id="oc-1f0">
         <name>.text:_nop</name>
         <load_address>0xb42</load_address>
         <run_address>0xb42</run_address>
         <size>0x2</size>
         <input_file_ref idref="fl-d2"/>
      </object_component>
      <object_component id="oc-bc">
         <name>.text</name>
         <load_address>0xb44</load_address>
         <run_address>0xb44</run_address>
         <size>0x7a2</size>
         <input_file_ref idref="fl-2"/>
      </object_component>
      <object_component id="oc-330">
         <name>.text</name>
         <load_address>0x12e6</load_address>
         <run_address>0x12e6</run_address>
         <size>0x2</size>
         <input_file_ref idref="fl-f9"/>
      </object_component>
      <object_component id="oc-6d">
         <name>.text</name>
         <load_address>0x12e8</load_address>
         <run_address>0x12e8</run_address>
         <size>0x52c</size>
         <input_file_ref idref="fl-7"/>
      </object_component>
      <object_component id="oc-b6">
         <name>.text</name>
         <load_address>0x1814</load_address>
         <run_address>0x1814</run_address>
         <size>0x3c6</size>
         <input_file_ref idref="fl-5"/>
      </object_component>
      <object_component id="oc-a9">
         <name>.text</name>
         <load_address>0x1bdc</load_address>
         <run_address>0x1bdc</run_address>
         <size>0x334</size>
         <input_file_ref idref="fl-9"/>
      </object_component>
      <object_component id="oc-238">
         <name>.text:_pconv_a</name>
         <load_address>0x1f10</load_address>
         <run_address>0x1f10</run_address>
         <size>0x270</size>
         <input_file_ref idref="fl-d3"/>
      </object_component>
      <object_component id="oc-c2">
         <name>.text</name>
         <load_address>0x2180</load_address>
         <run_address>0x2180</run_address>
         <size>0x1d8</size>
         <input_file_ref idref="fl-6"/>
      </object_component>
      <object_component id="oc-226">
         <name>.text:_pconv_g</name>
         <load_address>0x2358</load_address>
         <run_address>0x2358</run_address>
         <size>0x1d0</size>
         <input_file_ref idref="fl-d3"/>
      </object_component>
      <object_component id="oc-2b9">
         <name>.text</name>
         <load_address>0x2528</load_address>
         <run_address>0x2528</run_address>
         <size>0x1b6</size>
         <input_file_ref idref="fl-e6"/>
      </object_component>
      <object_component id="oc-c8">
         <name>.text</name>
         <load_address>0x26e0</load_address>
         <run_address>0x26e0</run_address>
         <size>0x168</size>
         <input_file_ref idref="fl-3"/>
      </object_component>
      <object_component id="oc-232">
         <name>.text:_pconv_e</name>
         <load_address>0x2848</load_address>
         <run_address>0x2848</run_address>
         <size>0x13c</size>
         <input_file_ref idref="fl-d3"/>
      </object_component>
      <object_component id="oc-29f">
         <name>.text</name>
         <load_address>0x2984</load_address>
         <run_address>0x2984</run_address>
         <size>0x136</size>
         <input_file_ref idref="fl-e8"/>
      </object_component>
      <object_component id="oc-2cb">
         <name>.text:fcvt</name>
         <load_address>0x2abc</load_address>
         <run_address>0x2abc</run_address>
         <size>0x120</size>
         <input_file_ref idref="fl-d3"/>
      </object_component>
      <object_component id="oc-260">
         <name>.text:fputs</name>
         <load_address>0x2bdc</load_address>
         <run_address>0x2bdc</run_address>
         <size>0x114</size>
         <input_file_ref idref="fl-d9"/>
      </object_component>
      <object_component id="oc-2df">
         <name>.text:scalbn</name>
         <load_address>0x2cf0</load_address>
         <run_address>0x2cf0</run_address>
         <size>0x110</size>
         <input_file_ref idref="fl-e2"/>
      </object_component>
      <object_component id="oc-ce">
         <name>.text</name>
         <load_address>0x2e00</load_address>
         <run_address>0x2e00</run_address>
         <size>0x108</size>
         <input_file_ref idref="fl-4"/>
      </object_component>
      <object_component id="oc-29a">
         <name>.text</name>
         <load_address>0x2f08</load_address>
         <run_address>0x2f08</run_address>
         <size>0xfc</size>
         <input_file_ref idref="fl-e9"/>
      </object_component>
      <object_component id="oc-36b">
         <name>.text:setvbuf</name>
         <load_address>0x3004</load_address>
         <run_address>0x3004</run_address>
         <size>0xdc</size>
         <input_file_ref idref="fl-f0"/>
      </object_component>
      <object_component id="oc-399">
         <name>.text:free</name>
         <load_address>0x30e0</load_address>
         <run_address>0x30e0</run_address>
         <size>0xd8</size>
         <input_file_ref idref="fl-fa"/>
      </object_component>
      <object_component id="oc-b0">
         <name>.text</name>
         <load_address>0x31b8</load_address>
         <run_address>0x31b8</run_address>
         <size>0xc8</size>
         <input_file_ref idref="fl-a"/>
      </object_component>
      <object_component id="oc-21b">
         <name>.text:_ltostr</name>
         <load_address>0x3280</load_address>
         <run_address>0x3280</run_address>
         <size>0xb1</size>
         <input_file_ref idref="fl-d3"/>
      </object_component>
      <object_component id="oc-37">
         <name>.text</name>
         <load_address>0x3332</load_address>
         <run_address>0x3332</run_address>
         <size>0x9c</size>
         <input_file_ref idref="fl-c4"/>
      </object_component>
      <object_component id="oc-293">
         <name>.text</name>
         <load_address>0x33ce</load_address>
         <run_address>0x33ce</run_address>
         <size>0x96</size>
         <input_file_ref idref="fl-e5"/>
      </object_component>
      <object_component id="oc-267">
         <name>.text:fputc</name>
         <load_address>0x3464</load_address>
         <run_address>0x3464</run_address>
         <size>0x8c</size>
         <input_file_ref idref="fl-d8"/>
      </object_component>
      <object_component id="oc-221">
         <name>.text:__aeabi_cdcmple</name>
         <load_address>0x34f0</load_address>
         <run_address>0x34f0</run_address>
         <size>0x86</size>
         <input_file_ref idref="fl-e7"/>
      </object_component>
      <object_component id="oc-2a4">
         <name>.text:__aeabi_cdrcmple</name>
         <load_address>0x3576</load_address>
         <run_address>0x3576</run_address>
         <size>0x86</size>
         <input_file_ref idref="fl-e7"/>
      </object_component>
      <object_component id="oc-91">
         <name>.text</name>
         <load_address>0x35fc</load_address>
         <run_address>0x35fc</run_address>
         <size>0x7a</size>
         <input_file_ref idref="fl-cd"/>
      </object_component>
      <object_component id="oc-39f">
         <name>.text:malloc</name>
         <load_address>0x3678</load_address>
         <run_address>0x3678</run_address>
         <size>0x78</size>
         <input_file_ref idref="fl-fa"/>
      </object_component>
      <object_component id="oc-3e4">
         <name>.text:__TI_closefile</name>
         <load_address>0x36f0</load_address>
         <run_address>0x36f0</run_address>
         <size>0x74</size>
         <input_file_ref idref="fl-fe"/>
      </object_component>
      <object_component id="oc-2c4">
         <name>.text:_mcpy</name>
         <load_address>0x3764</load_address>
         <run_address>0x3764</run_address>
         <size>0x6e</size>
         <input_file_ref idref="fl-d3"/>
      </object_component>
      <object_component id="oc-408">
         <name>.text:HOSTlseek</name>
         <load_address>0x37d4</load_address>
         <run_address>0x37d4</run_address>
         <size>0x68</size>
         <input_file_ref idref="fl-f2"/>
      </object_component>
      <object_component id="oc-414">
         <name>.text:HOSTrename</name>
         <load_address>0x383c</load_address>
         <run_address>0x383c</run_address>
         <size>0x68</size>
         <input_file_ref idref="fl-f5"/>
      </object_component>
      <object_component id="oc-14">
         <name>.text:decompress:lzss:__TI_decompress_lzss</name>
         <load_address>0x38a4</load_address>
         <run_address>0x38a4</run_address>
         <size>0x68</size>
         <input_file_ref idref="fl-c7"/>
      </object_component>
      <object_component id="oc-150">
         <name>.text:printf</name>
         <load_address>0x390c</load_address>
         <run_address>0x390c</run_address>
         <size>0x68</size>
         <input_file_ref idref="fl-c8"/>
      </object_component>
      <object_component id="oc-2d9">
         <name>.text:frexp</name>
         <load_address>0x3974</load_address>
         <run_address>0x3974</run_address>
         <size>0x64</size>
         <input_file_ref idref="fl-e1"/>
      </object_component>
      <object_component id="oc-365">
         <name>.text:fseek</name>
         <load_address>0x39d8</load_address>
         <run_address>0x39d8</run_address>
         <size>0x64</size>
         <input_file_ref idref="fl-ee"/>
      </object_component>
      <object_component id="oc-30d">
         <name>.text:__TI_wrt_ok</name>
         <load_address>0x3a3c</load_address>
         <run_address>0x3a3c</run_address>
         <size>0x62</size>
         <input_file_ref idref="fl-ec"/>
      </object_component>
      <object_component id="oc-3f0">
         <name>.text:HOSTopen</name>
         <load_address>0x3aa0</load_address>
         <run_address>0x3aa0</run_address>
         <size>0x60</size>
         <input_file_ref idref="fl-f3"/>
      </object_component>
      <object_component id="oc-423">
         <name>.text:close</name>
         <load_address>0x3b00</load_address>
         <run_address>0x3b00</run_address>
         <size>0x5c</size>
         <input_file_ref idref="fl-103"/>
      </object_component>
      <object_component id="oc-3fc">
         <name>.text:HOSTread</name>
         <load_address>0x3b5c</load_address>
         <run_address>0x3b5c</run_address>
         <size>0x58</size>
         <input_file_ref idref="fl-f4"/>
      </object_component>
      <object_component id="oc-402">
         <name>.text:HOSTwrite</name>
         <load_address>0x3bb4</load_address>
         <run_address>0x3bb4</run_address>
         <size>0x58</size>
         <input_file_ref idref="fl-f7"/>
      </object_component>
      <object_component id="oc-22c">
         <name>.text:_pconv_f</name>
         <load_address>0x3c0c</load_address>
         <run_address>0x3c0c</run_address>
         <size>0x56</size>
         <input_file_ref idref="fl-d3"/>
      </object_component>
      <object_component id="oc-2ae">
         <name>.text:ltoa</name>
         <load_address>0x3c62</load_address>
         <run_address>0x3c62</run_address>
         <size>0x54</size>
         <input_file_ref idref="fl-da"/>
      </object_component>
      <object_component id="oc-2be">
         <name>.text:_ecpy</name>
         <load_address>0x3cb6</load_address>
         <run_address>0x3cb6</run_address>
         <size>0x52</size>
         <input_file_ref idref="fl-d3"/>
      </object_component>
      <object_component id="oc-319">
         <name>.text:__TI_doflush</name>
         <load_address>0x3d08</load_address>
         <run_address>0x3d08</run_address>
         <size>0x4c</size>
         <input_file_ref idref="fl-ed"/>
      </object_component>
      <object_component id="oc-215">
         <name>.text:atoi</name>
         <load_address>0x3d54</load_address>
         <run_address>0x3d54</run_address>
         <size>0x4c</size>
         <input_file_ref idref="fl-d5"/>
      </object_component>
      <object_component id="oc-113">
         <name>.text:exit</name>
         <load_address>0x3da0</load_address>
         <run_address>0x3da0</run_address>
         <size>0x48</size>
         <input_file_ref idref="fl-d1"/>
      </object_component>
      <object_component id="oc-2a9">
         <name>.text</name>
         <load_address>0x3de8</load_address>
         <run_address>0x3de8</run_address>
         <size>0x48</size>
         <input_file_ref idref="fl-ea"/>
      </object_component>
      <object_component id="oc-3f6">
         <name>.text:HOSTclose</name>
         <load_address>0x3e30</load_address>
         <run_address>0x3e30</run_address>
         <size>0x44</size>
         <input_file_ref idref="fl-f1"/>
      </object_component>
      <object_component id="oc-40e">
         <name>.text:HOSTunlink</name>
         <load_address>0x3e74</load_address>
         <run_address>0x3e74</run_address>
         <size>0x44</size>
         <input_file_ref idref="fl-f6"/>
      </object_component>
      <object_component id="oc-119">
         <name>.text:__TI_auto_init_nobinit_nopinit:__TI_auto_init_nobinit_nopinit</name>
         <load_address>0x3eb8</load_address>
         <run_address>0x3eb8</run_address>
         <size>0x44</size>
         <input_file_ref idref="fl-ce"/>
      </object_component>
      <object_component id="oc-458">
         <name>.text:getdevice</name>
         <load_address>0x3efc</load_address>
         <run_address>0x3efc</run_address>
         <size>0x44</size>
         <input_file_ref idref="fl-ff"/>
      </object_component>
      <object_component id="oc-15d">
         <name>.text:sprintf</name>
         <load_address>0x3f40</load_address>
         <run_address>0x3f40</run_address>
         <size>0x40</size>
         <input_file_ref idref="fl-ca"/>
      </object_component>
      <object_component id="oc-2d1">
         <name>.text:_fcpy</name>
         <load_address>0x3f80</load_address>
         <run_address>0x3f80</run_address>
         <size>0x3e</size>
         <input_file_ref idref="fl-d3"/>
      </object_component>
      <object_component id="oc-3d9">
         <name>.text:minsert</name>
         <load_address>0x3fc0</load_address>
         <run_address>0x3fc0</run_address>
         <size>0x3c</size>
         <input_file_ref idref="fl-fa"/>
      </object_component>
      <object_component id="oc-434">
         <name>.text:__TI_writemsg</name>
         <load_address>0x3ffc</load_address>
         <run_address>0x3ffc</run_address>
         <size>0x38</size>
         <input_file_ref idref="fl-f8"/>
      </object_component>
      <object_component id="oc-55">
         <name>.text:_c_int00_noargs:_c_int00_noargs</name>
         <load_address>0x4034</load_address>
         <run_address>0x4034</run_address>
         <size>0x38</size>
         <input_file_ref idref="fl-cc"/>
      </object_component>
      <object_component id="oc-3cd">
         <name>.text:minit</name>
         <load_address>0x406c</load_address>
         <run_address>0x406c</run_address>
         <size>0x38</size>
         <input_file_ref idref="fl-fa"/>
      </object_component>
      <object_component id="oc-163">
         <name>.text:strncpy</name>
         <load_address>0x40a4</load_address>
         <run_address>0x40a4</run_address>
         <size>0x36</size>
         <input_file_ref idref="fl-cb"/>
      </object_component>
      <object_component id="oc-3a5">
         <name>.text:__TI_cleanup</name>
         <load_address>0x40dc</load_address>
         <run_address>0x40dc</run_address>
         <size>0x34</size>
         <input_file_ref idref="fl-fb"/>
      </object_component>
      <object_component id="oc-43a">
         <name>.text:__TI_readmsg</name>
         <load_address>0x4110</load_address>
         <run_address>0x4110</run_address>
         <size>0x34</size>
         <input_file_ref idref="fl-f8"/>
      </object_component>
      <object_component id="oc-157">
         <name>.text:rand</name>
         <load_address>0x4144</load_address>
         <run_address>0x4144</run_address>
         <size>0x34</size>
         <input_file_ref idref="fl-c9"/>
      </object_component>
      <object_component id="oc-47a">
         <name>.text:finddevice</name>
         <load_address>0x4178</load_address>
         <run_address>0x4178</run_address>
         <size>0x30</size>
         <input_file_ref idref="fl-ff"/>
      </object_component>
      <object_component id="oc-2b4">
         <name>.text</name>
         <load_address>0x41a8</load_address>
         <run_address>0x41a8</run_address>
         <size>0x2e</size>
         <input_file_ref idref="fl-eb"/>
      </object_component>
      <object_component id="oc-429">
         <name>.text:unlink</name>
         <load_address>0x41d8</load_address>
         <run_address>0x41d8</run_address>
         <size>0x2c</size>
         <input_file_ref idref="fl-102"/>
      </object_component>
      <object_component id="oc-391">
         <name>.text:lseek</name>
         <load_address>0x4204</load_address>
         <run_address>0x4204</run_address>
         <size>0x28</size>
         <input_file_ref idref="fl-ef"/>
      </object_component>
      <object_component id="oc-3d3">
         <name>.text:mremove</name>
         <load_address>0x422c</load_address>
         <run_address>0x422c</run_address>
         <size>0x28</size>
         <input_file_ref idref="fl-fa"/>
      </object_component>
      <object_component id="oc-31f">
         <name>.text:write</name>
         <load_address>0x4254</load_address>
         <run_address>0x4254</run_address>
         <size>0x28</size>
         <input_file_ref idref="fl-df"/>
      </object_component>
      <object_component id="oc-313">
         <name>.text:memchr</name>
         <load_address>0x427c</load_address>
         <run_address>0x427c</run_address>
         <size>0x20</size>
         <input_file_ref idref="fl-dc"/>
      </object_component>
      <object_component id="oc-23e">
         <name>.text:memccpy</name>
         <load_address>0x429c</load_address>
         <run_address>0x429c</run_address>
         <size>0x1c</size>
         <input_file_ref idref="fl-db"/>
      </object_component>
      <object_component id="oc-1cd">
         <name>.text:_outs</name>
         <load_address>0x42b8</load_address>
         <run_address>0x42b8</run_address>
         <size>0x18</size>
         <input_file_ref idref="fl-ca"/>
      </object_component>
      <object_component id="oc-48f">
         <name>.text:strcmp</name>
         <load_address>0x42d0</load_address>
         <run_address>0x42d0</run_address>
         <size>0x18</size>
         <input_file_ref idref="fl-101"/>
      </object_component>
      <object_component id="oc-2e5">
         <name>.text:strchr</name>
         <load_address>0x42e8</load_address>
         <run_address>0x42e8</run_address>
         <size>0x16</size>
         <input_file_ref idref="fl-dd"/>
      </object_component>
      <object_component id="oc-349">
         <name>.text:copysign</name>
         <load_address>0x42fe</load_address>
         <run_address>0x42fe</run_address>
         <size>0x14</size>
         <input_file_ref idref="fl-e4"/>
      </object_component>
      <object_component id="oc-44e">
         <name>.text:strcpy</name>
         <load_address>0x4312</load_address>
         <run_address>0x4312</run_address>
         <size>0x14</size>
         <input_file_ref idref="fl-fd"/>
      </object_component>
      <object_component id="oc-20f">
         <name>.text:strlen</name>
         <load_address>0x4326</load_address>
         <run_address>0x4326</run_address>
         <size>0x14</size>
         <input_file_ref idref="fl-de"/>
      </object_component>
      <object_component id="oc-43">
         <name>.text:decompress:ZI:__TI_zero_init_nomemset:__TI_zero_init_nomemset</name>
         <load_address>0x433a</load_address>
         <run_address>0x433a</run_address>
         <size>0x12</size>
         <input_file_ref idref="fl-c5"/>
      </object_component>
      <object_component id="oc-244">
         <name>.text:wcslen</name>
         <load_address>0x434c</load_address>
         <run_address>0x434c</run_address>
         <size>0x12</size>
         <input_file_ref idref="fl-e3"/>
      </object_component>
      <object_component id="oc-1a">
         <name>.text:decompress:none:__TI_decompress_none</name>
         <load_address>0x435e</load_address>
         <run_address>0x435e</run_address>
         <size>0xe</size>
         <input_file_ref idref="fl-c6"/>
      </object_component>
      <object_component id="oc-67">
         <name>.text</name>
         <load_address>0x436c</load_address>
         <run_address>0x436c</run_address>
         <size>0xe</size>
         <input_file_ref idref="fl-8"/>
      </object_component>
      <object_component id="oc-1d3">
         <name>.text:_outc</name>
         <load_address>0x437a</load_address>
         <run_address>0x437a</run_address>
         <size>0xa</size>
         <input_file_ref idref="fl-ca"/>
      </object_component>
      <object_component id="oc-24a">
         <name>.text:__aeabi_errno_addr</name>
         <load_address>0x4384</load_address>
         <run_address>0x4384</run_address>
         <size>0x8</size>
         <input_file_ref idref="fl-e0"/>
      </object_component>
      <object_component id="oc-1bc">
         <name>.text:_outc</name>
         <load_address>0x438c</load_address>
         <run_address>0x438c</run_address>
         <size>0x4</size>
         <input_file_ref idref="fl-c8"/>
      </object_component>
      <object_component id="oc-1b6">
         <name>.text:_outs</name>
         <load_address>0x4390</load_address>
         <run_address>0x4390</run_address>
         <size>0x4</size>
         <input_file_ref idref="fl-c8"/>
      </object_component>
      <object_component id="oc-97">
         <name>.text:_system_pre_init</name>
         <load_address>0x4394</load_address>
         <run_address>0x4394</run_address>
         <size>0x4</size>
         <input_file_ref idref="fl-cf"/>
      </object_component>
      <object_component id="oc-10d">
         <name>.text:abort:abort</name>
         <load_address>0x4398</load_address>
         <run_address>0x4398</run_address>
         <size>0x4</size>
         <input_file_ref idref="fl-d1"/>
      </object_component>
      <object_component id="oc-28e">
         <name>.const:.string:_ctypes_</name>
         <load_address>0x439c</load_address>
         <run_address>0x439c</run_address>
         <size>0x101</size>
         <input_file_ref idref="fl-d6"/>
      </object_component>
      <object_component id="oc-169">
         <name>.const:.string:$P$T0$1</name>
         <load_address>0x449d</load_address>
         <run_address>0x449d</run_address>
         <size>0x10</size>
         <input_file_ref idref="fl-2"/>
      </object_component>
      <object_component id="oc-16c">
         <name>.const:.string:$P$T1$2</name>
         <load_address>0x44ad</load_address>
         <run_address>0x44ad</run_address>
         <size>0x10</size>
         <input_file_ref idref="fl-2"/>
      </object_component>
      <object_component id="oc-16f">
         <name>.const:.string:$P$T2$3</name>
         <load_address>0x44bd</load_address>
         <run_address>0x44bd</run_address>
         <size>0x10</size>
         <input_file_ref idref="fl-2"/>
      </object_component>
      <object_component id="oc-172">
         <name>.const:.string:$P$T3$4</name>
         <load_address>0x44cd</load_address>
         <run_address>0x44cd</run_address>
         <size>0x10</size>
         <input_file_ref idref="fl-2"/>
      </object_component>
      <object_component id="oc-4cb">
         <name>.cinit..data.load</name>
         <load_address>0x44e0</load_address>
         <run_address>0x44e0</run_address>
         <size>0x72</size>
      </object_component>
      <object_component id="oc-4c9">
         <name>__TI_handler_table</name>
         <load_address>0x4554</load_address>
         <run_address>0x4554</run_address>
         <size>0xc</size>
      </object_component>
      <object_component id="oc-4cc">
         <name>.cinit..bss.load</name>
         <load_address>0x4560</load_address>
         <run_address>0x4560</run_address>
         <size>0x8</size>
      </object_component>
      <object_component id="oc-4ca">
         <name>__TI_cinit_table</name>
         <load_address>0x4568</load_address>
         <run_address>0x4568</run_address>
         <size>0x10</size>
      </object_component>
      <object_component id="oc-49e">
         <name>.binit</name>
         <load_address>0x0</load_address>
         <run_address>0x0</run_address>
         <size>0x0</size>
      </object_component>
      <object_component id="oc-d4">
         <name>.data</name>
         <load_address>0x200005f4</load_address>
         <run_address>0x200005f4</run_address>
         <size>0x2</size>
         <input_file_ref idref="fl-7"/>
      </object_component>
      <object_component id="oc-14b">
         <name>.data</name>
         <load_address>0x200005f0</load_address>
         <run_address>0x200005f0</run_address>
         <size>0x4</size>
         <input_file_ref idref="fl-9"/>
      </object_component>
      <object_component id="oc-1c9">
         <name>.data</name>
         <load_address>0x200005ec</load_address>
         <run_address>0x200005ec</run_address>
         <size>0x4</size>
         <input_file_ref idref="fl-c9"/>
      </object_component>
      <object_component id="oc-18c">
         <name>.data:$O1$$</name>
         <load_address>0x200005c8</load_address>
         <run_address>0x200005c8</run_address>
         <size>0xc</size>
         <input_file_ref idref="fl-d1"/>
      </object_component>
      <object_component id="oc-18f">
         <name>.data:$O1$$</name>
         <load_address>0x200005e0</load_address>
         <run_address>0x200005e0</run_address>
         <size>0x8</size>
         <input_file_ref idref="fl-d2"/>
      </object_component>
      <object_component id="oc-1b3">
         <name>.data:_ftable</name>
         <load_address>0x20000400</load_address>
         <run_address>0x20000400</run_address>
         <size>0xf0</size>
         <input_file_ref idref="fl-d7"/>
      </object_component>
      <object_component id="oc-3ea">
         <name>.data</name>
         <load_address>0x200005b8</load_address>
         <run_address>0x200005b8</run_address>
         <size>0x10</size>
         <input_file_ref idref="fl-d7"/>
      </object_component>
      <object_component id="oc-3b8">
         <name>.data:_device</name>
         <load_address>0x200004f0</load_address>
         <run_address>0x200004f0</run_address>
         <size>0x78</size>
         <input_file_ref idref="fl-df"/>
      </object_component>
      <object_component id="oc-377">
         <name>.data:_stream</name>
         <load_address>0x20000568</load_address>
         <run_address>0x20000568</run_address>
         <size>0x50</size>
         <input_file_ref idref="fl-df"/>
      </object_component>
      <object_component id="oc-2f5">
         <name>.data</name>
         <load_address>0x200005e8</load_address>
         <run_address>0x200005e8</run_address>
         <size>0x4</size>
         <input_file_ref idref="fl-e0"/>
      </object_component>
      <object_component id="oc-3df">
         <name>.data:$O1$$</name>
         <load_address>0x200005d4</load_address>
         <run_address>0x200005d4</run_address>
         <size>0xc</size>
         <input_file_ref idref="fl-fa"/>
      </object_component>
      <object_component id="oc-d7">
         <name>.bss</name>
         <uninitialized>true</uninitialized>
         <run_address>0x200007c0</run_address>
         <size>0x6</size>
         <input_file_ref idref="fl-7"/>
      </object_component>
      <object_component id="oc-462">
         <name>.bss:_CIOBUF_</name>
         <uninitialized>true</uninitialized>
         <run_address>0x200005f8</run_address>
         <size>0x120</size>
         <input_file_ref idref="fl-f8"/>
      </object_component>
      <object_component id="oc-dd">
         <name>.common:light_flag</name>
         <uninitialized>true</uninitialized>
         <run_address>0x200007c7</run_address>
         <size>0x1</size>
      </object_component>
      <object_component id="oc-da">
         <name>.common:ss_flag</name>
         <uninitialized>true</uninitialized>
         <run_address>0x200007c8</run_address>
         <size>0x1</size>
      </object_component>
      <object_component id="oc-de">
         <name>.common:isON</name>
         <uninitialized>true</uninitialized>
         <run_address>0x200007c6</run_address>
         <size>0x1</size>
      </object_component>
      <object_component id="oc-42f">
         <name>.common:__TI_tmpnams</name>
         <uninitialized>true</uninitialized>
         <run_address>0x20000718</run_address>
         <size>0xa0</size>
      </object_component>
      <object_component id="oc-440">
         <name>.common:parmbuf</name>
         <uninitialized>true</uninitialized>
         <run_address>0x200007b8</run_address>
         <size>0x8</size>
      </object_component>
      <object_component id="oc-29">
         <name>.sysmem</name>
         <uninitialized>true</uninitialized>
         <run_address>0x20000000</run_address>
         <size>0x8</size>
         <input_file_ref idref="fl-fa"/>
      </object_component>
      <object_component id="oc-4ce">
         <name>.sysmem</name>
         <uninitialized>true</uninitialized>
         <run_address>0x20000000</run_address>
         <size>0x0</size>
      </object_component>
      <object_component id="oc-26">
         <name>.stack</name>
         <uninitialized>true</uninitialized>
         <run_address>0x2000fe00</run_address>
         <size>0x4</size>
         <input_file_ref idref="fl-cc"/>
      </object_component>
      <object_component id="oc-4cd">
         <name>.stack</name>
         <uninitialized>true</uninitialized>
         <run_address>0x2000fe00</run_address>
         <size>0x0</size>
      </object_component>
      <object_component id="oc-176">
         <name>.debug_info</name>
         <load_address>0x0</load_address>
         <run_address>0x0</run_address>
         <size>0x679</size>
         <input_file_ref idref="fl-2"/>
      </object_component>
      <object_component id="oc-16a">
         <name>.debug_info</name>
         <load_address>0x679</load_address>
         <run_address>0x679</run_address>
         <size>0xc8</size>
         <input_file_ref idref="fl-2"/>
      </object_component>
      <object_component id="oc-16d">
         <name>.debug_info</name>
         <load_address>0x741</load_address>
         <run_address>0x741</run_address>
         <size>0xc8</size>
         <input_file_ref idref="fl-2"/>
      </object_component>
      <object_component id="oc-170">
         <name>.debug_info</name>
         <load_address>0x809</load_address>
         <run_address>0x809</run_address>
         <size>0xc8</size>
         <input_file_ref idref="fl-2"/>
      </object_component>
      <object_component id="oc-173">
         <name>.debug_info</name>
         <load_address>0x8d1</load_address>
         <run_address>0x8d1</run_address>
         <size>0xc8</size>
         <input_file_ref idref="fl-2"/>
      </object_component>
      <object_component id="oc-bd">
         <name>.debug_info</name>
         <load_address>0x999</load_address>
         <run_address>0x999</run_address>
         <size>0xef3</size>
         <input_file_ref idref="fl-2"/>
      </object_component>
      <object_component id="oc-ec">
         <name>.debug_info</name>
         <load_address>0x188c</load_address>
         <run_address>0x188c</run_address>
         <size>0x26b</size>
         <input_file_ref idref="fl-2"/>
      </object_component>
      <object_component id="oc-180">
         <name>.debug_info</name>
         <load_address>0x1af7</load_address>
         <run_address>0x1af7</run_address>
         <size>0x1055</size>
         <input_file_ref idref="fl-2"/>
      </object_component>
      <object_component id="oc-1e7">
         <name>.debug_info</name>
         <load_address>0x2b4c</load_address>
         <run_address>0x2b4c</run_address>
         <size>0x37e2</size>
         <input_file_ref idref="fl-2"/>
      </object_component>
      <object_component id="oc-32">
         <name>.debug_info</name>
         <load_address>0x632e</load_address>
         <run_address>0x632e</run_address>
         <size>0x84</size>
         <input_file_ref idref="fl-2"/>
      </object_component>
      <object_component id="oc-185">
         <name>.debug_info</name>
         <load_address>0x63b2</load_address>
         <run_address>0x63b2</run_address>
         <size>0x297</size>
         <input_file_ref idref="fl-2"/>
      </object_component>
      <object_component id="oc-e0">
         <name>.debug_info</name>
         <load_address>0x6649</load_address>
         <run_address>0x6649</run_address>
         <size>0xbb</size>
         <input_file_ref idref="fl-2"/>
      </object_component>
      <object_component id="oc-104">
         <name>.debug_info</name>
         <load_address>0x6704</load_address>
         <run_address>0x6704</run_address>
         <size>0x2c</size>
         <input_file_ref idref="fl-2"/>
      </object_component>
      <object_component id="oc-1c4">
         <name>.debug_info</name>
         <load_address>0x6730</load_address>
         <run_address>0x6730</run_address>
         <size>0x2c</size>
         <input_file_ref idref="fl-2"/>
      </object_component>
      <object_component id="oc-18a">
         <name>.debug_info</name>
         <load_address>0x675c</load_address>
         <run_address>0x675c</run_address>
         <size>0x523</size>
         <input_file_ref idref="fl-3"/>
      </object_component>
      <object_component id="oc-ca">
         <name>.debug_info</name>
         <load_address>0x6c7f</load_address>
         <run_address>0x6c7f</run_address>
         <size>0x2cc</size>
         <input_file_ref idref="fl-3"/>
      </object_component>
      <object_component id="oc-e5">
         <name>.debug_info</name>
         <load_address>0x6f4b</load_address>
         <run_address>0x6f4b</run_address>
         <size>0x37e2</size>
         <input_file_ref idref="fl-3"/>
      </object_component>
      <object_component id="oc-d1">
         <name>.debug_info</name>
         <load_address>0xa72d</load_address>
         <run_address>0xa72d</run_address>
         <size>0x155</size>
         <input_file_ref idref="fl-4"/>
      </object_component>
      <object_component id="oc-b7">
         <name>.debug_info</name>
         <load_address>0xa882</load_address>
         <run_address>0xa882</run_address>
         <size>0x424</size>
         <input_file_ref idref="fl-5"/>
      </object_component>
      <object_component id="oc-c3">
         <name>.debug_info</name>
         <load_address>0xaca6</load_address>
         <run_address>0xaca6</run_address>
         <size>0x2e3</size>
         <input_file_ref idref="fl-6"/>
      </object_component>
      <object_component id="oc-db">
         <name>.debug_info</name>
         <load_address>0xaf89</load_address>
         <run_address>0xaf89</run_address>
         <size>0x9cc</size>
         <input_file_ref idref="fl-7"/>
      </object_component>
      <object_component id="oc-d8">
         <name>.debug_info</name>
         <load_address>0xb955</load_address>
         <run_address>0xb955</run_address>
         <size>0x111</size>
         <input_file_ref idref="fl-7"/>
      </object_component>
      <object_component id="oc-d5">
         <name>.debug_info</name>
         <load_address>0xba66</load_address>
         <run_address>0xba66</run_address>
         <size>0xe5</size>
         <input_file_ref idref="fl-7"/>
      </object_component>
      <object_component id="oc-6f">
         <name>.debug_info</name>
         <load_address>0xbb4b</load_address>
         <run_address>0xbb4b</run_address>
         <size>0x9b5</size>
         <input_file_ref idref="fl-7"/>
      </object_component>
      <object_component id="oc-75">
         <name>.debug_info</name>
         <load_address>0xc500</load_address>
         <run_address>0xc500</run_address>
         <size>0x2c3</size>
         <input_file_ref idref="fl-8"/>
      </object_component>
      <object_component id="oc-24">
         <name>.debug_info</name>
         <load_address>0xc7c3</load_address>
         <run_address>0xc7c3</run_address>
         <size>0xef</size>
         <input_file_ref idref="fl-8"/>
      </object_component>
      <object_component id="oc-68">
         <name>.debug_info</name>
         <load_address>0xc8b2</load_address>
         <run_address>0xc8b2</run_address>
         <size>0x1b6</size>
         <input_file_ref idref="fl-8"/>
      </object_component>
      <object_component id="oc-14c">
         <name>.debug_info</name>
         <load_address>0xca68</load_address>
         <run_address>0xca68</run_address>
         <size>0xe8</size>
         <input_file_ref idref="fl-9"/>
      </object_component>
      <object_component id="oc-ab">
         <name>.debug_info</name>
         <load_address>0xcb50</load_address>
         <run_address>0xcb50</run_address>
         <size>0x25a</size>
         <input_file_ref idref="fl-9"/>
      </object_component>
      <object_component id="oc-b1">
         <name>.debug_info</name>
         <load_address>0xcdaa</load_address>
         <run_address>0xcdaa</run_address>
         <size>0x2c9</size>
         <input_file_ref idref="fl-a"/>
      </object_component>
      <object_component id="oc-38">
         <name>.debug_info</name>
         <load_address>0xd073</load_address>
         <run_address>0xd073</run_address>
         <size>0x111</size>
         <input_file_ref idref="fl-c4"/>
      </object_component>
      <object_component id="oc-90">
         <name>.debug_info</name>
         <load_address>0xd184</load_address>
         <run_address>0xd184</run_address>
         <size>0x313</size>
         <input_file_ref idref="fl-c5"/>
      </object_component>
      <object_component id="oc-44">
         <name>.debug_info</name>
         <load_address>0xd497</load_address>
         <run_address>0xd497</run_address>
         <size>0x1b4</size>
         <input_file_ref idref="fl-c5"/>
      </object_component>
      <object_component id="oc-8b">
         <name>.debug_info</name>
         <load_address>0xd64b</load_address>
         <run_address>0xd64b</run_address>
         <size>0x46</size>
         <input_file_ref idref="fl-c5"/>
      </object_component>
      <object_component id="oc-42">
         <name>.debug_info</name>
         <load_address>0xd691</load_address>
         <run_address>0xd691</run_address>
         <size>0x29d</size>
         <input_file_ref idref="fl-c6"/>
      </object_component>
      <object_component id="oc-1d">
         <name>.debug_info</name>
         <load_address>0xd92e</load_address>
         <run_address>0xd92e</run_address>
         <size>0x1df</size>
         <input_file_ref idref="fl-c6"/>
      </object_component>
      <object_component id="oc-3d">
         <name>.debug_info</name>
         <load_address>0xdb0d</load_address>
         <run_address>0xdb0d</run_address>
         <size>0x46</size>
         <input_file_ref idref="fl-c6"/>
      </object_component>
      <object_component id="oc-83">
         <name>.debug_info</name>
         <load_address>0xdb53</load_address>
         <run_address>0xdb53</run_address>
         <size>0x2c</size>
         <input_file_ref idref="fl-c6"/>
      </object_component>
      <object_component id="oc-81">
         <name>.debug_info</name>
         <load_address>0xdb7f</load_address>
         <run_address>0xdb7f</run_address>
         <size>0x293</size>
         <input_file_ref idref="fl-c7"/>
      </object_component>
      <object_component id="oc-18">
         <name>.debug_info</name>
         <load_address>0xde12</load_address>
         <run_address>0xde12</run_address>
         <size>0x245</size>
         <input_file_ref idref="fl-c7"/>
      </object_component>
      <object_component id="oc-2d">
         <name>.debug_info</name>
         <load_address>0xe057</load_address>
         <run_address>0xe057</run_address>
         <size>0x60</size>
         <input_file_ref idref="fl-c7"/>
      </object_component>
      <object_component id="oc-fd">
         <name>.debug_info</name>
         <load_address>0xe0b7</load_address>
         <run_address>0xe0b7</run_address>
         <size>0x46</size>
         <input_file_ref idref="fl-c7"/>
      </object_component>
      <object_component id="oc-7c">
         <name>.debug_info</name>
         <load_address>0xe0fd</load_address>
         <run_address>0xe0fd</run_address>
         <size>0x39</size>
         <input_file_ref idref="fl-c7"/>
      </object_component>
      <object_component id="oc-1c3">
         <name>.debug_info</name>
         <load_address>0xe136</load_address>
         <run_address>0xe136</run_address>
         <size>0x3da</size>
         <input_file_ref idref="fl-c8"/>
      </object_component>
      <object_component id="oc-1c0">
         <name>.debug_info</name>
         <load_address>0xe510</load_address>
         <run_address>0xe510</run_address>
         <size>0x14c</size>
         <input_file_ref idref="fl-c8"/>
      </object_component>
      <object_component id="oc-1ba">
         <name>.debug_info</name>
         <load_address>0xe65c</load_address>
         <run_address>0xe65c</run_address>
         <size>0x15b</size>
         <input_file_ref idref="fl-c8"/>
      </object_component>
      <object_component id="oc-154">
         <name>.debug_info</name>
         <load_address>0xe7b7</load_address>
         <run_address>0xe7b7</run_address>
         <size>0x1a1</size>
         <input_file_ref idref="fl-c8"/>
      </object_component>
      <object_component id="oc-270">
         <name>.debug_info</name>
         <load_address>0xe958</load_address>
         <run_address>0xe958</run_address>
         <size>0xb2</size>
         <input_file_ref idref="fl-c8"/>
      </object_component>
      <object_component id="oc-1ca">
         <name>.debug_info</name>
         <load_address>0xea0a</load_address>
         <run_address>0xea0a</run_address>
         <size>0xf0</size>
         <input_file_ref idref="fl-c9"/>
      </object_component>
      <object_component id="oc-159">
         <name>.debug_info</name>
         <load_address>0xeafa</load_address>
         <run_address>0xeafa</run_address>
         <size>0x132</size>
         <input_file_ref idref="fl-c9"/>
      </object_component>
      <object_component id="oc-1da">
         <name>.debug_info</name>
         <load_address>0xec2c</load_address>
         <run_address>0xec2c</run_address>
         <size>0x328</size>
         <input_file_ref idref="fl-ca"/>
      </object_component>
      <object_component id="oc-160">
         <name>.debug_info</name>
         <load_address>0xef54</load_address>
         <run_address>0xef54</run_address>
         <size>0x1c6</size>
         <input_file_ref idref="fl-ca"/>
      </object_component>
      <object_component id="oc-1d0">
         <name>.debug_info</name>
         <load_address>0xf11a</load_address>
         <run_address>0xf11a</run_address>
         <size>0x182</size>
         <input_file_ref idref="fl-ca"/>
      </object_component>
      <object_component id="oc-1d7">
         <name>.debug_info</name>
         <load_address>0xf29c</load_address>
         <run_address>0xf29c</run_address>
         <size>0x162</size>
         <input_file_ref idref="fl-ca"/>
      </object_component>
      <object_component id="oc-2fc">
         <name>.debug_info</name>
         <load_address>0xf3fe</load_address>
         <run_address>0xf3fe</run_address>
         <size>0x2c</size>
         <input_file_ref idref="fl-ca"/>
      </object_component>
      <object_component id="oc-1dc">
         <name>.debug_info</name>
         <load_address>0xf42a</load_address>
         <run_address>0xf42a</run_address>
         <size>0x2a4</size>
         <input_file_ref idref="fl-cb"/>
      </object_component>
      <object_component id="oc-165">
         <name>.debug_info</name>
         <load_address>0xf6ce</load_address>
         <run_address>0xf6ce</run_address>
         <size>0x25a</size>
         <input_file_ref idref="fl-cb"/>
      </object_component>
      <object_component id="oc-27">
         <name>.debug_info</name>
         <load_address>0xf928</load_address>
         <run_address>0xf928</run_address>
         <size>0x100</size>
         <input_file_ref idref="fl-cc"/>
      </object_component>
      <object_component id="oc-56">
         <name>.debug_info</name>
         <load_address>0xfa28</load_address>
         <run_address>0xfa28</run_address>
         <size>0x1a4</size>
         <input_file_ref idref="fl-cc"/>
      </object_component>
      <object_component id="oc-92">
         <name>.debug_info</name>
         <load_address>0xfbcc</load_address>
         <run_address>0xfbcc</run_address>
         <size>0x13f</size>
         <input_file_ref idref="fl-cd"/>
      </object_component>
      <object_component id="oc-196">
         <name>.debug_info</name>
         <load_address>0xfd0b</load_address>
         <run_address>0xfd0b</run_address>
         <size>0x547</size>
         <input_file_ref idref="fl-ce"/>
      </object_component>
      <object_component id="oc-11d">
         <name>.debug_info</name>
         <load_address>0x10252</load_address>
         <run_address>0x10252</run_address>
         <size>0x19b</size>
         <input_file_ref idref="fl-ce"/>
      </object_component>
      <object_component id="oc-1fe">
         <name>.debug_info</name>
         <load_address>0x103ed</load_address>
         <run_address>0x103ed</run_address>
         <size>0x39</size>
         <input_file_ref idref="fl-ce"/>
      </object_component>
      <object_component id="oc-280">
         <name>.debug_info</name>
         <load_address>0x10426</load_address>
         <run_address>0x10426</run_address>
         <size>0x39</size>
         <input_file_ref idref="fl-ce"/>
      </object_component>
      <object_component id="oc-203">
         <name>.debug_info</name>
         <load_address>0x1045f</load_address>
         <run_address>0x1045f</run_address>
         <size>0x39</size>
         <input_file_ref idref="fl-ce"/>
      </object_component>
      <object_component id="oc-208">
         <name>.debug_info</name>
         <load_address>0x10498</load_address>
         <run_address>0x10498</run_address>
         <size>0xcd</size>
         <input_file_ref idref="fl-ce"/>
      </object_component>
      <object_component id="oc-9b">
         <name>.debug_info</name>
         <load_address>0x10565</load_address>
         <run_address>0x10565</run_address>
         <size>0x148</size>
         <input_file_ref idref="fl-cf"/>
      </object_component>
      <object_component id="oc-193">
         <name>.debug_info</name>
         <load_address>0x106ad</load_address>
         <run_address>0x106ad</run_address>
         <size>0x3a2</size>
         <input_file_ref idref="fl-d1"/>
      </object_component>
      <object_component id="oc-18d">
         <name>.debug_info</name>
         <load_address>0x10a4f</load_address>
         <run_address>0x10a4f</run_address>
         <size>0x185</size>
         <input_file_ref idref="fl-d1"/>
      </object_component>
      <object_component id="oc-10e">
         <name>.debug_info</name>
         <load_address>0x10bd4</load_address>
         <run_address>0x10bd4</run_address>
         <size>0x117</size>
         <input_file_ref idref="fl-d1"/>
      </object_component>
      <object_component id="oc-114">
         <name>.debug_info</name>
         <load_address>0x10ceb</load_address>
         <run_address>0x10ceb</run_address>
         <size>0x179</size>
         <input_file_ref idref="fl-d1"/>
      </object_component>
      <object_component id="oc-1f8">
         <name>.debug_info</name>
         <load_address>0x10e64</load_address>
         <run_address>0x10e64</run_address>
         <size>0x2be</size>
         <input_file_ref idref="fl-d2"/>
      </object_component>
      <object_component id="oc-190">
         <name>.debug_info</name>
         <load_address>0x11122</load_address>
         <run_address>0x11122</run_address>
         <size>0x113</size>
         <input_file_ref idref="fl-d2"/>
      </object_component>
      <object_component id="oc-1f3">
         <name>.debug_info</name>
         <load_address>0x11235</load_address>
         <run_address>0x11235</run_address>
         <size>0x123</size>
         <input_file_ref idref="fl-d2"/>
      </object_component>
      <object_component id="oc-251">
         <name>.debug_info</name>
         <load_address>0x11358</load_address>
         <run_address>0x11358</run_address>
         <size>0x8a6</size>
         <input_file_ref idref="fl-d3"/>
      </object_component>
      <object_component id="oc-21d">
         <name>.debug_info</name>
         <load_address>0x11bfe</load_address>
         <run_address>0x11bfe</run_address>
         <size>0x213</size>
         <input_file_ref idref="fl-d3"/>
      </object_component>
      <object_component id="oc-2c0">
         <name>.debug_info</name>
         <load_address>0x11e11</load_address>
         <run_address>0x11e11</run_address>
         <size>0x1a8</size>
         <input_file_ref idref="fl-d3"/>
      </object_component>
      <object_component id="oc-2c6">
         <name>.debug_info</name>
         <load_address>0x11fb9</load_address>
         <run_address>0x11fb9</run_address>
         <size>0x210</size>
         <input_file_ref idref="fl-d3"/>
      </object_component>
      <object_component id="oc-228">
         <name>.debug_info</name>
         <load_address>0x121c9</load_address>
         <run_address>0x121c9</run_address>
         <size>0x3b0</size>
         <input_file_ref idref="fl-d3"/>
      </object_component>
      <object_component id="oc-2cd">
         <name>.debug_info</name>
         <load_address>0x12579</load_address>
         <run_address>0x12579</run_address>
         <size>0x2fa</size>
         <input_file_ref idref="fl-d3"/>
      </object_component>
      <object_component id="oc-2d3">
         <name>.debug_info</name>
         <load_address>0x12873</load_address>
         <run_address>0x12873</run_address>
         <size>0x20a</size>
         <input_file_ref idref="fl-d3"/>
      </object_component>
      <object_component id="oc-22e">
         <name>.debug_info</name>
         <load_address>0x12a7d</load_address>
         <run_address>0x12a7d</run_address>
         <size>0x20a</size>
         <input_file_ref idref="fl-d3"/>
      </object_component>
      <object_component id="oc-234">
         <name>.debug_info</name>
         <load_address>0x12c87</load_address>
         <run_address>0x12c87</run_address>
         <size>0x2f9</size>
         <input_file_ref idref="fl-d3"/>
      </object_component>
      <object_component id="oc-23a">
         <name>.debug_info</name>
         <load_address>0x12f80</load_address>
         <run_address>0x12f80</run_address>
         <size>0x4a5</size>
         <input_file_ref idref="fl-d3"/>
      </object_component>
      <object_component id="oc-1af">
         <name>.debug_info</name>
         <load_address>0x13425</load_address>
         <run_address>0x13425</run_address>
         <size>0x5cd</size>
         <input_file_ref idref="fl-d3"/>
      </object_component>
      <object_component id="oc-252">
         <name>.debug_info</name>
         <load_address>0x139f2</load_address>
         <run_address>0x139f2</run_address>
         <size>0x86</size>
         <input_file_ref idref="fl-d3"/>
      </object_component>
      <object_component id="oc-301">
         <name>.debug_info</name>
         <load_address>0x13a78</load_address>
         <run_address>0x13a78</run_address>
         <size>0x39</size>
         <input_file_ref idref="fl-d3"/>
      </object_component>
      <object_component id="oc-360">
         <name>.debug_info</name>
         <load_address>0x13ab1</load_address>
         <run_address>0x13ab1</run_address>
         <size>0xb6</size>
         <input_file_ref idref="fl-d3"/>
      </object_component>
      <object_component id="oc-306">
         <name>.debug_info</name>
         <load_address>0x13b67</load_address>
         <run_address>0x13b67</run_address>
         <size>0x46</size>
         <input_file_ref idref="fl-d3"/>
      </object_component>
      <object_component id="oc-257">
         <name>.debug_info</name>
         <load_address>0x13bad</load_address>
         <run_address>0x13bad</run_address>
         <size>0x46</size>
         <input_file_ref idref="fl-d3"/>
      </object_component>
      <object_component id="oc-292">
         <name>.debug_info</name>
         <load_address>0x13bf3</load_address>
         <run_address>0x13bf3</run_address>
         <size>0x2ae</size>
         <input_file_ref idref="fl-d5"/>
      </object_component>
      <object_component id="oc-216">
         <name>.debug_info</name>
         <load_address>0x13ea1</load_address>
         <run_address>0x13ea1</run_address>
         <size>0x171</size>
         <input_file_ref idref="fl-d5"/>
      </object_component>
      <object_component id="oc-32d">
         <name>.debug_info</name>
         <load_address>0x14012</load_address>
         <run_address>0x14012</run_address>
         <size>0xee</size>
         <input_file_ref idref="fl-d6"/>
      </object_component>
      <object_component id="oc-28f">
         <name>.debug_info</name>
         <load_address>0x14100</load_address>
         <run_address>0x14100</run_address>
         <size>0xfa</size>
         <input_file_ref idref="fl-d6"/>
      </object_component>
      <object_component id="oc-25e">
         <name>.debug_info</name>
         <load_address>0x141fa</load_address>
         <run_address>0x141fa</run_address>
         <size>0x139</size>
         <input_file_ref idref="fl-d7"/>
      </object_component>
      <object_component id="oc-1b4">
         <name>.debug_info</name>
         <load_address>0x14333</load_address>
         <run_address>0x14333</run_address>
         <size>0xf7</size>
         <input_file_ref idref="fl-d7"/>
      </object_component>
      <object_component id="oc-3eb">
         <name>.debug_info</name>
         <load_address>0x1442a</load_address>
         <run_address>0x1442a</run_address>
         <size>0x184</size>
         <input_file_ref idref="fl-d7"/>
      </object_component>
      <object_component id="oc-328">
         <name>.debug_info</name>
         <load_address>0x145ae</load_address>
         <run_address>0x145ae</run_address>
         <size>0x378</size>
         <input_file_ref idref="fl-d8"/>
      </object_component>
      <object_component id="oc-268">
         <name>.debug_info</name>
         <load_address>0x14926</load_address>
         <run_address>0x14926</run_address>
         <size>0x1df</size>
         <input_file_ref idref="fl-d8"/>
      </object_component>
      <object_component id="oc-326">
         <name>.debug_info</name>
         <load_address>0x14b05</load_address>
         <run_address>0x14b05</run_address>
         <size>0x3f1</size>
         <input_file_ref idref="fl-d9"/>
      </object_component>
      <object_component id="oc-261">
         <name>.debug_info</name>
         <load_address>0x14ef6</load_address>
         <run_address>0x14ef6</run_address>
         <size>0x2d7</size>
         <input_file_ref idref="fl-d9"/>
      </object_component>
      <object_component id="oc-33b">
         <name>.debug_info</name>
         <load_address>0x151cd</load_address>
         <run_address>0x151cd</run_address>
         <size>0x290</size>
         <input_file_ref idref="fl-da"/>
      </object_component>
      <object_component id="oc-2b0">
         <name>.debug_info</name>
         <load_address>0x1545d</load_address>
         <run_address>0x1545d</run_address>
         <size>0x1c2</size>
         <input_file_ref idref="fl-da"/>
      </object_component>
      <object_component id="oc-2ed">
         <name>.debug_info</name>
         <load_address>0x1561f</load_address>
         <run_address>0x1561f</run_address>
         <size>0x28b</size>
         <input_file_ref idref="fl-db"/>
      </object_component>
      <object_component id="oc-23f">
         <name>.debug_info</name>
         <load_address>0x158aa</load_address>
         <run_address>0x158aa</run_address>
         <size>0x1ab</size>
         <input_file_ref idref="fl-db"/>
      </object_component>
      <object_component id="oc-374">
         <name>.debug_info</name>
         <load_address>0x15a55</load_address>
         <run_address>0x15a55</run_address>
         <size>0x29a</size>
         <input_file_ref idref="fl-dc"/>
      </object_component>
      <object_component id="oc-314">
         <name>.debug_info</name>
         <load_address>0x15cef</load_address>
         <run_address>0x15cef</run_address>
         <size>0x242</size>
         <input_file_ref idref="fl-dc"/>
      </object_component>
      <object_component id="oc-352">
         <name>.debug_info</name>
         <load_address>0x15f31</load_address>
         <run_address>0x15f31</run_address>
         <size>0x28f</size>
         <input_file_ref idref="fl-dd"/>
      </object_component>
      <object_component id="oc-2e8">
         <name>.debug_info</name>
         <load_address>0x161c0</load_address>
         <run_address>0x161c0</run_address>
         <size>0x247</size>
         <input_file_ref idref="fl-dd"/>
      </object_component>
      <object_component id="oc-28d">
         <name>.debug_info</name>
         <load_address>0x16407</load_address>
         <run_address>0x16407</run_address>
         <size>0x284</size>
         <input_file_ref idref="fl-de"/>
      </object_component>
      <object_component id="oc-210">
         <name>.debug_info</name>
         <load_address>0x1668b</load_address>
         <run_address>0x1668b</run_address>
         <size>0x22a</size>
         <input_file_ref idref="fl-de"/>
      </object_component>
      <object_component id="oc-37b">
         <name>.debug_info</name>
         <load_address>0x168b5</load_address>
         <run_address>0x168b5</run_address>
         <size>0x4c5</size>
         <input_file_ref idref="fl-df"/>
      </object_component>
      <object_component id="oc-3b9">
         <name>.debug_info</name>
         <load_address>0x16d7a</load_address>
         <run_address>0x16d7a</run_address>
         <size>0xf8</size>
         <input_file_ref idref="fl-df"/>
      </object_component>
      <object_component id="oc-378">
         <name>.debug_info</name>
         <load_address>0x16e72</load_address>
         <run_address>0x16e72</run_address>
         <size>0xf8</size>
         <input_file_ref idref="fl-df"/>
      </object_component>
      <object_component id="oc-320">
         <name>.debug_info</name>
         <load_address>0x16f6a</load_address>
         <run_address>0x16f6a</run_address>
         <size>0x184</size>
         <input_file_ref idref="fl-df"/>
      </object_component>
      <object_component id="oc-3bf">
         <name>.debug_info</name>
         <load_address>0x170ee</load_address>
         <run_address>0x170ee</run_address>
         <size>0x120</size>
         <input_file_ref idref="fl-df"/>
      </object_component>
      <object_component id="oc-3c4">
         <name>.debug_info</name>
         <load_address>0x1720e</load_address>
         <run_address>0x1720e</run_address>
         <size>0x2c</size>
         <input_file_ref idref="fl-df"/>
      </object_component>
      <object_component id="oc-2f9">
         <name>.debug_info</name>
         <load_address>0x1723a</load_address>
         <run_address>0x1723a</run_address>
         <size>0x27e</size>
         <input_file_ref idref="fl-e0"/>
      </object_component>
      <object_component id="oc-2f6">
         <name>.debug_info</name>
         <load_address>0x174b8</load_address>
         <run_address>0x174b8</run_address>
         <size>0x103</size>
         <input_file_ref idref="fl-e0"/>
      </object_component>
      <object_component id="oc-24c">
         <name>.debug_info</name>
         <load_address>0x175bb</load_address>
         <run_address>0x175bb</run_address>
         <size>0x143</size>
         <input_file_ref idref="fl-e0"/>
      </object_component>
      <object_component id="oc-343">
         <name>.debug_info</name>
         <load_address>0x176fe</load_address>
         <run_address>0x176fe</run_address>
         <size>0x28f</size>
         <input_file_ref idref="fl-e1"/>
      </object_component>
      <object_component id="oc-2da">
         <name>.debug_info</name>
         <load_address>0x1798d</load_address>
         <run_address>0x1798d</run_address>
         <size>0x18a</size>
         <input_file_ref idref="fl-e1"/>
      </object_component>
      <object_component id="oc-387">
         <name>.debug_info</name>
         <load_address>0x17b17</load_address>
         <run_address>0x17b17</run_address>
         <size>0x39</size>
         <input_file_ref idref="fl-e1"/>
      </object_component>
      <object_component id="oc-344">
         <name>.debug_info</name>
         <load_address>0x17b50</load_address>
         <run_address>0x17b50</run_address>
         <size>0x2c</size>
         <input_file_ref idref="fl-e1"/>
      </object_component>
      <object_component id="oc-350">
         <name>.debug_info</name>
         <load_address>0x17b7c</load_address>
[...]
         <value>0x35ff</value>
         <object_component_ref idref="oc-91"/>
      </symbol>
      <symbol id="sm-3a4">
         <name>memset</name>
         <value>0x3605</value>
         <object_component_ref idref="oc-91"/>
      </symbol>
      <symbol id="sm-3a5">
         <name>__aeabi_memset8</name>
         <value>0x35ff</value>
         <object_component_ref idref="oc-91"/>
      </symbol>
      <symbol id="sm-3a6">
         <name>__aeabi_memset4</name>
         <value>0x35ff</value>
         <object_component_ref idref="oc-91"/>
      </symbol>
      <symbol id="sm-3a7">
         <name>__aeabi_memclr8</name>
         <value>0x35fd</value>
         <object_component_ref idref="oc-91"/>
      </symbol>
      <symbol id="sm-3a8">
         <name>__aeabi_memclr4</name>
         <value>0x35fd</value>
         <object_component_ref idref="oc-91"/>
      </symbol>
      <symbol id="sm-3a9">
         <name>__aeabi_memclr</name>
         <value>0x35fd</value>
         <object_component_ref idref="oc-91"/>
      </symbol>
      <symbol id="sm-3d1">
         <name>__TI_auto_init_nobinit_nopinit</name>
         <value>0x3eb9</value>
         <object_component_ref idref="oc-119"/>
      </symbol>
      <symbol id="sm-3db">
         <name>_system_pre_init</name>
         <value>0x4395</value>
         <object_component_ref idref="oc-97"/>
      </symbol>
      <symbol id="sm-402">
         <name>C$$EXIT</name>
         <value>0x4399</value>
         <object_component_ref idref="oc-10d"/>
      </symbol>
      <symbol id="sm-403">
         <name>abort</name>
         <value>0x4399</value>
         <object_component_ref idref="oc-10d"/>
      </symbol>
      <symbol id="sm-404">
         <name>__TI_dtors_ptr</name>
         <value>0x200005cc</value>
         <object_component_ref idref="oc-18c"/>
      </symbol>
      <symbol id="sm-405">
         <name>__TI_cleanup_ptr</name>
         <value>0x200005c8</value>
         <object_component_ref idref="oc-18c"/>
      </symbol>
      <symbol id="sm-406">
         <name>__TI_enable_exit_profile_output</name>
         <value>0x200005d0</value>
         <object_component_ref idref="oc-18c"/>
      </symbol>
      <symbol id="sm-407">
         <name>exit</name>
         <value>0x3da1</value>
         <object_component_ref idref="oc-113"/>
      </symbol>
      <symbol id="sm-41c">
         <name>_nop</name>
         <value>0xb43</value>
         <object_component_ref idref="oc-1f0"/>
      </symbol>
      <symbol id="sm-41d">
         <name>_lock</name>
         <value>0x200005e0</value>
         <object_component_ref idref="oc-18f"/>
      </symbol>
      <symbol id="sm-41e">
         <name>_unlock</name>
         <value>0x200005e4</value>
         <object_component_ref idref="oc-18f"/>
      </symbol>
      <symbol id="sm-583">
         <name>__TI_printfi</name>
         <value>0xe5</value>
         <object_component_ref idref="oc-1ad"/>
      </symbol>
      <symbol id="sm-59a">
         <name>atoi</name>
         <value>0x3d55</value>
         <object_component_ref idref="oc-215"/>
      </symbol>
      <symbol id="sm-5a5">
         <name>_ctypes_</name>
         <value>0x439c</value>
         <object_component_ref idref="oc-28e"/>
      </symbol>
      <symbol id="sm-5ba">
         <name>__TI_tmpnams</name>
         <value>0x20000718</value>
      </symbol>
      <symbol id="sm-5bb">
         <name>__aeabi_stdout</name>
         <value>0x200005c0</value>
         <object_component_ref idref="oc-3ea"/>
      </symbol>
      <symbol id="sm-5bc">
         <name>__aeabi_stderr</name>
         <value>0x200005c4</value>
         <object_component_ref idref="oc-3ea"/>
      </symbol>
      <symbol id="sm-5bd">
         <name>__aeabi_stdin</name>
         <value>0x200005bc</value>
         <object_component_ref idref="oc-3ea"/>
      </symbol>
      <symbol id="sm-5be">
         <name>_ftable</name>
         <value>0x20000400</value>
         <object_component_ref idref="oc-1b3"/>
      </symbol>
      <symbol id="sm-5bf">
         <name>__TI_ft_end</name>
         <value>0x200005b8</value>
         <object_component_ref idref="oc-3ea"/>
      </symbol>
      <symbol id="sm-5d4">
         <name>putc</name>
         <value>0x3465</value>
         <object_component_ref idref="oc-267"/>
      </symbol>
      <symbol id="sm-5d5">
         <name>fputc</name>
         <value>0x3465</value>
         <object_component_ref idref="oc-267"/>
      </symbol>
      <symbol id="sm-5f3">
         <name>fputs</name>
         <value>0x2bdd</value>
         <object_component_ref idref="oc-260"/>
      </symbol>
      <symbol id="sm-602">
         <name>ltoa</name>
         <value>0x3c63</value>
         <object_component_ref idref="oc-2ae"/>
      </symbol>
      <symbol id="sm-612">
         <name>memccpy</name>
         <value>0x429d</value>
         <object_component_ref idref="oc-23e"/>
      </symbol>
      <symbol id="sm-622">
         <name>memchr</name>
         <value>0x427d</value>
         <object_component_ref idref="oc-313"/>
      </symbol>
      <symbol id="sm-632">
         <name>strchr</name>
         <value>0x42e9</value>
         <object_component_ref idref="oc-2e5"/>
      </symbol>
      <symbol id="sm-640">
         <name>strlen</name>
         <value>0x4327</value>
         <object_component_ref idref="oc-20f"/>
      </symbol>
      <symbol id="sm-666">
         <name>_stream</name>
         <value>0x20000568</value>
         <object_component_ref idref="oc-377"/>
      </symbol>
      <symbol id="sm-667">
         <name>_device</name>
         <value>0x200004f0</value>
         <object_component_ref idref="oc-3b8"/>
      </symbol>
      <symbol id="sm-668">
         <name>write</name>
         <value>0x4255</value>
         <object_component_ref idref="oc-31f"/>
      </symbol>
      <symbol id="sm-67e">
         <name>__aeabi_errno_addr</name>
         <value>0x4385</value>
         <object_component_ref idref="oc-24a"/>
      </symbol>
      <symbol id="sm-67f">
         <name>errno</name>
         <value>0x200005e8</value>
         <object_component_ref idref="oc-2f5"/>
      </symbol>
      <symbol id="sm-69f">
         <name>frexpl</name>
         <value>0x3975</value>
         <object_component_ref idref="oc-2d9"/>
      </symbol>
      <symbol id="sm-6a0">
         <name>frexp</name>
         <value>0x3975</value>
         <object_component_ref idref="oc-2d9"/>
      </symbol>
      <symbol id="sm-6bd">
         <name>scalbn</name>
         <value>0x2cf1</value>
         <object_component_ref idref="oc-2df"/>
      </symbol>
      <symbol id="sm-6be">
         <name>scalbnl</name>
         <value>0x2cf1</value>
         <object_component_ref idref="oc-2df"/>
      </symbol>
      <symbol id="sm-6bf">
         <name>ldexpl</name>
         <value>0x2cf1</value>
         <object_component_ref idref="oc-2df"/>
      </symbol>
      <symbol id="sm-6c0">
         <name>ldexp</name>
         <value>0x2cf1</value>
         <object_component_ref idref="oc-2df"/>
      </symbol>
      <symbol id="sm-6d9">
         <name>wcslen</name>
         <value>0x434d</value>
         <object_component_ref idref="oc-244"/>
      </symbol>
      <symbol id="sm-6e3">
         <name>copysign</name>
         <value>0x42ff</value>
         <object_component_ref idref="oc-349"/>
      </symbol>
      <symbol id="sm-6e4">
         <name>copysignl</name>
         <value>0x42ff</value>
         <object_component_ref idref="oc-349"/>
      </symbol>
      <symbol id="sm-6f1">
         <name>__aeabi_uldivmod</name>
         <value>0x33cf</value>
         <object_component_ref idref="oc-293"/>
      </symbol>
      <symbol id="sm-708">
         <name>__aeabi_dsub</name>
         <value>0x2529</value>
         <object_component_ref idref="oc-2b9"/>
      </symbol>
      <symbol id="sm-709">
         <name>__aeabi_dadd</name>
         <value>0x2533</value>
         <object_component_ref idref="oc-2b9"/>
      </symbol>
      <symbol id="sm-72b">
         <name>__aeabi_cdcmpeq</name>
         <value>0x34f1</value>
         <object_component_ref idref="oc-221"/>
      </symbol>
      <symbol id="sm-72c">
         <name>__aeabi_cdcmple</name>
         <value>0x34f1</value>
         <object_component_ref idref="oc-221"/>
      </symbol>
      <symbol id="sm-72d">
         <name>__aeabi_cdrcmple</name>
         <value>0x3577</value>
         <object_component_ref idref="oc-2a4"/>
      </symbol>
      <symbol id="sm-741">
         <name>__aeabi_ddiv</name>
         <value>0x2985</value>
         <object_component_ref idref="oc-29f"/>
      </symbol>
      <symbol id="sm-74c">
         <name>__aeabi_dmul</name>
         <value>0x2f09</value>
         <object_component_ref idref="oc-29a"/>
      </symbol>
      <symbol id="sm-756">
         <name>__aeabi_d2iz</name>
         <value>0x3de9</value>
         <object_component_ref idref="oc-2a9"/>
      </symbol>
      <symbol id="sm-760">
         <name>__aeabi_i2d</name>
         <value>0x41a9</value>
         <object_component_ref idref="oc-2b4"/>
      </symbol>
      <symbol id="sm-778">
         <name>__TI_wrt_ok</name>
         <value>0x3a3d</value>
         <object_component_ref idref="oc-30d"/>
      </symbol>
      <symbol id="sm-788">
         <name>__TI_doflush</name>
         <value>0x3d09</value>
         <object_component_ref idref="oc-319"/>
      </symbol>
      <symbol id="sm-79a">
         <name>fseek</name>
         <value>0x39d9</value>
         <object_component_ref idref="oc-365"/>
      </symbol>
      <symbol id="sm-7aa">
         <name>lseek</name>
         <value>0x4205</value>
         <object_component_ref idref="oc-391"/>
      </symbol>
      <symbol id="sm-7c6">
         <name>setvbuf</name>
         <value>0x3005</value>
         <object_component_ref idref="oc-36b"/>
      </symbol>
      <symbol id="sm-7d7">
         <name>HOSTclose</name>
         <value>0x3e31</value>
         <object_component_ref idref="oc-3f6"/>
      </symbol>
      <symbol id="sm-7e8">
         <name>HOSTlseek</name>
         <value>0x37d5</value>
         <object_component_ref idref="oc-408"/>
      </symbol>
      <symbol id="sm-7fa">
         <name>parmbuf</name>
         <value>0x200007b8</value>
      </symbol>
      <symbol id="sm-7fb">
         <name>HOSTopen</name>
         <value>0x3aa1</value>
         <object_component_ref idref="oc-3f0"/>
      </symbol>
      <symbol id="sm-80c">
         <name>HOSTread</name>
         <value>0x3b5d</value>
         <object_component_ref idref="oc-3fc"/>
      </symbol>
      <symbol id="sm-81d">
         <name>HOSTrename</name>
         <value>0x383d</value>
         <object_component_ref idref="oc-414"/>
      </symbol>
      <symbol id="sm-82e">
         <name>HOSTunlink</name>
         <value>0x3e75</value>
         <object_component_ref idref="oc-40e"/>
      </symbol>
      <symbol id="sm-83f">
         <name>HOSTwrite</name>
         <value>0x3bb5</value>
         <object_component_ref idref="oc-402"/>
      </symbol>
      <symbol id="sm-863">
         <name>__TI_readmsg</name>
         <value>0x4111</value>
         <object_component_ref idref="oc-43a"/>
      </symbol>
      <symbol id="sm-864">
         <name>C$$IO$$</name>
         <value>0x402b</value>
         <object_component_ref idref="oc-434"/>
      </symbol>
      <symbol id="sm-865">
         <name>__CIOBUF_</name>
         <value>0x200005f8</value>
         <object_component_ref idref="oc-462"/>
      </symbol>
      <symbol id="sm-866">
         <name>__TI_writemsg</name>
         <value>0x3ffd</value>
         <object_component_ref idref="oc-434"/>
      </symbol>
      <symbol id="sm-870">
         <name>__aeabi_idiv0</name>
         <value>0x12e7</value>
         <object_component_ref idref="oc-330"/>
      </symbol>
      <symbol id="sm-871">
         <name>__aeabi_ldiv0</name>
         <value>0x12e7</value>
         <object_component_ref idref="oc-330"/>
      </symbol>
      <symbol id="sm-8ec">
         <name>_sys_memory</name>
         <value>0x20000000</value>
         <object_component_ref idref="oc-29"/>
      </symbol>
      <symbol id="sm-8ed">
         <name>free</name>
         <value>0x30e1</value>
         <object_component_ref idref="oc-399"/>
      </symbol>
      <symbol id="sm-8ee">
         <name>malloc</name>
         <value>0x3679</value>
         <object_component_ref idref="oc-39f"/>
      </symbol>
      <symbol id="sm-8ef">
         <name>minit</name>
         <value>0x406d</value>
         <object_component_ref idref="oc-3cd"/>
      </symbol>
      <symbol id="sm-8ff">
         <name>__TI_cleanup</name>
         <value>0x40dd</value>
         <object_component_ref idref="oc-3a5"/>
      </symbol>
      <symbol id="sm-90e">
         <name>strcpy</name>
         <value>0x4313</value>
         <object_component_ref idref="oc-44e"/>
      </symbol>
      <symbol id="sm-923">
         <name>__TI_closefile</name>
         <value>0x36f1</value>
         <object_component_ref idref="oc-3e4"/>
      </symbol>
      <symbol id="sm-946">
         <name>finddevice</name>
         <value>0x4179</value>
         <object_component_ref idref="oc-47a"/>
      </symbol>
      <symbol id="sm-947">
         <name>getdevice</name>
         <value>0x3efd</value>
         <object_component_ref idref="oc-458"/>
      </symbol>
      <symbol id="sm-957">
         <name>strcmp</name>
         <value>0x42d1</value>
         <object_component_ref idref="oc-48f"/>
      </symbol>
      <symbol id="sm-967">
         <name>unlink</name>
         <value>0x41d9</value>
         <object_component_ref idref="oc-429"/>
      </symbol>
      <symbol id="sm-97b">
         <name>close</name>
         <value>0x3b01</value>
         <object_component_ref idref="oc-423"/>
      </symbol>
      <symbol id="sm-97c">
         <name>__TI_static_base__</name>
         <value>0x0</value>
      </symbol>
      <symbol id="sm-97f">
         <name>__mpu_init</name>
         <value>0x0</value>
      </symbol>
      <symbol id="sm-980">
         <name>_system_post_cinit</name>
         <value>0x0</value>
      </symbol>
      <symbol id="sm-981">
         <name>NMI_Handler</name>
         <value>0x4379</value>
      </symbol>
      <symbol id="sm-982">
         <name>HardFault_Handler</name>
         <value>0x4379</value>
      </symbol>
      <symbol id="sm-983">
         <name>MemManage_Handler</name>
         <value>0x4379</value>
      </symbol>
      <symbol id="sm-984">
         <name>BusFault_Handler</name>
         <value>0x4379</value>
      </symbol>
      <symbol id="sm-985">
         <name>UsageFault_Handler</name>
         <value>0x4379</value>
      </symbol>
      <symbol id="sm-986">
         <name>SVC_Handler</name>
         <value>0x4379</value>
      </symbol>
      <symbol id="sm-987">
         <name>DebugMon_Handler</name>
         <value>0x4379</value>
      </symbol>
      <symbol id="sm-988">
         <name>PendSV_Handler</name>
         <value>0x4379</value>
      </symbol>
      <symbol id="sm-989">
         <name>SysTick_Handler</name>
         <value>0x4379</value>
      </symbol>
      <symbol id="sm-98a">
         <name>PSS_IRQHandler</name>
         <value>0x4379</value>
      </symbol>
      <symbol id="sm-98b">
         <name>CS_IRQHandler</name>
         <value>0x4379</value>
      </symbol>
      <symbol id="sm-98c">
         <name>PCM_IRQHandler</name>
         <value>0x4379</value>
      </symbol>
      <symbol id="sm-98d">
         <name>WDT_A_IRQHandler</name>
         <value>0x4379</value>
      </symbol>
      <symbol id="sm-98e">
         <name>FPU_IRQHandler</name>
         <value>0x4379</value>
      </symbol>
      <symbol id="sm-98f">
         <name>FLCTL_IRQHandler</name>
         <value>0x4379</value>
      </symbol>
      <symbol id="sm-990">
         <name>COMP_E0_IRQHandler</name>
         <value>0x4379</value>
      </symbol>
      <symbol id="sm-991">
         <name>COMP_E1_IRQHandler</name>
         <value>0x4379</value>
      </symbol>
      <symbol id="sm-992">
         <name>TA0_0_IRQHandler</name>
         <value>0x4379</value>
      </symbol>
      <symbol id="sm-993">
         <name>TA0_N_IRQHandler</name>
         <value>0x4379</value>
      </symbol>
      <symbol id="sm-994">
         <name>TA1_0_IRQHandler</name>
         <value>0x4379</value>
      </symbol>
      <symbol id="sm-995">
         <name>TA1_N_IRQHandler</name>
         <value>0x4379</value>
      </symbol>
      <symbol id="sm-996">
         <name>TA2_0_IRQHandler</name>
         <value>0x4379</value>
      </symbol>
      <symbol id="sm-997">
         <name>TA2_N_IRQHandler</name>
         <value>0x4379</value>
      </symbol>
      <symbol id="sm-998">
         <name>TA3_0_IRQHandler</name>
         <value>0x4379</value>
      </symbol>
      <symbol id="sm-999">
         <name>TA3_N_IRQHandler</name>
         <value>0x4379</value>
      </symbol>
      <symbol id="sm-99a">
         <name>EUSCIA0_IRQHandler</name>
         <value>0x4379</value>
      </symbol>
      <symbol id="sm-99b">
         <name>EUSCIA1_IRQHandler</name>
         <value>0x4379</value>
      </symbol>
      <symbol id="sm-99c">
         <name>EUSCIA2_IRQHandler</name>
         <value>0x4379</value>
      </symbol>
      <symbol id="sm-99d">
         <name>EUSCIA3_IRQHandler</name>
         <value>0x4379</value>
      </symbol>
      <symbol id="sm-99e">
         <name>EUSCIB0_IRQHandler</name>
         <value>0x4379</value>
      </symbol>
      <symbol id="sm-99f">
         <name>EUSCIB1_IRQHandler</name>
         <value>0x4379</value>
      </symbol>
      <symbol id="sm-9a0">
         <name>EUSCIB2_IRQHandler</name>
         <value>0x4379</value>
      </symbol>
      <symbol id="sm-9a1">
         <name>EUSCIB3_IRQHandler</name>
         <value>0x4379</value>
      </symbol>
      <symbol id="sm-9a2">
         <name>ADC14_IRQHandler</name>
         <value>0x4379</value>
      </symbol>
      <symbol id="sm-9a3">
         <name>T32_INT1_IRQHandler</name>
         <value>0x4379</value>
      </symbol>
      <symbol id="sm-9a4">
         <name>T32_INT2_IRQHandler</name>
         <value>0x4379</value>
      </symbol>
      <symbol id="sm-9a5">
         <name>T32_INTC_IRQHandler</name>
         <value>0x4379</value>
      </symbol>
      <symbol id="sm-9a6">
         <name>AES256_IRQHandler</name>
         <value>0x4379</value>
      </symbol>
      <symbol id="sm-9a7">
         <name>RTC_C_IRQHandler</name>
         <value>0x4379</value>
      </symbol>
      <symbol id="sm-9a8">
         <name>DMA_ERR_IRQHandler</name>
         <value>0x4379</value>
      </symbol>
      <symbol id="sm-9a9">
         <name>DMA_INT3_IRQHandler</name>
         <value>0x4379</value>
      </symbol>
      <symbol id="sm-9aa">
         <name>DMA_INT2_IRQHandler</name>
         <value>0x4379</value>
      </symbol>
      <symbol id="sm-9ab">
         <name>DMA_INT1_IRQHandler</name>
         <value>0x4379</value>
      </symbol>
      <symbol id="sm-9ac">
         <name>DMA_INT0_IRQHandler</name>
         <value>0x4379</value>
      </symbol>
      <symbol id="sm-9ad">
         <name>PORT1_IRQHandler</name>
         <value>0x4379</value>
      </symbol>
      <symbol id="sm-9ae">
         <name>PORT2_IRQHandler</name>
         <value>0x4379</value>
      </symbol>
      <symbol id="sm-9af">
         <name>PORT3_IRQHandler</name>
         <value>0x16b1</value>
      </symbol>
      <symbol id="sm-9b0">
         <name>PORT4_IRQHandler</name>
         <value>0x4379</value>
      </symbol>
      <symbol id="sm-9b1">
         <name>PORT5_IRQHandler</name>
         <value>0x4379</value>
      </symbol>
      <symbol id="sm-9b2">
         <name>PORT6_IRQHandler</name>
         <value>0x4379</value>
      </symbol>
      <symbol id="sm-9b3">
         <name>remove</name>
         <value>0x41d9</value>
      </symbol>
   </symbol_table>
   <title>Link successful</title>
</link_info>
